[0.159s] DEBUG:colcon:Command line arguments: ['/usr/bin/colcon', 'build']
[0.159s] DEBUG:colcon:Parsed command line arguments: Namespace(log_base=None, log_level=None, verb_name='build', build_base='build', install_base='install', merge_install=False, symlink_install=False, test_result_base=None, continue_on_error=False, executor='parallel', parallel_workers=16, event_handlers=None, ignore_user_meta=False, metas=['./colcon.meta'], base_paths=['.'], packages_ignore=None, packages_ignore_regex=None, paths=None, packages_up_to=None, packages_up_to_regex=None, packages_above=None, packages_above_and_dependencies=None, packages_above_depth=None, packages_select_by_dep=None, packages_skip_by_dep=None, packages_skip_up_to=None, packages_select_build_failed=False, packages_skip_build_finished=False, packages_select_test_failures=False, packages_skip_test_passed=False, packages_select=None, packages_skip=None, packages_select_regex=None, packages_skip_regex=None, packages_start=None, packages_end=None, allow_overriding=[], cmake_args=None, cmake_target=None, cmake_target_skip_unavailable=False, cmake_clean_cache=False, cmake_clean_first=False, cmake_force_configure=False, ament_cmake_args=None, catkin_cmake_args=None, catkin_skip_building_tests=False, mixin_files=None, mixin=None, verb_parser=<colcon_mixin.mixin.mixin_argument.MixinArgumentDecorator object at 0x71f809895370>, verb_extension=<colcon_core.verb.build.BuildVerb object at 0x71f809894da0>, main=<bound method BuildVerb.main of <colcon_core.verb.build.BuildVerb object at 0x71f809894da0>>, mixin_verb=('build',))
[0.216s] Level 1:colcon.colcon_core.package_discovery:discover_packages(colcon_meta) check parameters
[0.216s] Level 1:colcon.colcon_core.package_discovery:discover_packages(recursive) check parameters
[0.216s] Level 1:colcon.colcon_core.package_discovery:discover_packages(ignore) check parameters
[0.216s] Level 1:colcon.colcon_core.package_discovery:discover_packages(path) check parameters
[0.216s] Level 1:colcon.colcon_core.package_discovery:discover_packages(colcon_meta) discover
[0.216s] Level 1:colcon.colcon_core.package_discovery:discover_packages(recursive) discover
[0.216s] INFO:colcon.colcon_core.package_discovery:Crawling recursively for packages in '/home/carlos/ros2_ws'
[0.217s] Level 1:colcon.colcon_core.package_identification:_identify(.) by extensions ['ignore', 'ignore_ament_install']
[0.217s] Level 1:colcon.colcon_core.package_identification:_identify(.) by extension 'ignore'
[0.217s] Level 1:colcon.colcon_core.package_identification:_identify(.) by extension 'ignore_ament_install'
[0.217s] Level 1:colcon.colcon_core.package_identification:_identify(.) by extensions ['colcon_pkg']
[0.217s] Level 1:colcon.colcon_core.package_identification:_identify(.) by extension 'colcon_pkg'
[0.217s] Level 1:colcon.colcon_core.package_identification:_identify(.) by extensions ['colcon_meta']
[0.217s] Level 1:colcon.colcon_core.package_identification:_identify(.) by extension 'colcon_meta'
[0.217s] Level 1:colcon.colcon_core.package_identification:_identify(.) by extensions ['ros']
[0.217s] Level 1:colcon.colcon_core.package_identification:_identify(.) by extension 'ros'
[0.252s] Level 1:colcon.colcon_core.package_identification:_identify(.) by extensions ['cmake', 'python']
[0.252s] Level 1:colcon.colcon_core.package_identification:_identify(.) by extension 'cmake'
[0.252s] Level 1:colcon.colcon_core.package_identification:_identify(.) by extension 'python'
[0.252s] Level 1:colcon.colcon_core.package_identification:_identify(.) by extensions ['python_setup_py']
[0.253s] Level 1:colcon.colcon_core.package_identification:_identify(.) by extension 'python_setup_py'
[0.253s] Level 1:colcon.colcon_core.package_identification:_identify(build) by extensions ['ignore', 'ignore_ament_install']
[0.253s] Level 1:colcon.colcon_core.package_identification:_identify(build) by extension 'ignore'
[0.253s] Level 1:colcon.colcon_core.package_identification:_identify(build) ignored
[0.253s] Level 1:colcon.colcon_core.package_identification:_identify(install) by extensions ['ignore', 'ignore_ament_install']
[0.253s] Level 1:colcon.colcon_core.package_identification:_identify(install) by extension 'ignore'
[0.253s] Level 1:colcon.colcon_core.package_identification:_identify(install) ignored
[0.253s] Level 1:colcon.colcon_core.package_identification:_identify(log) by extensions ['ignore', 'ignore_ament_install']
[0.254s] Level 1:colcon.colcon_core.package_identification:_identify(log) by extension 'ignore'
[0.254s] Level 1:colcon.colcon_core.package_identification:_identify(log) ignored
[0.254s] Level 1:colcon.colcon_core.package_identification:_identify(src) by extensions ['ignore', 'ignore_ament_install']
[0.254s] Level 1:colcon.colcon_core.package_identification:_identify(src) by extension 'ignore'
[0.254s] Level 1:colcon.colcon_core.package_identification:_identify(src) by extension 'ignore_ament_install'
[0.254s] Level 1:colcon.colcon_core.package_identification:_identify(src) by extensions ['colcon_pkg']
[0.254s] Level 1:colcon.colcon_core.package_identification:_identify(src) by extension 'colcon_pkg'
[0.254s] Level 1:colcon.colcon_core.package_identification:_identify(src) by extensions ['colcon_meta']
[0.254s] Level 1:colcon.colcon_core.package_identification:_identify(src) by extension 'colcon_meta'
[0.254s] Level 1:colcon.colcon_core.package_identification:_identify(src) by extensions ['ros']
[0.254s] Level 1:colcon.colcon_core.package_identification:_identify(src) by extension 'ros'
[0.254s] Level 1:colcon.colcon_core.package_identification:_identify(src) by extensions ['cmake', 'python']
[0.254s] Level 1:colcon.colcon_core.package_identification:_identify(src) by extension 'cmake'
[0.254s] Level 1:colcon.colcon_core.package_identification:_identify(src) by extension 'python'
[0.254s] Level 1:colcon.colcon_core.package_identification:_identify(src) by extensions ['python_setup_py']
[0.254s] Level 1:colcon.colcon_core.package_identification:_identify(src) by extension 'python_setup_py'
[0.255s] Level 1:colcon.colcon_core.package_identification:_identify(src/control) by extensions ['ignore', 'ignore_ament_install']
[0.255s] Level 1:colcon.colcon_core.package_identification:_identify(src/control) by extension 'ignore'
[0.255s] Level 1:colcon.colcon_core.package_identification:_identify(src/control) by extension 'ignore_ament_install'
[0.255s] Level 1:colcon.colcon_core.package_identification:_identify(src/control) by extensions ['colcon_pkg']
[0.255s] Level 1:colcon.colcon_core.package_identification:_identify(src/control) by extension 'colcon_pkg'
[0.255s] Level 1:colcon.colcon_core.package_identification:_identify(src/control) by extensions ['colcon_meta']
[0.255s] Level 1:colcon.colcon_core.package_identification:_identify(src/control) by extension 'colcon_meta'
[0.255s] Level 1:colcon.colcon_core.package_identification:_identify(src/control) by extensions ['ros']
[0.255s] Level 1:colcon.colcon_core.package_identification:_identify(src/control) by extension 'ros'
[0.259s] DEBUG:colcon.colcon_core.package_identification:Package 'src/control' with type 'ros.ament_cmake' and name 'control'
[0.259s] Level 1:colcon.colcon_core.package_identification:_identify(src/px4_msgs) by extensions ['ignore', 'ignore_ament_install']
[0.259s] Level 1:colcon.colcon_core.package_identification:_identify(src/px4_msgs) by extension 'ignore'
[0.259s] Level 1:colcon.colcon_core.package_identification:_identify(src/px4_msgs) by extension 'ignore_ament_install'
[0.259s] Level 1:colcon.colcon_core.package_identification:_identify(src/px4_msgs) by extensions ['colcon_pkg']
[0.259s] Level 1:colcon.colcon_core.package_identification:_identify(src/px4_msgs) by extension 'colcon_pkg'
[0.259s] Level 1:colcon.colcon_core.package_identification:_identify(src/px4_msgs) by extensions ['colcon_meta']
[0.259s] Level 1:colcon.colcon_core.package_identification:_identify(src/px4_msgs) by extension 'colcon_meta'
[0.259s] Level 1:colcon.colcon_core.package_identification:_identify(src/px4_msgs) by extensions ['ros']
[0.259s] Level 1:colcon.colcon_core.package_identification:_identify(src/px4_msgs) by extension 'ros'
[0.260s] DEBUG:colcon.colcon_core.package_identification:Package 'src/px4_msgs' with type 'ros.ament_cmake' and name 'px4_msgs'
[0.260s] Level 1:colcon.colcon_core.package_identification:_identify(src/px4_ros_com) by extensions ['ignore', 'ignore_ament_install']
[0.260s] Level 1:colcon.colcon_core.package_identification:_identify(src/px4_ros_com) by extension 'ignore'
[0.260s] Level 1:colcon.colcon_core.package_identification:_identify(src/px4_ros_com) by extension 'ignore_ament_install'
[0.260s] Level 1:colcon.colcon_core.package_identification:_identify(src/px4_ros_com) by extensions ['colcon_pkg']
[0.261s] Level 1:colcon.colcon_core.package_identification:_identify(src/px4_ros_com) by extension 'colcon_pkg'
[0.261s] Level 1:colcon.colcon_core.package_identification:_identify(src/px4_ros_com) by extensions ['colcon_meta']
[0.261s] Level 1:colcon.colcon_core.package_identification:_identify(src/px4_ros_com) by extension 'colcon_meta'
[0.261s] Level 1:colcon.colcon_core.package_identification:_identify(src/px4_ros_com) by extensions ['ros']
[0.261s] Level 1:colcon.colcon_core.package_identification:_identify(src/px4_ros_com) by extension 'ros'
[0.262s] DEBUG:colcon.colcon_core.package_identification:Package 'src/px4_ros_com' with type 'ros.ament_cmake' and name 'px4_ros_com'
[0.262s] Level 1:colcon.colcon_core.package_discovery:discover_packages(recursive) using defaults
[0.262s] Level 1:colcon.colcon_core.package_discovery:discover_packages(ignore) discover
[0.262s] Level 1:colcon.colcon_core.package_discovery:discover_packages(ignore) using defaults
[0.262s] Level 1:colcon.colcon_core.package_discovery:discover_packages(path) discover
[0.262s] Level 1:colcon.colcon_core.package_discovery:discover_packages(path) using defaults
[0.287s] Level 1:colcon.colcon_core.package_discovery:discover_packages(prefix_path) check parameters
[0.287s] Level 1:colcon.colcon_core.package_discovery:discover_packages(prefix_path) discover
[0.290s] DEBUG:colcon.colcon_installed_package_information.package_discovery:Found 3 installed packages in /home/carlos/ros2_ws/install
[0.292s] DEBUG:colcon.colcon_installed_package_information.package_discovery:Found 287 installed packages in /opt/ros/jazzy
[0.294s] Level 1:colcon.colcon_core.package_discovery:discover_packages(prefix_path) using defaults
[0.352s] Level 5:colcon.colcon_core.verb:set package 'px4_msgs' build argument 'cmake_args' from command line to 'None'
[0.352s] Level 5:colcon.colcon_core.verb:set package 'px4_msgs' build argument 'cmake_target' from command line to 'None'
[0.352s] Level 5:colcon.colcon_core.verb:set package 'px4_msgs' build argument 'cmake_target_skip_unavailable' from command line to 'False'
[0.352s] Level 5:colcon.colcon_core.verb:set package 'px4_msgs' build argument 'cmake_clean_cache' from command line to 'False'
[0.352s] Level 5:colcon.colcon_core.verb:set package 'px4_msgs' build argument 'cmake_clean_first' from command line to 'False'
[0.352s] Level 5:colcon.colcon_core.verb:set package 'px4_msgs' build argument 'cmake_force_configure' from command line to 'False'
[0.352s] Level 5:colcon.colcon_core.verb:set package 'px4_msgs' build argument 'ament_cmake_args' from command line to 'None'
[0.352s] Level 5:colcon.colcon_core.verb:set package 'px4_msgs' build argument 'catkin_cmake_args' from command line to 'None'
[0.352s] Level 5:colcon.colcon_core.verb:set package 'px4_msgs' build argument 'catkin_skip_building_tests' from command line to 'False'
[0.352s] DEBUG:colcon.colcon_core.verb:Building package 'px4_msgs' with the following arguments: {'ament_cmake_args': None, 'build_base': '/home/carlos/ros2_ws/build/px4_msgs', 'catkin_cmake_args': None, 'catkin_skip_building_tests': False, 'cmake_args': None, 'cmake_clean_cache': False, 'cmake_clean_first': False, 'cmake_force_configure': False, 'cmake_target': None, 'cmake_target_skip_unavailable': False, 'install_base': '/home/carlos/ros2_ws/install/px4_msgs', 'merge_install': False, 'path': '/home/carlos/ros2_ws/src/px4_msgs', 'symlink_install': False, 'test_result_base': None}
[0.353s] Level 5:colcon.colcon_core.verb:set package 'control' build argument 'cmake_args' from command line to 'None'
[0.353s] Level 5:colcon.colcon_core.verb:set package 'control' build argument 'cmake_target' from command line to 'None'
[0.353s] Level 5:colcon.colcon_core.verb:set package 'control' build argument 'cmake_target_skip_unavailable' from command line to 'False'
[0.353s] Level 5:colcon.colcon_core.verb:set package 'control' build argument 'cmake_clean_cache' from command line to 'False'
[0.353s] Level 5:colcon.colcon_core.verb:set package 'control' build argument 'cmake_clean_first' from command line to 'False'
[0.353s] Level 5:colcon.colcon_core.verb:set package 'control' build argument 'cmake_force_configure' from command line to 'False'
[0.353s] Level 5:colcon.colcon_core.verb:set package 'control' build argument 'ament_cmake_args' from command line to 'None'
[0.353s] Level 5:colcon.colcon_core.verb:set package 'control' build argument 'catkin_cmake_args' from command line to 'None'
[0.353s] Level 5:colcon.colcon_core.verb:set package 'control' build argument 'catkin_skip_building_tests' from command line to 'False'
[0.353s] DEBUG:colcon.colcon_core.verb:Building package 'control' with the following arguments: {'ament_cmake_args': None, 'build_base': '/home/carlos/ros2_ws/build/control', 'catkin_cmake_args': None, 'catkin_skip_building_tests': False, 'cmake_args': None, 'cmake_clean_cache': False, 'cmake_clean_first': False, 'cmake_force_configure': False, 'cmake_target': None, 'cmake_target_skip_unavailable': False, 'install_base': '/home/carlos/ros2_ws/install/control', 'merge_install': False, 'path': '/home/carlos/ros2_ws/src/control', 'symlink_install': False, 'test_result_base': None}
[0.353s] Level 5:colcon.colcon_core.verb:set package 'px4_ros_com' build argument 'cmake_args' from command line to 'None'
[0.353s] Level 5:colcon.colcon_core.verb:set package 'px4_ros_com' build argument 'cmake_target' from command line to 'None'
[0.353s] Level 5:colcon.colcon_core.verb:set package 'px4_ros_com' build argument 'cmake_target_skip_unavailable' from command line to 'False'
[0.353s] Level 5:colcon.colcon_core.verb:set package 'px4_ros_com' build argument 'cmake_clean_cache' from command line to 'False'
[0.353s] Level 5:colcon.colcon_core.verb:set package 'px4_ros_com' build argument 'cmake_clean_first' from command line to 'False'
[0.353s] Level 5:colcon.colcon_core.verb:set package 'px4_ros_com' build argument 'cmake_force_configure' from command line to 'False'
[0.353s] Level 5:colcon.colcon_core.verb:set package 'px4_ros_com' build argument 'ament_cmake_args' from command line to 'None'
[0.353s] Level 5:colcon.colcon_core.verb:set package 'px4_ros_com' build argument 'catkin_cmake_args' from command line to 'None'
[0.353s] Level 5:colcon.colcon_core.verb:set package 'px4_ros_com' build argument 'catkin_skip_building_tests' from command line to 'False'
[0.353s] DEBUG:colcon.colcon_core.verb:Building package 'px4_ros_com' with the following arguments: {'ament_cmake_args': None, 'build_base': '/home/carlos/ros2_ws/build/px4_ros_com', 'catkin_cmake_args': None, 'catkin_skip_building_tests': False, 'cmake_args': None, 'cmake_clean_cache': False, 'cmake_clean_first': False, 'cmake_force_configure': False, 'cmake_target': None, 'cmake_target_skip_unavailable': False, 'install_base': '/home/carlos/ros2_ws/install/px4_ros_com', 'merge_install': False, 'path': '/home/carlos/ros2_ws/src/px4_ros_com', 'symlink_install': False, 'test_result_base': None}
[0.354s] INFO:colcon.colcon_core.executor:Executing jobs using 'parallel' executor
[0.356s] DEBUG:colcon.colcon_parallel_executor.executor.parallel:run_until_complete
[0.356s] INFO:colcon.colcon_ros.task.ament_cmake.build:Building ROS package in '/home/carlos/ros2_ws/src/px4_msgs' with build type 'ament_cmake'
[0.356s] INFO:colcon.colcon_cmake.task.cmake.build:Building CMake package in '/home/carlos/ros2_ws/src/px4_msgs'
[0.359s] INFO:colcon.colcon_core.plugin_system:Skipping extension 'colcon_core.shell.bat': Not used on non-Windows systems
[0.359s] INFO:colcon.colcon_core.shell:Skip shell extension 'powershell' for command environment: Not usable outside of PowerShell
[0.359s] DEBUG:colcon.colcon_core.shell:Skip shell extension 'dsv' for command environment
[0.375s] DEBUG:colcon.colcon_core.event_handler.log_command:Invoking command in '/home/carlos/ros2_ws/build/px4_msgs': CMAKE_PREFIX_PATH=${CMAKE_PREFIX_PATH}:/opt/ros/jazzy DEBUGINFOD_URLS=https://debuginfod.ubuntu.com /usr/bin/cmake --build /home/carlos/ros2_ws/build/px4_msgs -- -j16 -l16
[2.827s] DEBUG:colcon.colcon_core.event_handler.log_command:Invoked command in '/home/carlos/ros2_ws/build/px4_msgs' returned '0': CMAKE_PREFIX_PATH=${CMAKE_PREFIX_PATH}:/opt/ros/jazzy DEBUGINFOD_URLS=https://debuginfod.ubuntu.com /usr/bin/cmake --build /home/carlos/ros2_ws/build/px4_msgs -- -j16 -l16
[2.839s] DEBUG:colcon.colcon_core.event_handler.log_command:Invoking command in '/home/carlos/ros2_ws/build/px4_msgs': CMAKE_PREFIX_PATH=${CMAKE_PREFIX_PATH}:/opt/ros/jazzy DEBUGINFOD_URLS=https://debuginfod.ubuntu.com /usr/bin/cmake --install /home/carlos/ros2_ws/build/px4_msgs
[3.321s] Level 1:colcon.colcon_core.environment:create_environment_scripts_only(px4_msgs)
[3.322s] DEBUG:colcon.colcon_core.event_handler.log_command:Invoked command in '/home/carlos/ros2_ws/build/px4_msgs' returned '0': CMAKE_PREFIX_PATH=${CMAKE_PREFIX_PATH}:/opt/ros/jazzy DEBUGINFOD_URLS=https://debuginfod.ubuntu.com /usr/bin/cmake --install /home/carlos/ros2_ws/build/px4_msgs
[3.323s] Level 1:colcon.colcon_core.environment:checking '/home/carlos/ros2_ws/install/px4_msgs' for CMake module files
[3.324s] Level 1:colcon.colcon_core.environment:checking '/home/carlos/ros2_ws/install/px4_msgs' for CMake config files
[3.342s] Level 1:colcon.colcon_core.shell:create_environment_hook('px4_msgs', 'cmake_prefix_path')
[3.342s] INFO:colcon.colcon_core.shell:Creating environment hook '/home/carlos/ros2_ws/install/px4_msgs/share/px4_msgs/hook/cmake_prefix_path.ps1'
[3.343s] INFO:colcon.colcon_core.shell:Creating environment descriptor '/home/carlos/ros2_ws/install/px4_msgs/share/px4_msgs/hook/cmake_prefix_path.dsv'
[3.344s] INFO:colcon.colcon_core.shell:Creating environment hook '/home/carlos/ros2_ws/install/px4_msgs/share/px4_msgs/hook/cmake_prefix_path.sh'
[3.344s] Level 1:colcon.colcon_core.environment:checking '/home/carlos/ros2_ws/install/px4_msgs/lib'
[3.345s] Level 1:colcon.colcon_core.shell:create_environment_hook('px4_msgs', 'ld_library_path_lib')
[3.345s] INFO:colcon.colcon_core.shell:Creating environment hook '/home/carlos/ros2_ws/install/px4_msgs/share/px4_msgs/hook/ld_library_path_lib.ps1'
[3.345s] INFO:colcon.colcon_core.shell:Creating environment descriptor '/home/carlos/ros2_ws/install/px4_msgs/share/px4_msgs/hook/ld_library_path_lib.dsv'
[3.346s] INFO:colcon.colcon_core.shell:Creating environment hook '/home/carlos/ros2_ws/install/px4_msgs/share/px4_msgs/hook/ld_library_path_lib.sh'
[3.346s] Level 1:colcon.colcon_core.environment:checking '/home/carlos/ros2_ws/install/px4_msgs/bin'
[3.346s] Level 1:colcon.colcon_core.environment:checking '/home/carlos/ros2_ws/install/px4_msgs/lib/pkgconfig/px4_msgs.pc'
[3.346s] Level 1:colcon.colcon_core.environment:checking '/home/carlos/ros2_ws/install/px4_msgs/lib/python3.12/site-packages'
[3.346s] Level 1:colcon.colcon_core.shell:create_environment_hook('px4_msgs', 'pythonpath')
[3.347s] INFO:colcon.colcon_core.shell:Creating environment hook '/home/carlos/ros2_ws/install/px4_msgs/share/px4_msgs/hook/pythonpath.ps1'
[3.347s] INFO:colcon.colcon_core.shell:Creating environment descriptor '/home/carlos/ros2_ws/install/px4_msgs/share/px4_msgs/hook/pythonpath.dsv'
[3.348s] INFO:colcon.colcon_core.shell:Creating environment hook '/home/carlos/ros2_ws/install/px4_msgs/share/px4_msgs/hook/pythonpath.sh'
[3.348s] Level 1:colcon.colcon_core.environment:checking '/home/carlos/ros2_ws/install/px4_msgs/bin'
[3.349s] INFO:colcon.colcon_core.shell:Creating package script '/home/carlos/ros2_ws/install/px4_msgs/share/px4_msgs/package.ps1'
[3.349s] INFO:colcon.colcon_core.shell:Creating package descriptor '/home/carlos/ros2_ws/install/px4_msgs/share/px4_msgs/package.dsv'
[3.349s] INFO:colcon.colcon_core.shell:Creating package script '/home/carlos/ros2_ws/install/px4_msgs/share/px4_msgs/package.sh'
[3.350s] INFO:colcon.colcon_core.shell:Creating package script '/home/carlos/ros2_ws/install/px4_msgs/share/px4_msgs/package.bash'
[3.351s] INFO:colcon.colcon_core.shell:Creating package script '/home/carlos/ros2_ws/install/px4_msgs/share/px4_msgs/package.zsh'
[3.351s] Level 1:colcon.colcon_core.environment:create_file_with_runtime_dependencies(/home/carlos/ros2_ws/install/px4_msgs/share/colcon-core/packages/px4_msgs)
[3.352s] Level 1:colcon.colcon_core.environment:create_environment_scripts_only(px4_msgs)
[3.352s] Level 1:colcon.colcon_core.environment:checking '/home/carlos/ros2_ws/install/px4_msgs' for CMake module files
[3.353s] Level 1:colcon.colcon_core.environment:checking '/home/carlos/ros2_ws/install/px4_msgs' for CMake config files
[3.371s] Level 1:colcon.colcon_core.shell:create_environment_hook('px4_msgs', 'cmake_prefix_path')
[3.371s] INFO:colcon.colcon_core.shell:Creating environment hook '/home/carlos/ros2_ws/install/px4_msgs/share/px4_msgs/hook/cmake_prefix_path.ps1'
[3.371s] INFO:colcon.colcon_core.shell:Creating environment descriptor '/home/carlos/ros2_ws/install/px4_msgs/share/px4_msgs/hook/cmake_prefix_path.dsv'
[3.372s] INFO:colcon.colcon_core.shell:Creating environment hook '/home/carlos/ros2_ws/install/px4_msgs/share/px4_msgs/hook/cmake_prefix_path.sh'
[3.373s] Level 1:colcon.colcon_core.environment:checking '/home/carlos/ros2_ws/install/px4_msgs/lib'
[3.373s] Level 1:colcon.colcon_core.shell:create_environment_hook('px4_msgs', 'ld_library_path_lib')
[3.373s] INFO:colcon.colcon_core.shell:Creating environment hook '/home/carlos/ros2_ws/install/px4_msgs/share/px4_msgs/hook/ld_library_path_lib.ps1'
[3.373s] INFO:colcon.colcon_core.shell:Creating environment descriptor '/home/carlos/ros2_ws/install/px4_msgs/share/px4_msgs/hook/ld_library_path_lib.dsv'
[3.374s] INFO:colcon.colcon_core.shell:Creating environment hook '/home/carlos/ros2_ws/install/px4_msgs/share/px4_msgs/hook/ld_library_path_lib.sh'
[3.375s] Level 1:colcon.colcon_core.environment:checking '/home/carlos/ros2_ws/install/px4_msgs/bin'
[3.375s] Level 1:colcon.colcon_core.environment:checking '/home/carlos/ros2_ws/install/px4_msgs/lib/pkgconfig/px4_msgs.pc'
[3.375s] Level 1:colcon.colcon_core.environment:checking '/home/carlos/ros2_ws/install/px4_msgs/lib/python3.12/site-packages'
[3.375s] Level 1:colcon.colcon_core.shell:create_environment_hook('px4_msgs', 'pythonpath')
[3.375s] INFO:colcon.colcon_core.shell:Creating environment hook '/home/carlos/ros2_ws/install/px4_msgs/share/px4_msgs/hook/pythonpath.ps1'
[3.376s] INFO:colcon.colcon_core.shell:Creating environment descriptor '/home/carlos/ros2_ws/install/px4_msgs/share/px4_msgs/hook/pythonpath.dsv'
[3.376s] INFO:colcon.colcon_core.shell:Creating environment hook '/home/carlos/ros2_ws/install/px4_msgs/share/px4_msgs/hook/pythonpath.sh'
[3.377s] Level 1:colcon.colcon_core.environment:checking '/home/carlos/ros2_ws/install/px4_msgs/bin'
[3.377s] INFO:colcon.colcon_core.shell:Creating package script '/home/carlos/ros2_ws/install/px4_msgs/share/px4_msgs/package.ps1'
[3.378s] INFO:colcon.colcon_core.shell:Creating package descriptor '/home/carlos/ros2_ws/install/px4_msgs/share/px4_msgs/package.dsv'
[3.379s] INFO:colcon.colcon_core.shell:Creating package script '/home/carlos/ros2_ws/install/px4_msgs/share/px4_msgs/package.sh'
[3.379s] INFO:colcon.colcon_core.shell:Creating package script '/home/carlos/ros2_ws/install/px4_msgs/share/px4_msgs/package.bash'
[3.380s] INFO:colcon.colcon_core.shell:Creating package script '/home/carlos/ros2_ws/install/px4_msgs/share/px4_msgs/package.zsh'
[3.381s] Level 1:colcon.colcon_core.environment:create_file_with_runtime_dependencies(/home/carlos/ros2_ws/install/px4_msgs/share/colcon-core/packages/px4_msgs)
[3.382s] INFO:colcon.colcon_ros.task.ament_cmake.build:Building ROS package in '/home/carlos/ros2_ws/src/control' with build type 'ament_cmake'
[3.382s] INFO:colcon.colcon_cmake.task.cmake.build:Building CMake package in '/home/carlos/ros2_ws/src/control'
[3.382s] INFO:colcon.colcon_core.shell:Skip shell extension 'powershell' for command environment: Not usable outside of PowerShell
[3.382s] DEBUG:colcon.colcon_core.shell:Skip shell extension 'dsv' for command environment
[3.387s] INFO:colcon.colcon_ros.task.ament_cmake.build:Building ROS package in '/home/carlos/ros2_ws/src/px4_ros_com' with build type 'ament_cmake'
[3.387s] INFO:colcon.colcon_cmake.task.cmake.build:Building CMake package in '/home/carlos/ros2_ws/src/px4_ros_com'
[3.387s] INFO:colcon.colcon_core.shell:Skip shell extension 'powershell' for command environment: Not usable outside of PowerShell
[3.387s] DEBUG:colcon.colcon_core.shell:Skip shell extension 'dsv' for command environment
[3.394s] DEBUG:colcon.colcon_core.event_handler.log_command:Invoking command in '/home/carlos/ros2_ws/build/control': CMAKE_PREFIX_PATH=/home/carlos/ros2_ws/install/px4_msgs:/home/carlos/ros2_ws/install/px4_ros_com:/home/carlos/ros2_ws/install/control:/opt/ros/jazzy/opt/gz_math_vendor:/opt/ros/jazzy/opt/gz_utils_vendor:/opt/ros/jazzy/opt/gz_cmake_vendor:/opt/ros/jazzy DEBUGINFOD_URLS=https://debuginfod.ubuntu.com LD_LIBRARY_PATH=/home/carlos/ros2_ws/install/px4_msgs/lib:/home/carlos/ros2_ws/install/px4_ros_com/lib:/opt/ros/jazzy/opt/zenoh_cpp_vendor/lib:/opt/ros/jazzy/opt/rviz_ogre_vendor/lib:/opt/ros/jazzy/lib/x86_64-linux-gnu:/opt/ros/jazzy/opt/gz_math_vendor/lib:/opt/ros/jazzy/opt/gz_utils_vendor/lib:/opt/ros/jazzy/opt/gz_cmake_vendor/lib:/opt/ros/jazzy/lib PYTHONPATH=/home/carlos/ros2_ws/install/px4_msgs/lib/python3.12/site-packages:/home/carlos/ros2_ws/install/px4_ros_com/lib/python3.12/site-packages:/opt/ros/jazzy/lib/python3.12/site-packages /usr/bin/cmake --build /home/carlos/ros2_ws/build/control -- -j16 -l16
[3.396s] DEBUG:colcon.colcon_core.event_handler.log_command:Invoking command in '/home/carlos/ros2_ws/build/px4_ros_com': CMAKE_PREFIX_PATH=/home/carlos/ros2_ws/install/px4_msgs:/home/carlos/ros2_ws/install/px4_ros_com:/home/carlos/ros2_ws/install/control:/opt/ros/jazzy/opt/gz_math_vendor:/opt/ros/jazzy/opt/gz_utils_vendor:/opt/ros/jazzy/opt/gz_cmake_vendor:/opt/ros/jazzy DEBUGINFOD_URLS=https://debuginfod.ubuntu.com LD_LIBRARY_PATH=/home/carlos/ros2_ws/install/px4_msgs/lib:/home/carlos/ros2_ws/install/px4_ros_com/lib:/opt/ros/jazzy/opt/zenoh_cpp_vendor/lib:/opt/ros/jazzy/opt/rviz_ogre_vendor/lib:/opt/ros/jazzy/lib/x86_64-linux-gnu:/opt/ros/jazzy/opt/gz_math_vendor/lib:/opt/ros/jazzy/opt/gz_utils_vendor/lib:/opt/ros/jazzy/opt/gz_cmake_vendor/lib:/opt/ros/jazzy/lib PYTHONPATH=/home/carlos/ros2_ws/install/px4_msgs/lib/python3.12/site-packages:/home/carlos/ros2_ws/install/px4_ros_com/lib/python3.12/site-packages:/opt/ros/jazzy/lib/python3.12/site-packages /usr/bin/cmake --build /home/carlos/ros2_ws/build/px4_ros_com -- -j16 -l16
[3.434s] DEBUG:colcon.colcon_core.event_handler.log_command:Invoked command in '/home/carlos/ros2_ws/build/control' returned '0': CMAKE_PREFIX_PATH=/home/carlos/ros2_ws/install/px4_msgs:/home/carlos/ros2_ws/install/px4_ros_com:/home/carlos/ros2_ws/install/control:/opt/ros/jazzy/opt/gz_math_vendor:/opt/ros/jazzy/opt/gz_utils_vendor:/opt/ros/jazzy/opt/gz_cmake_vendor:/opt/ros/jazzy DEBUGINFOD_URLS=https://debuginfod.ubuntu.com LD_LIBRARY_PATH=/home/carlos/ros2_ws/install/px4_msgs/lib:/home/carlos/ros2_ws/install/px4_ros_com/lib:/opt/ros/jazzy/opt/zenoh_cpp_vendor/lib:/opt/ros/jazzy/opt/rviz_ogre_vendor/lib:/opt/ros/jazzy/lib/x86_64-linux-gnu:/opt/ros/jazzy/opt/gz_math_vendor/lib:/opt/ros/jazzy/opt/gz_utils_vendor/lib:/opt/ros/jazzy/opt/gz_cmake_vendor/lib:/opt/ros/jazzy/lib PYTHONPATH=/home/carlos/ros2_ws/install/px4_msgs/lib/python3.12/site-packages:/home/carlos/ros2_ws/install/px4_ros_com/lib/python3.12/site-packages:/opt/ros/jazzy/lib/python3.12/site-packages /usr/bin/cmake --build /home/carlos/ros2_ws/build/control -- -j16 -l16
[3.435s] DEBUG:colcon.colcon_core.event_handler.log_command:Invoking command in '/home/carlos/ros2_ws/build/control': CMAKE_PREFIX_PATH=/home/carlos/ros2_ws/install/px4_msgs:/home/carlos/ros2_ws/install/px4_ros_com:/home/carlos/ros2_ws/install/control:/opt/ros/jazzy/opt/gz_math_vendor:/opt/ros/jazzy/opt/gz_utils_vendor:/opt/ros/jazzy/opt/gz_cmake_vendor:/opt/ros/jazzy DEBUGINFOD_URLS=https://debuginfod.ubuntu.com LD_LIBRARY_PATH=/home/carlos/ros2_ws/install/px4_msgs/lib:/home/carlos/ros2_ws/install/px4_ros_com/lib:/opt/ros/jazzy/opt/zenoh_cpp_vendor/lib:/opt/ros/jazzy/opt/rviz_ogre_vendor/lib:/opt/ros/jazzy/lib/x86_64-linux-gnu:/opt/ros/jazzy/opt/gz_math_vendor/lib:/opt/ros/jazzy/opt/gz_utils_vendor/lib:/opt/ros/jazzy/opt/gz_cmake_vendor/lib:/opt/ros/jazzy/lib PYTHONPATH=/home/carlos/ros2_ws/install/px4_msgs/lib/python3.12/site-packages:/home/carlos/ros2_ws/install/px4_ros_com/lib/python3.12/site-packages:/opt/ros/jazzy/lib/python3.12/site-packages /usr/bin/cmake --install /home/carlos/ros2_ws/build/control
[3.446s] Level 1:colcon.colcon_core.environment:create_environment_scripts_only(control)
[3.446s] Level 1:colcon.colcon_core.environment:checking '/home/carlos/ros2_ws/install/control' for CMake module files
[3.447s] DEBUG:colcon.colcon_core.event_handler.log_command:Invoked command in '/home/carlos/ros2_ws/build/control' returned '0': CMAKE_PREFIX_PATH=/home/carlos/ros2_ws/install/px4_msgs:/home/carlos/ros2_ws/install/px4_ros_com:/home/carlos/ros2_ws/install/control:/opt/ros/jazzy/opt/gz_math_vendor:/opt/ros/jazzy/opt/gz_utils_vendor:/opt/ros/jazzy/opt/gz_cmake_vendor:/opt/ros/jazzy DEBUGINFOD_URLS=https://debuginfod.ubuntu.com LD_LIBRARY_PATH=/home/carlos/ros2_ws/install/px4_msgs/lib:/home/carlos/ros2_ws/install/px4_ros_com/lib:/opt/ros/jazzy/opt/zenoh_cpp_vendor/lib:/opt/ros/jazzy/opt/rviz_ogre_vendor/lib:/opt/ros/jazzy/lib/x86_64-linux-gnu:/opt/ros/jazzy/opt/gz_math_vendor/lib:/opt/ros/jazzy/opt/gz_utils_vendor/lib:/opt/ros/jazzy/opt/gz_cmake_vendor/lib:/opt/ros/jazzy/lib PYTHONPATH=/home/carlos/ros2_ws/install/px4_msgs/lib/python3.12/site-packages:/home/carlos/ros2_ws/install/px4_ros_com/lib/python3.12/site-packages:/opt/ros/jazzy/lib/python3.12/site-packages /usr/bin/cmake --install /home/carlos/ros2_ws/build/control
[3.447s] Level 1:colcon.colcon_core.environment:checking '/home/carlos/ros2_ws/install/control' for CMake config files
[3.447s] Level 1:colcon.colcon_core.shell:create_environment_hook('control', 'cmake_prefix_path')
[3.448s] INFO:colcon.colcon_core.shell:Creating environment hook '/home/carlos/ros2_ws/install/control/share/control/hook/cmake_prefix_path.ps1'
[3.448s] INFO:colcon.colcon_core.shell:Creating environment descriptor '/home/carlos/ros2_ws/install/control/share/control/hook/cmake_prefix_path.dsv'
[3.449s] INFO:colcon.colcon_core.shell:Creating environment hook '/home/carlos/ros2_ws/install/control/share/control/hook/cmake_prefix_path.sh'
[3.449s] Level 1:colcon.colcon_core.environment:checking '/home/carlos/ros2_ws/install/control/lib'
[3.449s] Level 1:colcon.colcon_core.environment:checking '/home/carlos/ros2_ws/install/control/bin'
[3.450s] Level 1:colcon.colcon_core.environment:checking '/home/carlos/ros2_ws/install/control/lib/pkgconfig/control.pc'
[3.450s] Level 1:colcon.colcon_core.environment:checking '/home/carlos/ros2_ws/install/control/lib/python3.12/site-packages'
[3.450s] Level 1:colcon.colcon_core.environment:checking '/home/carlos/ros2_ws/install/control/bin'
[3.450s] INFO:colcon.colcon_core.shell:Creating package script '/home/carlos/ros2_ws/install/control/share/control/package.ps1'
[3.451s] INFO:colcon.colcon_core.shell:Creating package descriptor '/home/carlos/ros2_ws/install/control/share/control/package.dsv'
[3.451s] INFO:colcon.colcon_core.shell:Creating package script '/home/carlos/ros2_ws/install/control/share/control/package.sh'
[3.452s] INFO:colcon.colcon_core.shell:Creating package script '/home/carlos/ros2_ws/install/control/share/control/package.bash'
[3.452s] INFO:colcon.colcon_core.shell:Creating package script '/home/carlos/ros2_ws/install/control/share/control/package.zsh'
[3.453s] Level 1:colcon.colcon_core.environment:create_file_with_runtime_dependencies(/home/carlos/ros2_ws/install/control/share/colcon-core/packages/control)
[3.454s] Level 1:colcon.colcon_core.environment:create_environment_scripts_only(control)
[3.454s] Level 1:colcon.colcon_core.environment:checking '/home/carlos/ros2_ws/install/control' for CMake module files
[3.454s] Level 1:colcon.colcon_core.environment:checking '/home/carlos/ros2_ws/install/control' for CMake config files
[3.455s] Level 1:colcon.colcon_core.shell:create_environment_hook('control', 'cmake_prefix_path')
[3.455s] INFO:colcon.colcon_core.shell:Creating environment hook '/home/carlos/ros2_ws/install/control/share/control/hook/cmake_prefix_path.ps1'
[3.455s] INFO:colcon.colcon_core.shell:Creating environment descriptor '/home/carlos/ros2_ws/install/control/share/control/hook/cmake_prefix_path.dsv'
[3.456s] INFO:colcon.colcon_core.shell:Creating environment hook '/home/carlos/ros2_ws/install/control/share/control/hook/cmake_prefix_path.sh'
[3.456s] Level 1:colcon.colcon_core.environment:checking '/home/carlos/ros2_ws/install/control/lib'
[3.456s] Level 1:colcon.colcon_core.environment:checking '/home/carlos/ros2_ws/install/control/bin'
[3.456s] Level 1:colcon.colcon_core.environment:checking '/home/carlos/ros2_ws/install/control/lib/pkgconfig/control.pc'
[3.457s] Level 1:colcon.colcon_core.environment:checking '/home/carlos/ros2_ws/install/control/lib/python3.12/site-packages'
[3.457s] Level 1:colcon.colcon_core.environment:checking '/home/carlos/ros2_ws/install/control/bin'
[3.457s] INFO:colcon.colcon_core.shell:Creating package script '/home/carlos/ros2_ws/install/control/share/control/package.ps1'
[3.457s] INFO:colcon.colcon_core.shell:Creating package descriptor '/home/carlos/ros2_ws/install/control/share/control/package.dsv'
[3.458s] INFO:colcon.colcon_core.shell:Creating package script '/home/carlos/ros2_ws/install/control/share/control/package.sh'
[3.458s] INFO:colcon.colcon_core.shell:Creating package script '/home/carlos/ros2_ws/install/control/share/control/package.bash'
[3.459s] INFO:colcon.colcon_core.shell:Creating package script '/home/carlos/ros2_ws/install/control/share/control/package.zsh'
[3.460s] Level 1:colcon.colcon_core.environment:create_file_with_runtime_dependencies(/home/carlos/ros2_ws/install/control/share/colcon-core/packages/control)
[3.706s] DEBUG:colcon.colcon_core.event_handler.log_command:Invoked command in '/home/carlos/ros2_ws/build/px4_ros_com' returned '0': CMAKE_PREFIX_PATH=/home/carlos/ros2_ws/install/px4_msgs:/home/carlos/ros2_ws/install/px4_ros_com:/home/carlos/ros2_ws/install/control:/opt/ros/jazzy/opt/gz_math_vendor:/opt/ros/jazzy/opt/gz_utils_vendor:/opt/ros/jazzy/opt/gz_cmake_vendor:/opt/ros/jazzy DEBUGINFOD_URLS=https://debuginfod.ubuntu.com LD_LIBRARY_PATH=/home/carlos/ros2_ws/install/px4_msgs/lib:/home/carlos/ros2_ws/install/px4_ros_com/lib:/opt/ros/jazzy/opt/zenoh_cpp_vendor/lib:/opt/ros/jazzy/opt/rviz_ogre_vendor/lib:/opt/ros/jazzy/lib/x86_64-linux-gnu:/opt/ros/jazzy/opt/gz_math_vendor/lib:/opt/ros/jazzy/opt/gz_utils_vendor/lib:/opt/ros/jazzy/opt/gz_cmake_vendor/lib:/opt/ros/jazzy/lib PYTHONPATH=/home/carlos/ros2_ws/install/px4_msgs/lib/python3.12/site-packages:/home/carlos/ros2_ws/install/px4_ros_com/lib/python3.12/site-packages:/opt/ros/jazzy/lib/python3.12/site-packages /usr/bin/cmake --build /home/carlos/ros2_ws/build/px4_ros_com -- -j16 -l16
[3.707s] DEBUG:colcon.colcon_core.event_handler.log_command:Invoking command in '/home/carlos/ros2_ws/build/px4_ros_com': CMAKE_PREFIX_PATH=/home/carlos/ros2_ws/install/px4_msgs:/home/carlos/ros2_ws/install/px4_ros_com:/home/carlos/ros2_ws/install/control:/opt/ros/jazzy/opt/gz_math_vendor:/opt/ros/jazzy/opt/gz_utils_vendor:/opt/ros/jazzy/opt/gz_cmake_vendor:/opt/ros/jazzy DEBUGINFOD_URLS=https://debuginfod.ubuntu.com LD_LIBRARY_PATH=/home/carlos/ros2_ws/install/px4_msgs/lib:/home/carlos/ros2_ws/install/px4_ros_com/lib:/opt/ros/jazzy/opt/zenoh_cpp_vendor/lib:/opt/ros/jazzy/opt/rviz_ogre_vendor/lib:/opt/ros/jazzy/lib/x86_64-linux-gnu:/opt/ros/jazzy/opt/gz_math_vendor/lib:/opt/ros/jazzy/opt/gz_utils_vendor/lib:/opt/ros/jazzy/opt/gz_cmake_vendor/lib:/opt/ros/jazzy/lib PYTHONPATH=/home/carlos/ros2_ws/install/px4_msgs/lib/python3.12/site-packages:/home/carlos/ros2_ws/install/px4_ros_com/lib/python3.12/site-packages:/opt/ros/jazzy/lib/python3.12/site-packages /usr/bin/cmake --install /home/carlos/ros2_ws/build/px4_ros_com
[3.757s] Level 1:colcon.colcon_core.environment:create_environment_scripts_only(px4_ros_com)
[3.757s] Level 1:colcon.colcon_core.environment:checking '/home/carlos/ros2_ws/install/px4_ros_com' for CMake module files
[3.758s] DEBUG:colcon.colcon_core.event_handler.log_command:Invoked command in '/home/carlos/ros2_ws/build/px4_ros_com' returned '0': CMAKE_PREFIX_PATH=/home/carlos/ros2_ws/install/px4_msgs:/home/carlos/ros2_ws/install/px4_ros_com:/home/carlos/ros2_ws/install/control:/opt/ros/jazzy/opt/gz_math_vendor:/opt/ros/jazzy/opt/gz_utils_vendor:/opt/ros/jazzy/opt/gz_cmake_vendor:/opt/ros/jazzy DEBUGINFOD_URLS=https://debuginfod.ubuntu.com LD_LIBRARY_PATH=/home/carlos/ros2_ws/install/px4_msgs/lib:/home/carlos/ros2_ws/install/px4_ros_com/lib:/opt/ros/jazzy/opt/zenoh_cpp_vendor/lib:/opt/ros/jazzy/opt/rviz_ogre_vendor/lib:/opt/ros/jazzy/lib/x86_64-linux-gnu:/opt/ros/jazzy/opt/gz_math_vendor/lib:/opt/ros/jazzy/opt/gz_utils_vendor/lib:/opt/ros/jazzy/opt/gz_cmake_vendor/lib:/opt/ros/jazzy/lib PYTHONPATH=/home/carlos/ros2_ws/install/px4_msgs/lib/python3.12/site-packages:/home/carlos/ros2_ws/install/px4_ros_com/lib/python3.12/site-packages:/opt/ros/jazzy/lib/python3.12/site-packages /usr/bin/cmake --install /home/carlos/ros2_ws/build/px4_ros_com
[3.758s] Level 1:colcon.colcon_core.environment:checking '/home/carlos/ros2_ws/install/px4_ros_com' for CMake config files
[3.758s] Level 1:colcon.colcon_core.shell:create_environment_hook('px4_ros_com', 'cmake_prefix_path')
[3.759s] INFO:colcon.colcon_core.shell:Creating environment hook '/home/carlos/ros2_ws/install/px4_ros_com/share/px4_ros_com/hook/cmake_prefix_path.ps1'
[3.759s] INFO:colcon.colcon_core.shell:Creating environment descriptor '/home/carlos/ros2_ws/install/px4_ros_com/share/px4_ros_com/hook/cmake_prefix_path.dsv'
[3.760s] INFO:colcon.colcon_core.shell:Creating environment hook '/home/carlos/ros2_ws/install/px4_ros_com/share/px4_ros_com/hook/cmake_prefix_path.sh'
[3.760s] Level 1:colcon.colcon_core.environment:checking '/home/carlos/ros2_ws/install/px4_ros_com/lib'
[3.760s] Level 1:colcon.colcon_core.shell:create_environment_hook('px4_ros_com', 'ld_library_path_lib')
[3.760s] INFO:colcon.colcon_core.shell:Creating environment hook '/home/carlos/ros2_ws/install/px4_ros_com/share/px4_ros_com/hook/ld_library_path_lib.ps1'
[3.761s] INFO:colcon.colcon_core.shell:Creating environment descriptor '/home/carlos/ros2_ws/install/px4_ros_com/share/px4_ros_com/hook/ld_library_path_lib.dsv'
[3.762s] INFO:colcon.colcon_core.shell:Creating environment hook '/home/carlos/ros2_ws/install/px4_ros_com/share/px4_ros_com/hook/ld_library_path_lib.sh'
[3.762s] Level 1:colcon.colcon_core.environment:checking '/home/carlos/ros2_ws/install/px4_ros_com/bin'
[3.762s] Level 1:colcon.colcon_core.environment:checking '/home/carlos/ros2_ws/install/px4_ros_com/lib/pkgconfig/px4_ros_com.pc'
[3.763s] Level 1:colcon.colcon_core.environment:checking '/home/carlos/ros2_ws/install/px4_ros_com/lib/python3.12/site-packages'
[3.763s] Level 1:colcon.colcon_core.shell:create_environment_hook('px4_ros_com', 'pythonpath')
[3.763s] INFO:colcon.colcon_core.shell:Creating environment hook '/home/carlos/ros2_ws/install/px4_ros_com/share/px4_ros_com/hook/pythonpath.ps1'
[3.763s] INFO:colcon.colcon_core.shell:Creating environment descriptor '/home/carlos/ros2_ws/install/px4_ros_com/share/px4_ros_com/hook/pythonpath.dsv'
[3.764s] INFO:colcon.colcon_core.shell:Creating environment hook '/home/carlos/ros2_ws/install/px4_ros_com/share/px4_ros_com/hook/pythonpath.sh'
[3.765s] Level 1:colcon.colcon_core.environment:checking '/home/carlos/ros2_ws/install/px4_ros_com/bin'
[3.765s] INFO:colcon.colcon_core.shell:Creating package script '/home/carlos/ros2_ws/install/px4_ros_com/share/px4_ros_com/package.ps1'
[3.766s] INFO:colcon.colcon_core.shell:Creating package descriptor '/home/carlos/ros2_ws/install/px4_ros_com/share/px4_ros_com/package.dsv'
[3.766s] INFO:colcon.colcon_core.shell:Creating package script '/home/carlos/ros2_ws/install/px4_ros_com/share/px4_ros_com/package.sh'
[3.767s] INFO:colcon.colcon_core.shell:Creating package script '/home/carlos/ros2_ws/install/px4_ros_com/share/px4_ros_com/package.bash'
[3.767s] INFO:colcon.colcon_core.shell:Creating package script '/home/carlos/ros2_ws/install/px4_ros_com/share/px4_ros_com/package.zsh'
[3.768s] Level 1:colcon.colcon_core.environment:create_file_with_runtime_dependencies(/home/carlos/ros2_ws/install/px4_ros_com/share/colcon-core/packages/px4_ros_com)
[3.769s] Level 1:colcon.colcon_core.environment:create_environment_scripts_only(px4_ros_com)
[3.769s] Level 1:colcon.colcon_core.environment:checking '/home/carlos/ros2_ws/install/px4_ros_com' for CMake module files
[3.769s] Level 1:colcon.colcon_core.environment:checking '/home/carlos/ros2_ws/install/px4_ros_com' for CMake config files
[3.770s] Level 1:colcon.colcon_core.shell:create_environment_hook('px4_ros_com', 'cmake_prefix_path')
[3.770s] INFO:colcon.colcon_core.shell:Creating environment hook '/home/carlos/ros2_ws/install/px4_ros_com/share/px4_ros_com/hook/cmake_prefix_path.ps1'
[3.770s] INFO:colcon.colcon_core.shell:Creating environment descriptor '/home/carlos/ros2_ws/install/px4_ros_com/share/px4_ros_com/hook/cmake_prefix_path.dsv'
[3.771s] INFO:colcon.colcon_core.shell:Creating environment hook '/home/carlos/ros2_ws/install/px4_ros_com/share/px4_ros_com/hook/cmake_prefix_path.sh'
[3.772s] Level 1:colcon.colcon_core.environment:checking '/home/carlos/ros2_ws/install/px4_ros_com/lib'
[3.772s] Level 1:colcon.colcon_core.shell:create_environment_hook('px4_ros_com', 'ld_library_path_lib')
[3.772s] INFO:colcon.colcon_core.shell:Creating environment hook '/home/carlos/ros2_ws/install/px4_ros_com/share/px4_ros_com/hook/ld_library_path_lib.ps1'
[3.772s] INFO:colcon.colcon_core.shell:Creating environment descriptor '/home/carlos/ros2_ws/install/px4_ros_com/share/px4_ros_com/hook/ld_library_path_lib.dsv'
[3.773s] INFO:colcon.colcon_core.shell:Creating environment hook '/home/carlos/ros2_ws/install/px4_ros_com/share/px4_ros_com/hook/ld_library_path_lib.sh'
[3.773s] Level 1:colcon.colcon_core.environment:checking '/home/carlos/ros2_ws/install/px4_ros_com/bin'
[3.773s] Level 1:colcon.colcon_core.environment:checking '/home/carlos/ros2_ws/install/px4_ros_com/lib/pkgconfig/px4_ros_com.pc'
[3.773s] Level 1:colcon.colcon_core.environment:checking '/home/carlos/ros2_ws/install/px4_ros_com/lib/python3.12/site-packages'
[3.774s] Level 1:colcon.colcon_core.shell:create_environment_hook('px4_ros_com', 'pythonpath')
[3.774s] INFO:colcon.colcon_core.shell:Creating environment hook '/home/carlos/ros2_ws/install/px4_ros_com/share/px4_ros_com/hook/pythonpath.ps1'
[3.777s] INFO:colcon.colcon_core.shell:Creating environment descriptor '/home/carlos/ros2_ws/install/px4_ros_com/share/px4_ros_com/hook/pythonpath.dsv'
[3.778s] INFO:colcon.colcon_core.shell:Creating environment hook '/home/carlos/ros2_ws/install/px4_ros_com/share/px4_ros_com/hook/pythonpath.sh'
[3.779s] Level 1:colcon.colcon_core.environment:checking '/home/carlos/ros2_ws/install/px4_ros_com/bin'
[3.779s] INFO:colcon.colcon_core.shell:Creating package script '/home/carlos/ros2_ws/install/px4_ros_com/share/px4_ros_com/package.ps1'
[3.780s] INFO:colcon.colcon_core.shell:Creating package descriptor '/home/carlos/ros2_ws/install/px4_ros_com/share/px4_ros_com/package.dsv'
[3.780s] INFO:colcon.colcon_core.shell:Creating package script '/home/carlos/ros2_ws/install/px4_ros_com/share/px4_ros_com/package.sh'
[3.781s] INFO:colcon.colcon_core.shell:Creating package script '/home/carlos/ros2_ws/install/px4_ros_com/share/px4_ros_com/package.bash'
[3.782s] INFO:colcon.colcon_core.shell:Creating package script '/home/carlos/ros2_ws/install/px4_ros_com/share/px4_ros_com/package.zsh'
[3.782s] Level 1:colcon.colcon_core.environment:create_file_with_runtime_dependencies(/home/carlos/ros2_ws/install/px4_ros_com/share/colcon-core/packages/px4_ros_com)
[3.783s] DEBUG:colcon.colcon_parallel_executor.executor.parallel:closing loop
[3.783s] DEBUG:colcon.colcon_parallel_executor.executor.parallel:loop closed
[3.783s] DEBUG:colcon.colcon_parallel_executor.executor.parallel:run_until_complete finished with '0'
[3.783s] DEBUG:colcon.colcon_core.event_reactor:joining thread
[3.789s] INFO:colcon.colcon_core.plugin_system:Skipping extension 'colcon_notification.desktop_notification.terminal_notifier': Not used on non-Darwin systems
[3.789s] INFO:colcon.colcon_core.plugin_system:Skipping extension 'colcon_notification.desktop_notification.win32': Not used on non-Windows systems
[3.789s] INFO:colcon.colcon_notification.desktop_notification:Sending desktop notification using 'notify2'
[3.800s] DEBUG:colcon.colcon_core.event_reactor:joined thread
[3.800s] INFO:colcon.colcon_core.shell:Creating prefix script '/home/carlos/ros2_ws/install/local_setup.ps1'
[3.801s] INFO:colcon.colcon_core.shell:Creating prefix util module '/home/carlos/ros2_ws/install/_local_setup_util_ps1.py'
[3.802s] INFO:colcon.colcon_core.shell:Creating prefix chain script '/home/carlos/ros2_ws/install/setup.ps1'
[3.803s] INFO:colcon.colcon_core.shell:Creating prefix script '/home/carlos/ros2_ws/install/local_setup.sh'
[3.804s] INFO:colcon.colcon_core.shell:Creating prefix util module '/home/carlos/ros2_ws/install/_local_setup_util_sh.py'
[3.805s] INFO:colcon.colcon_core.shell:Creating prefix chain script '/home/carlos/ros2_ws/install/setup.sh'
[3.805s] INFO:colcon.colcon_core.shell:Creating prefix script '/home/carlos/ros2_ws/install/local_setup.bash'
[3.806s] INFO:colcon.colcon_core.shell:Creating prefix chain script '/home/carlos/ros2_ws/install/setup.bash'
[3.807s] INFO:colcon.colcon_core.shell:Creating prefix script '/home/carlos/ros2_ws/install/local_setup.zsh'
[3.807s] INFO:colcon.colcon_core.shell:Creating prefix chain script '/home/carlos/ros2_ws/install/setup.zsh'
