[0.008s] Invoking command in '/home/carlos/ros2_ws/build/control': AMENT_PREFIX_PATH=/home/carlos/ros2_ws/install/px4_msgs:${AMENT_PREFIX_PATH} CMAKE_PREFIX_PATH=/home/carlos/ros2_ws/install/px4_msgs:/opt/ros/jazzy/opt/gz_math_vendor:/opt/ros/jazzy/opt/gz_utils_vendor:/opt/ros/jazzy/opt/gz_cmake_vendor:/opt/ros/jazzy DEBUGINFOD_URLS=https://debuginfod.ubuntu.com LD_LIBRARY_PATH=/home/carlos/ros2_ws/install/px4_msgs/lib:${LD_LIBRARY_PATH} PYTHONPATH=/home/carlos/ros2_ws/install/px4_msgs/lib/python3.12/site-packages:${PYTHONPATH} /usr/bin/cmake --build /home/carlos/ros2_ws/build/control -- -j16 -l16
[0.050s] Invoked command in '/home/carlos/ros2_ws/build/control' returned '0': AMENT_PREFIX_PATH=/home/carlos/ros2_ws/install/px4_msgs:${AMENT_PREFIX_PATH} CMAKE_PREFIX_PATH=/home/carlos/ros2_ws/install/px4_msgs:/opt/ros/jazzy/opt/gz_math_vendor:/opt/ros/jazzy/opt/gz_utils_vendor:/opt/ros/jazzy/opt/gz_cmake_vendor:/opt/ros/jazzy DEBUGINFOD_URLS=https://debuginfod.ubuntu.com LD_LIBRARY_PATH=/home/carlos/ros2_ws/install/px4_msgs/lib:${LD_LIBRARY_PATH} PYTHONPATH=/home/carlos/ros2_ws/install/px4_msgs/lib/python3.12/site-packages:${PYTHONPATH} /usr/bin/cmake --build /home/carlos/ros2_ws/build/control -- -j16 -l16
[0.051s] Invoking command in '/home/carlos/ros2_ws/build/control': AMENT_PREFIX_PATH=/home/carlos/ros2_ws/install/px4_msgs:${AMENT_PREFIX_PATH} CMAKE_PREFIX_PATH=/home/carlos/ros2_ws/install/px4_msgs:/opt/ros/jazzy/opt/gz_math_vendor:/opt/ros/jazzy/opt/gz_utils_vendor:/opt/ros/jazzy/opt/gz_cmake_vendor:/opt/ros/jazzy DEBUGINFOD_URLS=https://debuginfod.ubuntu.com LD_LIBRARY_PATH=/home/carlos/ros2_ws/install/px4_msgs/lib:${LD_LIBRARY_PATH} PYTHONPATH=/home/carlos/ros2_ws/install/px4_msgs/lib/python3.12/site-packages:${PYTHONPATH} /usr/bin/cmake --install /home/carlos/ros2_ws/build/control
[0.060s] -- Install configuration: ""
[0.060s] -- Up-to-date: /home/carlos/ros2_ws/install/control/lib/control/position_controller.py
[0.060s] -- Up-to-date: /home/carlos/ros2_ws/install/control/lib/control/field.py
[0.060s] -- Up-to-date: /home/carlos/ros2_ws/install/control/lib/control/rover_monitor.py
[0.060s] -- Up-to-date: /home/carlos/ros2_ws/install/control/lib/control/temp_query.py
[0.060s] -- Up-to-date: /home/carlos/ros2_ws/install/control/share/control//launch
[0.060s] -- Up-to-date: /home/carlos/ros2_ws/install/control/share/control//launch/rover_bringup.launch.py
[0.060s] -- Up-to-date: /home/carlos/ros2_ws/install/control/share/control//config
[0.060s] -- Up-to-date: /home/carlos/ros2_ws/install/control/share/control//config/rover_viz.rviz
[0.060s] -- Up-to-date: /home/carlos/ros2_ws/install/control/share/control//urdf
[0.061s] -- Installing: /home/carlos/ros2_ws/install/control/share/control//urdf/meshes
[0.061s] -- Installing: /home/carlos/ros2_ws/install/control/share/control//urdf/meshes/wheel_link.STL
[0.061s] -- Installing: /home/carlos/ros2_ws/install/control/share/control//urdf/meshes/chassis_link.STL
[0.061s] -- Installing: /home/carlos/ros2_ws/install/control/share/control//urdf/meshes/top_link.STL
[0.061s] -- Installing: /home/carlos/ros2_ws/install/control/share/control//urdf/meshes/battery_link.STL
[0.061s] -- Installing: /home/carlos/ros2_ws/install/control/share/control//urdf/meshes/antenna_link.STL
[0.061s] -- Installing: /home/carlos/ros2_ws/install/control/share/control//urdf/meshes/housing_link.STL
[0.062s] -- Installing: /home/carlos/ros2_ws/install/control/share/control//urdf/meshes/wheel_link_simple.STL
[0.062s] -- Up-to-date: /home/carlos/ros2_ws/install/control/share/control//urdf/r1_rover.urdf
[0.062s] -- Up-to-date: /home/carlos/ros2_ws/install/control/share/ament_index/resource_index/package_run_dependencies/control
[0.062s] -- Up-to-date: /home/carlos/ros2_ws/install/control/share/ament_index/resource_index/parent_prefix_path/control
[0.062s] -- Up-to-date: /home/carlos/ros2_ws/install/control/share/control/environment/ament_prefix_path.sh
[0.062s] -- Up-to-date: /home/carlos/ros2_ws/install/control/share/control/environment/ament_prefix_path.dsv
[0.063s] -- Up-to-date: /home/carlos/ros2_ws/install/control/share/control/environment/path.sh
[0.063s] -- Up-to-date: /home/carlos/ros2_ws/install/control/share/control/environment/path.dsv
[0.063s] -- Up-to-date: /home/carlos/ros2_ws/install/control/share/control/local_setup.bash
[0.063s] -- Up-to-date: /home/carlos/ros2_ws/install/control/share/control/local_setup.sh
[0.063s] -- Up-to-date: /home/carlos/ros2_ws/install/control/share/control/local_setup.zsh
[0.063s] -- Up-to-date: /home/carlos/ros2_ws/install/control/share/control/local_setup.dsv
[0.063s] -- Installing: /home/carlos/ros2_ws/install/control/share/control/package.dsv
[0.063s] -- Up-to-date: /home/carlos/ros2_ws/install/control/share/ament_index/resource_index/packages/control
[0.063s] -- Up-to-date: /home/carlos/ros2_ws/install/control/share/control/cmake/controlConfig.cmake
[0.063s] -- Up-to-date: /home/carlos/ros2_ws/install/control/share/control/cmake/controlConfig-version.cmake
[0.063s] -- Up-to-date: /home/carlos/ros2_ws/install/control/share/control/package.xml
[0.066s] Invoked command in '/home/carlos/ros2_ws/build/control' returned '0': AMENT_PREFIX_PATH=/home/carlos/ros2_ws/install/px4_msgs:${AMENT_PREFIX_PATH} CMAKE_PREFIX_PATH=/home/carlos/ros2_ws/install/px4_msgs:/opt/ros/jazzy/opt/gz_math_vendor:/opt/ros/jazzy/opt/gz_utils_vendor:/opt/ros/jazzy/opt/gz_cmake_vendor:/opt/ros/jazzy DEBUGINFOD_URLS=https://debuginfod.ubuntu.com LD_LIBRARY_PATH=/home/carlos/ros2_ws/install/px4_msgs/lib:${LD_LIBRARY_PATH} PYTHONPATH=/home/carlos/ros2_ws/install/px4_msgs/lib/python3.12/site-packages:${PYTHONPATH} /usr/bin/cmake --install /home/carlos/ros2_ws/build/control
