[0.008s] Invoking command in '/home/carlos/ros2_ws/build/px4_ros_com': AMENT_PREFIX_PATH=/home/carlos/ros2_ws/install/px4_msgs:${AMENT_PREFIX_PATH} CMAKE_PREFIX_PATH=/home/carlos/ros2_ws/install/px4_msgs:/opt/ros/jazzy/opt/gz_math_vendor:/opt/ros/jazzy/opt/gz_utils_vendor:/opt/ros/jazzy/opt/gz_cmake_vendor:/opt/ros/jazzy DEBUGINFOD_URLS=https://debuginfod.ubuntu.com LD_LIBRARY_PATH=/home/carlos/ros2_ws/install/px4_msgs/lib:${LD_LIBRARY_PATH} PYTHONPATH=/home/carlos/ros2_ws/install/px4_msgs/lib/python3.12/site-packages:${PYTHONPATH} /usr/bin/cmake /home/carlos/ros2_ws/src/px4_ros_com -DAMENT_CMAKE_SYMLINK_INSTALL=1 -DCMAKE_INSTALL_PREFIX=/home/carlos/ros2_ws/install/px4_ros_com
[0.057s] -- The C compiler identification is GNU 13.3.0
[0.103s] -- The CXX compiler identification is GNU 13.3.0
[0.121s] -- Detecting C compiler ABI info
[0.205s] -- Detecting C compiler ABI info - done
[0.212s] -- Check for working C compiler: /usr/bin/cc - skipped
[0.212s] -- Detecting C compile features
[0.212s] -- Detecting C compile features - done
[0.221s] -- Detecting CXX compiler ABI info
[0.311s] -- Detecting CXX compiler ABI info - done
[0.317s] -- Check for working CXX compiler: /usr/bin/c++ - skipped
[0.317s] -- Detecting CXX compile features
[0.318s] -- Detecting CXX compile features - done
[0.320s] -- Found ament_cmake: 2.5.4 (/opt/ros/jazzy/share/ament_cmake/cmake)
[0.433s] -- Found Python3: /usr/bin/python3 (found version "3.12.3") found components: Interpreter 
[0.485s] -- Override CMake install command with custom implementation using symlinks instead of copying resources
[0.508s] -- Found builtin_interfaces: 2.0.3 (/opt/ros/jazzy/share/builtin_interfaces/cmake)
[0.535s] -- Found rosidl_generator_c: 4.6.6 (/opt/ros/jazzy/share/rosidl_generator_c/cmake)
[0.544s] -- Found rosidl_generator_cpp: 4.6.6 (/opt/ros/jazzy/share/rosidl_generator_cpp/cmake)
[0.555s] -- Using all available rosidl_typesupport_c: rosidl_typesupport_fastrtps_c;rosidl_typesupport_introspection_c
[0.568s] -- Using all available rosidl_typesupport_cpp: rosidl_typesupport_fastrtps_cpp;rosidl_typesupport_introspection_cpp
[0.582s] -- Found eigen3_cmake_module: 0.3.0 (/opt/ros/jazzy/share/eigen3_cmake_module/cmake)
[0.593s] -- Found Eigen3: TRUE (found version "3.4.0") 
[0.594s] -- Found geometry_msgs: 5.3.6 (/opt/ros/jazzy/share/geometry_msgs/cmake)
[0.618s] -- Found px4_msgs: 2.0.1 (/home/carlos/ros2_ws/install/px4_msgs/share/px4_msgs/cmake)
[0.644s] -- Found rclcpp: 28.1.12 (/opt/ros/jazzy/share/rclcpp/cmake)
[0.679s] -- Found rmw_implementation_cmake: 7.3.2 (/opt/ros/jazzy/share/rmw_implementation_cmake/cmake)
[0.681s] -- Found rmw_fastrtps_cpp: 8.4.3 (/opt/ros/jazzy/share/rmw_fastrtps_cpp/cmake)
[0.760s] -- Found OpenSSL: /usr/lib/x86_64-linux-gnu/libcrypto.so (found version "3.0.13")  
[0.776s] -- Found FastRTPS: /opt/ros/jazzy/include (Required is at least version "2.13") 
[0.794s] -- Using RMW implementation 'rmw_fastrtps_cpp' as default
[0.849s] -- Found sensor_msgs: 5.3.6 (/opt/ros/jazzy/share/sensor_msgs/cmake)
[0.881s] -- Found rclpy: 7.1.5 (/opt/ros/jazzy/share/rclpy/cmake)
[0.888s] -- Found ament_lint_auto: 0.17.3 (/opt/ros/jazzy/share/ament_lint_auto/cmake)
[0.992s] -- Added test 'copyright' to check source files copyright and LICENSE
[0.997s] -- Added test 'cppcheck' to perform static code analysis on C / C++ code
[0.997s] -- Configured cppcheck include dirs: /home/carlos/ros2_ws/src/px4_ros_com/include;$<BUILD_INTERFACE:/home/carlos/ros2_ws/src/px4_ros_com/include/px4_ros_com>
[0.998s] -- Configured cppcheck exclude dirs and/or files: 
[1.002s] -- Added test 'cpplint' to check C / C++ code against the Google style
[1.002s] -- Configured cpplint exclude dirs and/or files: 
[1.003s] -- Added test 'flake8' to check Python code syntax and style conventions
[1.003s] -- Configured 'flake8' exclude dirs and/or files: 
[1.005s] -- Added test 'lint_cmake' to check CMake code style
[1.006s] -- Added test 'pep257' to check Python code against some of the docstring style conventions in PEP 257
[1.011s] -- Added test 'uncrustify' to check C / C++ code style
[1.011s] -- Configured uncrustify additional arguments: 
[1.012s] -- Added test 'xmllint' to check XML markup files
[1.014s] -- Configuring done (1.0s)
[1.036s] -- Generating done (0.0s)
[1.042s] -- Build files have been written to: /home/carlos/ros2_ws/build/px4_ros_com
[1.053s] Invoked command in '/home/carlos/ros2_ws/build/px4_ros_com' returned '0': AMENT_PREFIX_PATH=/home/carlos/ros2_ws/install/px4_msgs:${AMENT_PREFIX_PATH} CMAKE_PREFIX_PATH=/home/carlos/ros2_ws/install/px4_msgs:/opt/ros/jazzy/opt/gz_math_vendor:/opt/ros/jazzy/opt/gz_utils_vendor:/opt/ros/jazzy/opt/gz_cmake_vendor:/opt/ros/jazzy DEBUGINFOD_URLS=https://debuginfod.ubuntu.com LD_LIBRARY_PATH=/home/carlos/ros2_ws/install/px4_msgs/lib:${LD_LIBRARY_PATH} PYTHONPATH=/home/carlos/ros2_ws/install/px4_msgs/lib/python3.12/site-packages:${PYTHONPATH} /usr/bin/cmake /home/carlos/ros2_ws/src/px4_ros_com -DAMENT_CMAKE_SYMLINK_INSTALL=1 -DCMAKE_INSTALL_PREFIX=/home/carlos/ros2_ws/install/px4_ros_com
[1.054s] Invoking command in '/home/carlos/ros2_ws/build/px4_ros_com': AMENT_PREFIX_PATH=/home/carlos/ros2_ws/install/px4_msgs:${AMENT_PREFIX_PATH} CMAKE_PREFIX_PATH=/home/carlos/ros2_ws/install/px4_msgs:/opt/ros/jazzy/opt/gz_math_vendor:/opt/ros/jazzy/opt/gz_utils_vendor:/opt/ros/jazzy/opt/gz_cmake_vendor:/opt/ros/jazzy DEBUGINFOD_URLS=https://debuginfod.ubuntu.com LD_LIBRARY_PATH=/home/carlos/ros2_ws/install/px4_msgs/lib:${LD_LIBRARY_PATH} PYTHONPATH=/home/carlos/ros2_ws/install/px4_msgs/lib/python3.12/site-packages:${PYTHONPATH} /usr/bin/cmake --build /home/carlos/ros2_ws/build/px4_ros_com -- -j16 -l16
[1.101s] [ 50%] [32mBuilding CXX object CMakeFiles/debug_vect_advertiser.dir/src/examples/advertisers/debug_vect_advertiser.cpp.o[0m
[1.102s] [ 50%] [32mBuilding CXX object CMakeFiles/frame_transforms.dir/src/lib/frame_transforms.cpp.o[0m
[1.102s] [ 50%] [32mBuilding CXX object CMakeFiles/sensor_combined_listener.dir/src/examples/listeners/sensor_combined_listener.cpp.o[0m
[1.102s] [ 50%] [32mBuilding CXX object CMakeFiles/offboard_control_srv.dir/src/examples/offboard/offboard_control_srv.cpp.o[0m
[1.102s] [ 50%] [32mBuilding CXX object CMakeFiles/vehicle_gps_position_listener.dir/src/examples/listeners/vehicle_gps_position_listener.cpp.o[0m
[1.102s] [ 50%] [32mBuilding CXX object CMakeFiles/offboard_control.dir/src/examples/offboard/offboard_control.cpp.o[0m
[1.110s] [ 50%] Built target ament_cmake_python_symlink_px4_ros_com
[1.284s] running egg_info
[1.285s] creating px4_ros_com.egg-info
[1.301s] writing px4_ros_com.egg-info/PKG-INFO
[1.301s] writing dependency_links to px4_ros_com.egg-info/dependency_links.txt
[1.301s] writing top-level names to px4_ros_com.egg-info/top_level.txt
[1.301s] writing manifest file 'px4_ros_com.egg-info/SOURCES.txt'
[1.350s] reading manifest file 'px4_ros_com.egg-info/SOURCES.txt'
[1.350s] writing manifest file 'px4_ros_com.egg-info/SOURCES.txt'
[1.373s] [ 50%] Built target ament_cmake_python_build_px4_ros_com_egg
[5.187s] [ 58%] [32m[1mLinking CXX executable debug_vect_advertiser[0m
[5.412s] [ 58%] Built target debug_vect_advertiser
[6.823s] [ 66%] [32m[1mLinking CXX executable offboard_control[0m
[6.941s] [ 75%] [32m[1mLinking CXX executable offboard_control_srv[0m
[7.052s] [ 75%] Built target offboard_control
[7.158s] [ 75%] Built target offboard_control_srv
[7.401s] [ 83%] [32m[1mLinking CXX shared library libframe_transforms.so[0m
[7.903s] [ 83%] Built target frame_transforms
[8.096s] [ 91%] [32m[1mLinking CXX executable sensor_combined_listener[0m
[8.194s] [100%] [32m[1mLinking CXX executable vehicle_gps_position_listener[0m
[8.340s] [100%] Built target sensor_combined_listener
[8.414s] [100%] Built target vehicle_gps_position_listener
[8.426s] Invoked command in '/home/carlos/ros2_ws/build/px4_ros_com' returned '0': AMENT_PREFIX_PATH=/home/carlos/ros2_ws/install/px4_msgs:${AMENT_PREFIX_PATH} CMAKE_PREFIX_PATH=/home/carlos/ros2_ws/install/px4_msgs:/opt/ros/jazzy/opt/gz_math_vendor:/opt/ros/jazzy/opt/gz_utils_vendor:/opt/ros/jazzy/opt/gz_cmake_vendor:/opt/ros/jazzy DEBUGINFOD_URLS=https://debuginfod.ubuntu.com LD_LIBRARY_PATH=/home/carlos/ros2_ws/install/px4_msgs/lib:${LD_LIBRARY_PATH} PYTHONPATH=/home/carlos/ros2_ws/install/px4_msgs/lib/python3.12/site-packages:${PYTHONPATH} /usr/bin/cmake --build /home/carlos/ros2_ws/build/px4_ros_com -- -j16 -l16
[8.427s] Invoking command in '/home/carlos/ros2_ws/build/px4_ros_com': AMENT_PREFIX_PATH=/home/carlos/ros2_ws/install/px4_msgs:${AMENT_PREFIX_PATH} CMAKE_PREFIX_PATH=/home/carlos/ros2_ws/install/px4_msgs:/opt/ros/jazzy/opt/gz_math_vendor:/opt/ros/jazzy/opt/gz_utils_vendor:/opt/ros/jazzy/opt/gz_cmake_vendor:/opt/ros/jazzy DEBUGINFOD_URLS=https://debuginfod.ubuntu.com LD_LIBRARY_PATH=/home/carlos/ros2_ws/install/px4_msgs/lib:${LD_LIBRARY_PATH} PYTHONPATH=/home/carlos/ros2_ws/install/px4_msgs/lib/python3.12/site-packages:${PYTHONPATH} /usr/bin/cmake --install /home/carlos/ros2_ws/build/px4_ros_com
[8.436s] -- Install configuration: ""
[8.437s] -- Execute custom install script
[8.437s] -- Symlinking: /home/carlos/ros2_ws/install/px4_ros_com/lib/px4_ros_com/sensor_combined_listener
[8.446s] -- Symlinking: /home/carlos/ros2_ws/install/px4_ros_com/lib/px4_ros_com/vehicle_gps_position_listener
[8.455s] -- Symlinking: /home/carlos/ros2_ws/install/px4_ros_com/lib/px4_ros_com/debug_vect_advertiser
[8.463s] -- Symlinking: /home/carlos/ros2_ws/install/px4_ros_com/lib/px4_ros_com/offboard_control
[8.472s] -- Symlinking: /home/carlos/ros2_ws/install/px4_ros_com/lib/px4_ros_com/offboard_control_srv
[8.480s] -- Symlinking: /home/carlos/ros2_ws/install/px4_ros_com/share/px4_ros_com/environment/library_path.sh
[8.489s] -- Symlinking: /home/carlos/ros2_ws/install/px4_ros_com/share/px4_ros_com/environment/library_path.dsv
[8.496s] -- Symlinking: /home/carlos/ros2_ws/install/px4_ros_com/include/px4_ros_com/frame_transforms.h
[8.505s] -- Symlinking: /home/carlos/ros2_ws/install/px4_ros_com/share/px4_ros_com//launch/offboard_control_launch.yaml
[8.513s] -- Symlinking: /home/carlos/ros2_ws/install/px4_ros_com/share/px4_ros_com//launch/sensor_combined_listener.launch.py
[8.520s] -- Symlinking: /home/carlos/ros2_ws/install/px4_ros_com/share/px4_ros_com//test/__init__.py
[8.529s] -- Symlinking: /home/carlos/ros2_ws/install/px4_ros_com/share/px4_ros_com//test/pipeline_io_test.py
[8.537s] -- Symlinking: /home/carlos/ros2_ws/install/px4_ros_com/share/px4_ros_com//test/test_input.py
[8.546s] -- Symlinking: /home/carlos/ros2_ws/install/px4_ros_com/share/px4_ros_com//test/test_output.py
[8.554s] -- Symlinking: /home/carlos/ros2_ws/install/px4_ros_com/share/px4_ros_com/environment/pythonpath.sh
[8.562s] -- Symlinking: /home/carlos/ros2_ws/install/px4_ros_com/share/px4_ros_com/environment/pythonpath.dsv
[8.570s] -- Symlinking: /home/carlos/ros2_ws/install/px4_ros_com/lib/python3.12/site-packages/px4_ros_com-0.1.0-py3.12.egg-info/PKG-INFO
[8.578s] -- Symlinking: /home/carlos/ros2_ws/install/px4_ros_com/lib/python3.12/site-packages/px4_ros_com-0.1.0-py3.12.egg-info/SOURCES.txt
[8.585s] -- Symlinking: /home/carlos/ros2_ws/install/px4_ros_com/lib/python3.12/site-packages/px4_ros_com-0.1.0-py3.12.egg-info/dependency_links.txt
[8.594s] -- Symlinking: /home/carlos/ros2_ws/install/px4_ros_com/lib/python3.12/site-packages/px4_ros_com-0.1.0-py3.12.egg-info/top_level.txt
[8.602s] -- Symlinking: /home/carlos/ros2_ws/install/px4_ros_com/lib/python3.12/site-packages/px4_ros_com/__init__.py
[8.609s] -- Symlinking: /home/carlos/ros2_ws/install/px4_ros_com/lib/python3.12/site-packages/px4_ros_com/module_to_import.py
[8.617s] -- Symlinking: /home/carlos/ros2_ws/install/px4_ros_com/lib/px4_ros_com/offboard_control.py
[8.625s] -- Symlinking: /home/carlos/ros2_ws/install/px4_ros_com/share/ament_index/resource_index/package_run_dependencies/px4_ros_com
[8.634s] -- Symlinking: /home/carlos/ros2_ws/install/px4_ros_com/share/ament_index/resource_index/parent_prefix_path/px4_ros_com
[8.643s] -- Symlinking: /home/carlos/ros2_ws/install/px4_ros_com/share/px4_ros_com/environment/ament_prefix_path.sh
[8.651s] -- Symlinking: /home/carlos/ros2_ws/install/px4_ros_com/share/px4_ros_com/environment/ament_prefix_path.dsv
[8.660s] -- Symlinking: /home/carlos/ros2_ws/install/px4_ros_com/share/px4_ros_com/environment/path.sh
[8.668s] -- Symlinking: /home/carlos/ros2_ws/install/px4_ros_com/share/px4_ros_com/environment/path.dsv
[8.678s] -- Symlinking: /home/carlos/ros2_ws/install/px4_ros_com/share/px4_ros_com/local_setup.bash
[8.686s] -- Symlinking: /home/carlos/ros2_ws/install/px4_ros_com/share/px4_ros_com/local_setup.sh
[8.695s] -- Symlinking: /home/carlos/ros2_ws/install/px4_ros_com/share/px4_ros_com/local_setup.zsh
[8.702s] -- Symlinking: /home/carlos/ros2_ws/install/px4_ros_com/share/px4_ros_com/local_setup.dsv
[8.710s] -- Symlinking: /home/carlos/ros2_ws/install/px4_ros_com/share/px4_ros_com/package.dsv
[8.719s] -- Symlinking: /home/carlos/ros2_ws/install/px4_ros_com/share/ament_index/resource_index/packages/px4_ros_com
[8.728s] -- Symlinking: /home/carlos/ros2_ws/install/px4_ros_com/share/px4_ros_com/cmake/ament_cmake_export_dependencies-extras.cmake
[8.736s] -- Symlinking: /home/carlos/ros2_ws/install/px4_ros_com/share/px4_ros_com/cmake/ament_cmake_export_targets-extras.cmake
[8.745s] -- Symlinking: /home/carlos/ros2_ws/install/px4_ros_com/share/px4_ros_com/cmake/ament_cmake_export_include_directories-extras.cmake
[8.752s] -- Symlinking: /home/carlos/ros2_ws/install/px4_ros_com/share/px4_ros_com/cmake/ament_cmake_export_libraries-extras.cmake
[8.761s] -- Symlinking: /home/carlos/ros2_ws/install/px4_ros_com/share/px4_ros_com/cmake/px4_ros_comConfig.cmake
[8.769s] -- Symlinking: /home/carlos/ros2_ws/install/px4_ros_com/share/px4_ros_com/cmake/px4_ros_comConfig-version.cmake
[8.777s] -- Symlinking: /home/carlos/ros2_ws/install/px4_ros_com/share/px4_ros_com/package.xml
[8.784s] -- Installing: /home/carlos/ros2_ws/install/px4_ros_com/lib/libframe_transforms.so
[8.788s] -- Set non-toolchain portion of runtime path of "/home/carlos/ros2_ws/install/px4_ros_com/lib/libframe_transforms.so" to ""
[8.814s] Listing '/home/carlos/ros2_ws/install/px4_ros_com/lib/python3.12/site-packages/px4_ros_com'...
[8.814s] Compiling '/home/carlos/ros2_ws/install/px4_ros_com/lib/python3.12/site-packages/px4_ros_com/__init__.py'...
[8.814s] Compiling '/home/carlos/ros2_ws/install/px4_ros_com/lib/python3.12/site-packages/px4_ros_com/module_to_import.py'...
[8.817s] -- Installing: /home/carlos/ros2_ws/install/px4_ros_com/share/px4_ros_com/cmake/export_frame_transformsExport.cmake
[8.818s] -- Installing: /home/carlos/ros2_ws/install/px4_ros_com/share/px4_ros_com/cmake/export_frame_transformsExport-noconfig.cmake
[8.820s] Invoked command in '/home/carlos/ros2_ws/build/px4_ros_com' returned '0': AMENT_PREFIX_PATH=/home/carlos/ros2_ws/install/px4_msgs:${AMENT_PREFIX_PATH} CMAKE_PREFIX_PATH=/home/carlos/ros2_ws/install/px4_msgs:/opt/ros/jazzy/opt/gz_math_vendor:/opt/ros/jazzy/opt/gz_utils_vendor:/opt/ros/jazzy/opt/gz_cmake_vendor:/opt/ros/jazzy DEBUGINFOD_URLS=https://debuginfod.ubuntu.com LD_LIBRARY_PATH=/home/carlos/ros2_ws/install/px4_msgs/lib:${LD_LIBRARY_PATH} PYTHONPATH=/home/carlos/ros2_ws/install/px4_msgs/lib/python3.12/site-packages:${PYTHONPATH} /usr/bin/cmake --install /home/carlos/ros2_ws/build/px4_ros_com
