[0.332s] DEBUG:colcon:Command line arguments: ['/usr/bin/colcon', 'build']
[0.332s] DEBUG:colcon:Parsed command line arguments: Namespace(log_base=None, log_level=None, verb_name='build', build_base='build', install_base='install', merge_install=False, symlink_install=False, test_result_base=None, continue_on_error=False, executor='parallel', parallel_workers=16, event_handlers=None, ignore_user_meta=False, metas=['./colcon.meta'], base_paths=['.'], packages_ignore=None, packages_ignore_regex=None, paths=None, packages_up_to=None, packages_up_to_regex=None, packages_above=None, packages_above_and_dependencies=None, packages_above_depth=None, packages_select_by_dep=None, packages_skip_by_dep=None, packages_skip_up_to=None, packages_select_build_failed=False, packages_skip_build_finished=False, packages_select_test_failures=False, packages_skip_test_passed=False, packages_select=None, packages_skip=None, packages_select_regex=None, packages_skip_regex=None, packages_start=None, packages_end=None, allow_overriding=[], cmake_args=None, cmake_target=None, cmake_target_skip_unavailable=False, cmake_clean_cache=False, cmake_clean_first=False, cmake_force_configure=False, ament_cmake_args=None, catkin_cmake_args=None, catkin_skip_building_tests=False, mixin_files=None, mixin=None, verb_parser=<colcon_mixin.mixin.mixin_argument.MixinArgumentDecorator object at 0x7f92d9389400>, verb_extension=<colcon_core.verb.build.BuildVerb object at 0x7f92d9388d10>, main=<bound method BuildVerb.main of <colcon_core.verb.build.BuildVerb object at 0x7f92d9388d10>>, mixin_verb=('build',))
[0.468s] Level 1:colcon.colcon_core.package_discovery:discover_packages(colcon_meta) check parameters
[0.468s] Level 1:colcon.colcon_core.package_discovery:discover_packages(recursive) check parameters
[0.468s] Level 1:colcon.colcon_core.package_discovery:discover_packages(ignore) check parameters
[0.468s] Level 1:colcon.colcon_core.package_discovery:discover_packages(path) check parameters
[0.468s] Level 1:colcon.colcon_core.package_discovery:discover_packages(colcon_meta) discover
[0.468s] Level 1:colcon.colcon_core.package_discovery:discover_packages(recursive) discover
[0.468s] INFO:colcon.colcon_core.package_discovery:Crawling recursively for packages in '/home/carlos/ros2_ws'
[0.468s] Level 1:colcon.colcon_core.package_identification:_identify(.) by extensions ['ignore', 'ignore_ament_install']
[0.469s] Level 1:colcon.colcon_core.package_identification:_identify(.) by extension 'ignore'
[0.469s] Level 1:colcon.colcon_core.package_identification:_identify(.) by extension 'ignore_ament_install'
[0.469s] Level 1:colcon.colcon_core.package_identification:_identify(.) by extensions ['colcon_pkg']
[0.469s] Level 1:colcon.colcon_core.package_identification:_identify(.) by extension 'colcon_pkg'
[0.469s] Level 1:colcon.colcon_core.package_identification:_identify(.) by extensions ['colcon_meta']
[0.469s] Level 1:colcon.colcon_core.package_identification:_identify(.) by extension 'colcon_meta'
[0.469s] Level 1:colcon.colcon_core.package_identification:_identify(.) by extensions ['ros']
[0.469s] Level 1:colcon.colcon_core.package_identification:_identify(.) by extension 'ros'
[0.523s] Level 1:colcon.colcon_core.package_identification:_identify(.) by extensions ['cmake', 'python']
[0.523s] Level 1:colcon.colcon_core.package_identification:_identify(.) by extension 'cmake'
[0.523s] Level 1:colcon.colcon_core.package_identification:_identify(.) by extension 'python'
[0.523s] Level 1:colcon.colcon_core.package_identification:_identify(.) by extensions ['python_setup_py']
[0.523s] Level 1:colcon.colcon_core.package_identification:_identify(.) by extension 'python_setup_py'
[0.524s] Level 1:colcon.colcon_core.package_identification:_identify(build) by extensions ['ignore', 'ignore_ament_install']
[0.524s] Level 1:colcon.colcon_core.package_identification:_identify(build) by extension 'ignore'
[0.524s] Level 1:colcon.colcon_core.package_identification:_identify(build) ignored
[0.524s] Level 1:colcon.colcon_core.package_identification:_identify(install) by extensions ['ignore', 'ignore_ament_install']
[0.524s] Level 1:colcon.colcon_core.package_identification:_identify(install) by extension 'ignore'
[0.524s] Level 1:colcon.colcon_core.package_identification:_identify(install) ignored
[0.524s] Level 1:colcon.colcon_core.package_identification:_identify(log) by extensions ['ignore', 'ignore_ament_install']
[0.524s] Level 1:colcon.colcon_core.package_identification:_identify(log) by extension 'ignore'
[0.524s] Level 1:colcon.colcon_core.package_identification:_identify(log) ignored
[0.524s] Level 1:colcon.colcon_core.package_identification:_identify(src) by extensions ['ignore', 'ignore_ament_install']
[0.525s] Level 1:colcon.colcon_core.package_identification:_identify(src) by extension 'ignore'
[0.525s] Level 1:colcon.colcon_core.package_identification:_identify(src) by extension 'ignore_ament_install'
[0.525s] Level 1:colcon.colcon_core.package_identification:_identify(src) by extensions ['colcon_pkg']
[0.525s] Level 1:colcon.colcon_core.package_identification:_identify(src) by extension 'colcon_pkg'
[0.525s] Level 1:colcon.colcon_core.package_identification:_identify(src) by extensions ['colcon_meta']
[0.525s] Level 1:colcon.colcon_core.package_identification:_identify(src) by extension 'colcon_meta'
[0.525s] Level 1:colcon.colcon_core.package_identification:_identify(src) by extensions ['ros']
[0.525s] Level 1:colcon.colcon_core.package_identification:_identify(src) by extension 'ros'
[0.525s] Level 1:colcon.colcon_core.package_identification:_identify(src) by extensions ['cmake', 'python']
[0.525s] Level 1:colcon.colcon_core.package_identification:_identify(src) by extension 'cmake'
[0.525s] Level 1:colcon.colcon_core.package_identification:_identify(src) by extension 'python'
[0.525s] Level 1:colcon.colcon_core.package_identification:_identify(src) by extensions ['python_setup_py']
[0.525s] Level 1:colcon.colcon_core.package_identification:_identify(src) by extension 'python_setup_py'
[0.526s] Level 1:colcon.colcon_core.package_identification:_identify(src/control) by extensions ['ignore', 'ignore_ament_install']
[0.526s] Level 1:colcon.colcon_core.package_identification:_identify(src/control) by extension 'ignore'
[0.527s] Level 1:colcon.colcon_core.package_identification:_identify(src/control) by extension 'ignore_ament_install'
[0.527s] Level 1:colcon.colcon_core.package_identification:_identify(src/control) by extensions ['colcon_pkg']
[0.527s] Level 1:colcon.colcon_core.package_identification:_identify(src/control) by extension 'colcon_pkg'
[0.527s] Level 1:colcon.colcon_core.package_identification:_identify(src/control) by extensions ['colcon_meta']
[0.527s] Level 1:colcon.colcon_core.package_identification:_identify(src/control) by extension 'colcon_meta'
[0.527s] Level 1:colcon.colcon_core.package_identification:_identify(src/control) by extensions ['ros']
[0.527s] Level 1:colcon.colcon_core.package_identification:_identify(src/control) by extension 'ros'
[0.534s] DEBUG:colcon.colcon_core.package_identification:Package 'src/control' with type 'ros.ament_cmake' and name 'control'
[0.535s] Level 1:colcon.colcon_core.package_identification:_identify(src/px4_msgs) by extensions ['ignore', 'ignore_ament_install']
[0.535s] Level 1:colcon.colcon_core.package_identification:_identify(src/px4_msgs) by extension 'ignore'
[0.535s] Level 1:colcon.colcon_core.package_identification:_identify(src/px4_msgs) by extension 'ignore_ament_install'
[0.535s] Level 1:colcon.colcon_core.package_identification:_identify(src/px4_msgs) by extensions ['colcon_pkg']
[0.535s] Level 1:colcon.colcon_core.package_identification:_identify(src/px4_msgs) by extension 'colcon_pkg'
[0.535s] Level 1:colcon.colcon_core.package_identification:_identify(src/px4_msgs) by extensions ['colcon_meta']
[0.535s] Level 1:colcon.colcon_core.package_identification:_identify(src/px4_msgs) by extension 'colcon_meta'
[0.536s] Level 1:colcon.colcon_core.package_identification:_identify(src/px4_msgs) by extensions ['ros']
[0.536s] Level 1:colcon.colcon_core.package_identification:_identify(src/px4_msgs) by extension 'ros'
[0.537s] DEBUG:colcon.colcon_core.package_identification:Package 'src/px4_msgs' with type 'ros.ament_cmake' and name 'px4_msgs'
[0.538s] Level 1:colcon.colcon_core.package_identification:_identify(src/px4_ros_com) by extensions ['ignore', 'ignore_ament_install']
[0.538s] Level 1:colcon.colcon_core.package_identification:_identify(src/px4_ros_com) by extension 'ignore'
[0.538s] Level 1:colcon.colcon_core.package_identification:_identify(src/px4_ros_com) by extension 'ignore_ament_install'
[0.538s] Level 1:colcon.colcon_core.package_identification:_identify(src/px4_ros_com) by extensions ['colcon_pkg']
[0.538s] Level 1:colcon.colcon_core.package_identification:_identify(src/px4_ros_com) by extension 'colcon_pkg'
[0.538s] Level 1:colcon.colcon_core.package_identification:_identify(src/px4_ros_com) by extensions ['colcon_meta']
[0.538s] Level 1:colcon.colcon_core.package_identification:_identify(src/px4_ros_com) by extension 'colcon_meta'
[0.538s] Level 1:colcon.colcon_core.package_identification:_identify(src/px4_ros_com) by extensions ['ros']
[0.538s] Level 1:colcon.colcon_core.package_identification:_identify(src/px4_ros_com) by extension 'ros'
[0.541s] DEBUG:colcon.colcon_core.package_identification:Package 'src/px4_ros_com' with type 'ros.ament_cmake' and name 'px4_ros_com'
[0.541s] Level 1:colcon.colcon_core.package_discovery:discover_packages(recursive) using defaults
[0.541s] Level 1:colcon.colcon_core.package_discovery:discover_packages(ignore) discover
[0.541s] Level 1:colcon.colcon_core.package_discovery:discover_packages(ignore) using defaults
[0.541s] Level 1:colcon.colcon_core.package_discovery:discover_packages(path) discover
[0.541s] Level 1:colcon.colcon_core.package_discovery:discover_packages(path) using defaults
[0.590s] Level 1:colcon.colcon_core.package_discovery:discover_packages(prefix_path) check parameters
[0.590s] Level 1:colcon.colcon_core.package_discovery:discover_packages(prefix_path) discover
[0.599s] DEBUG:colcon.colcon_installed_package_information.package_discovery:Found 287 installed packages in /opt/ros/jazzy
[0.601s] Level 1:colcon.colcon_core.package_discovery:discover_packages(prefix_path) using defaults
[0.669s] Level 5:colcon.colcon_core.verb:set package 'px4_msgs' build argument 'cmake_args' from command line to 'None'
[0.670s] Level 5:colcon.colcon_core.verb:set package 'px4_msgs' build argument 'cmake_target' from command line to 'None'
[0.670s] Level 5:colcon.colcon_core.verb:set package 'px4_msgs' build argument 'cmake_target_skip_unavailable' from command line to 'False'
[0.670s] Level 5:colcon.colcon_core.verb:set package 'px4_msgs' build argument 'cmake_clean_cache' from command line to 'False'
[0.670s] Level 5:colcon.colcon_core.verb:set package 'px4_msgs' build argument 'cmake_clean_first' from command line to 'False'
[0.670s] Level 5:colcon.colcon_core.verb:set package 'px4_msgs' build argument 'cmake_force_configure' from command line to 'False'
[0.670s] Level 5:colcon.colcon_core.verb:set package 'px4_msgs' build argument 'ament_cmake_args' from command line to 'None'
[0.670s] Level 5:colcon.colcon_core.verb:set package 'px4_msgs' build argument 'catkin_cmake_args' from command line to 'None'
[0.670s] Level 5:colcon.colcon_core.verb:set package 'px4_msgs' build argument 'catkin_skip_building_tests' from command line to 'False'
[0.670s] DEBUG:colcon.colcon_core.verb:Building package 'px4_msgs' with the following arguments: {'ament_cmake_args': None, 'build_base': '/home/carlos/ros2_ws/build/px4_msgs', 'catkin_cmake_args': None, 'catkin_skip_building_tests': False, 'cmake_args': None, 'cmake_clean_cache': False, 'cmake_clean_first': False, 'cmake_force_configure': False, 'cmake_target': None, 'cmake_target_skip_unavailable': False, 'install_base': '/home/carlos/ros2_ws/install/px4_msgs', 'merge_install': False, 'path': '/home/carlos/ros2_ws/src/px4_msgs', 'symlink_install': False, 'test_result_base': None}
[0.670s] Level 5:colcon.colcon_core.verb:set package 'control' build argument 'cmake_args' from command line to 'None'
[0.670s] Level 5:colcon.colcon_core.verb:set package 'control' build argument 'cmake_target' from command line to 'None'
[0.670s] Level 5:colcon.colcon_core.verb:set package 'control' build argument 'cmake_target_skip_unavailable' from command line to 'False'
[0.670s] Level 5:colcon.colcon_core.verb:set package 'control' build argument 'cmake_clean_cache' from command line to 'False'
[0.670s] Level 5:colcon.colcon_core.verb:set package 'control' build argument 'cmake_clean_first' from command line to 'False'
[0.670s] Level 5:colcon.colcon_core.verb:set package 'control' build argument 'cmake_force_configure' from command line to 'False'
[0.670s] Level 5:colcon.colcon_core.verb:set package 'control' build argument 'ament_cmake_args' from command line to 'None'
[0.670s] Level 5:colcon.colcon_core.verb:set package 'control' build argument 'catkin_cmake_args' from command line to 'None'
[0.670s] Level 5:colcon.colcon_core.verb:set package 'control' build argument 'catkin_skip_building_tests' from command line to 'False'
[0.670s] DEBUG:colcon.colcon_core.verb:Building package 'control' with the following arguments: {'ament_cmake_args': None, 'build_base': '/home/carlos/ros2_ws/build/control', 'catkin_cmake_args': None, 'catkin_skip_building_tests': False, 'cmake_args': None, 'cmake_clean_cache': False, 'cmake_clean_first': False, 'cmake_force_configure': False, 'cmake_target': None, 'cmake_target_skip_unavailable': False, 'install_base': '/home/carlos/ros2_ws/install/control', 'merge_install': False, 'path': '/home/carlos/ros2_ws/src/control', 'symlink_install': False, 'test_result_base': None}
[0.671s] Level 5:colcon.colcon_core.verb:set package 'px4_ros_com' build argument 'cmake_args' from command line to 'None'
[0.671s] Level 5:colcon.colcon_core.verb:set package 'px4_ros_com' build argument 'cmake_target' from command line to 'None'
[0.671s] Level 5:colcon.colcon_core.verb:set package 'px4_ros_com' build argument 'cmake_target_skip_unavailable' from command line to 'False'
[0.671s] Level 5:colcon.colcon_core.verb:set package 'px4_ros_com' build argument 'cmake_clean_cache' from command line to 'False'
[0.671s] Level 5:colcon.colcon_core.verb:set package 'px4_ros_com' build argument 'cmake_clean_first' from command line to 'False'
[0.671s] Level 5:colcon.colcon_core.verb:set package 'px4_ros_com' build argument 'cmake_force_configure' from command line to 'False'
[0.671s] Level 5:colcon.colcon_core.verb:set package 'px4_ros_com' build argument 'ament_cmake_args' from command line to 'None'
[0.671s] Level 5:colcon.colcon_core.verb:set package 'px4_ros_com' build argument 'catkin_cmake_args' from command line to 'None'
[0.671s] Level 5:colcon.colcon_core.verb:set package 'px4_ros_com' build argument 'catkin_skip_building_tests' from command line to 'False'
[0.671s] DEBUG:colcon.colcon_core.verb:Building package 'px4_ros_com' with the following arguments: {'ament_cmake_args': None, 'build_base': '/home/carlos/ros2_ws/build/px4_ros_com', 'catkin_cmake_args': None, 'catkin_skip_building_tests': False, 'cmake_args': None, 'cmake_clean_cache': False, 'cmake_clean_first': False, 'cmake_force_configure': False, 'cmake_target': None, 'cmake_target_skip_unavailable': False, 'install_base': '/home/carlos/ros2_ws/install/px4_ros_com', 'merge_install': False, 'path': '/home/carlos/ros2_ws/src/px4_ros_com', 'symlink_install': False, 'test_result_base': None}
[0.671s] INFO:colcon.colcon_core.executor:Executing jobs using 'parallel' executor
[0.673s] DEBUG:colcon.colcon_parallel_executor.executor.parallel:run_until_complete
[0.673s] INFO:colcon.colcon_ros.task.ament_cmake.build:Building ROS package in '/home/carlos/ros2_ws/src/px4_msgs' with build type 'ament_cmake'
[0.673s] INFO:colcon.colcon_cmake.task.cmake.build:Building CMake package in '/home/carlos/ros2_ws/src/px4_msgs'
[0.684s] INFO:colcon.colcon_core.plugin_system:Skipping extension 'colcon_core.shell.bat': Not used on non-Windows systems
[0.685s] INFO:colcon.colcon_core.shell:Skip shell extension 'powershell' for command environment: Not usable outside of PowerShell
[0.685s] DEBUG:colcon.colcon_core.shell:Skip shell extension 'dsv' for command environment
[0.705s] DEBUG:colcon.colcon_core.event_handler.log_command:Invoking command in '/home/carlos/ros2_ws/build/px4_msgs': CMAKE_PREFIX_PATH=${CMAKE_PREFIX_PATH}:/opt/ros/jazzy DEBUGINFOD_URLS=https://debuginfod.ubuntu.com /usr/bin/cmake /home/carlos/ros2_ws/src/px4_msgs -DCMAKE_INSTALL_PREFIX=/home/carlos/ros2_ws/install/px4_msgs
[5.105s] DEBUG:colcon.colcon_core.event_handler.log_command:Invoked command in '/home/carlos/ros2_ws/build/px4_msgs' returned '0': CMAKE_PREFIX_PATH=${CMAKE_PREFIX_PATH}:/opt/ros/jazzy DEBUGINFOD_URLS=https://debuginfod.ubuntu.com /usr/bin/cmake /home/carlos/ros2_ws/src/px4_msgs -DCMAKE_INSTALL_PREFIX=/home/carlos/ros2_ws/install/px4_msgs
[5.106s] DEBUG:colcon.colcon_core.event_handler.log_command:Invoking command in '/home/carlos/ros2_ws/build/px4_msgs': CMAKE_PREFIX_PATH=${CMAKE_PREFIX_PATH}:/opt/ros/jazzy DEBUGINFOD_URLS=https://debuginfod.ubuntu.com /usr/bin/cmake --build /home/carlos/ros2_ws/build/px4_msgs -- -j16 -l16
[8.366s] DEBUG:colcon.colcon_core.event_handler.log_command:Invoked command in '/home/carlos/ros2_ws/build/px4_msgs' returned '0': CMAKE_PREFIX_PATH=${CMAKE_PREFIX_PATH}:/opt/ros/jazzy DEBUGINFOD_URLS=https://debuginfod.ubuntu.com /usr/bin/cmake --build /home/carlos/ros2_ws/build/px4_msgs -- -j16 -l16
[8.384s] DEBUG:colcon.colcon_core.event_handler.log_command:Invoking command in '/home/carlos/ros2_ws/build/px4_msgs': CMAKE_PREFIX_PATH=${CMAKE_PREFIX_PATH}:/opt/ros/jazzy DEBUGINFOD_URLS=https://debuginfod.ubuntu.com /usr/bin/cmake --install /home/carlos/ros2_ws/build/px4_msgs
[10.656s] Level 1:colcon.colcon_core.environment:create_environment_scripts_only(px4_msgs)
[10.656s] DEBUG:colcon.colcon_core.event_handler.log_command:Invoked command in '/home/carlos/ros2_ws/build/px4_msgs' returned '0': CMAKE_PREFIX_PATH=${CMAKE_PREFIX_PATH}:/opt/ros/jazzy DEBUGINFOD_URLS=https://debuginfod.ubuntu.com /usr/bin/cmake --install /home/carlos/ros2_ws/build/px4_msgs
[10.670s] Level 1:colcon.colcon_core.environment:checking '/home/carlos/ros2_ws/install/px4_msgs' for CMake module files
[10.671s] Level 1:colcon.colcon_core.environment:checking '/home/carlos/ros2_ws/install/px4_msgs' for CMake config files
[10.708s] Level 1:colcon.colcon_core.shell:create_environment_hook('px4_msgs', 'cmake_prefix_path')
[10.708s] INFO:colcon.colcon_core.shell:Creating environment hook '/home/carlos/ros2_ws/install/px4_msgs/share/px4_msgs/hook/cmake_prefix_path.ps1'
[10.726s] INFO:colcon.colcon_core.shell:Creating environment descriptor '/home/carlos/ros2_ws/install/px4_msgs/share/px4_msgs/hook/cmake_prefix_path.dsv'
[10.731s] INFO:colcon.colcon_core.shell:Creating environment hook '/home/carlos/ros2_ws/install/px4_msgs/share/px4_msgs/hook/cmake_prefix_path.sh'
[10.734s] Level 1:colcon.colcon_core.environment:checking '/home/carlos/ros2_ws/install/px4_msgs/lib'
[10.734s] Level 1:colcon.colcon_core.shell:create_environment_hook('px4_msgs', 'ld_library_path_lib')
[10.735s] INFO:colcon.colcon_core.shell:Creating environment hook '/home/carlos/ros2_ws/install/px4_msgs/share/px4_msgs/hook/ld_library_path_lib.ps1'
[10.735s] INFO:colcon.colcon_core.shell:Creating environment descriptor '/home/carlos/ros2_ws/install/px4_msgs/share/px4_msgs/hook/ld_library_path_lib.dsv'
[10.736s] INFO:colcon.colcon_core.shell:Creating environment hook '/home/carlos/ros2_ws/install/px4_msgs/share/px4_msgs/hook/ld_library_path_lib.sh'
[10.737s] Level 1:colcon.colcon_core.environment:checking '/home/carlos/ros2_ws/install/px4_msgs/bin'
[10.737s] Level 1:colcon.colcon_core.environment:checking '/home/carlos/ros2_ws/install/px4_msgs/lib/pkgconfig/px4_msgs.pc'
[10.737s] Level 1:colcon.colcon_core.environment:checking '/home/carlos/ros2_ws/install/px4_msgs/lib/python3.12/site-packages'
[10.737s] Level 1:colcon.colcon_core.shell:create_environment_hook('px4_msgs', 'pythonpath')
[10.737s] INFO:colcon.colcon_core.shell:Creating environment hook '/home/carlos/ros2_ws/install/px4_msgs/share/px4_msgs/hook/pythonpath.ps1'
[10.738s] INFO:colcon.colcon_core.shell:Creating environment descriptor '/home/carlos/ros2_ws/install/px4_msgs/share/px4_msgs/hook/pythonpath.dsv'
[10.739s] INFO:colcon.colcon_core.shell:Creating environment hook '/home/carlos/ros2_ws/install/px4_msgs/share/px4_msgs/hook/pythonpath.sh'
[10.740s] Level 1:colcon.colcon_core.environment:checking '/home/carlos/ros2_ws/install/px4_msgs/bin'
[10.740s] INFO:colcon.colcon_core.shell:Creating package script '/home/carlos/ros2_ws/install/px4_msgs/share/px4_msgs/package.ps1'
[10.742s] INFO:colcon.colcon_core.shell:Creating package descriptor '/home/carlos/ros2_ws/install/px4_msgs/share/px4_msgs/package.dsv'
[10.743s] INFO:colcon.colcon_core.shell:Creating package script '/home/carlos/ros2_ws/install/px4_msgs/share/px4_msgs/package.sh'
[10.745s] INFO:colcon.colcon_core.shell:Creating package script '/home/carlos/ros2_ws/install/px4_msgs/share/px4_msgs/package.bash'
[10.747s] INFO:colcon.colcon_core.shell:Creating package script '/home/carlos/ros2_ws/install/px4_msgs/share/px4_msgs/package.zsh'
[10.749s] Level 1:colcon.colcon_core.environment:create_file_with_runtime_dependencies(/home/carlos/ros2_ws/install/px4_msgs/share/colcon-core/packages/px4_msgs)
[10.752s] Level 1:colcon.colcon_core.environment:create_environment_scripts_only(px4_msgs)
[10.752s] Level 1:colcon.colcon_core.environment:checking '/home/carlos/ros2_ws/install/px4_msgs' for CMake module files
[10.753s] Level 1:colcon.colcon_core.environment:checking '/home/carlos/ros2_ws/install/px4_msgs' for CMake config files
[10.791s] Level 1:colcon.colcon_core.shell:create_environment_hook('px4_msgs', 'cmake_prefix_path')
[10.792s] INFO:colcon.colcon_core.shell:Creating environment hook '/home/carlos/ros2_ws/install/px4_msgs/share/px4_msgs/hook/cmake_prefix_path.ps1'
[10.793s] INFO:colcon.colcon_core.shell:Creating environment descriptor '/home/carlos/ros2_ws/install/px4_msgs/share/px4_msgs/hook/cmake_prefix_path.dsv'
[10.804s] INFO:colcon.colcon_core.shell:Creating environment hook '/home/carlos/ros2_ws/install/px4_msgs/share/px4_msgs/hook/cmake_prefix_path.sh'
[10.805s] Level 1:colcon.colcon_core.environment:checking '/home/carlos/ros2_ws/install/px4_msgs/lib'
[10.805s] Level 1:colcon.colcon_core.shell:create_environment_hook('px4_msgs', 'ld_library_path_lib')
[10.806s] INFO:colcon.colcon_core.shell:Creating environment hook '/home/carlos/ros2_ws/install/px4_msgs/share/px4_msgs/hook/ld_library_path_lib.ps1'
[10.806s] INFO:colcon.colcon_core.shell:Creating environment descriptor '/home/carlos/ros2_ws/install/px4_msgs/share/px4_msgs/hook/ld_library_path_lib.dsv'
[10.807s] INFO:colcon.colcon_core.shell:Creating environment hook '/home/carlos/ros2_ws/install/px4_msgs/share/px4_msgs/hook/ld_library_path_lib.sh'
[10.807s] Level 1:colcon.colcon_core.environment:checking '/home/carlos/ros2_ws/install/px4_msgs/bin'
[10.807s] Level 1:colcon.colcon_core.environment:checking '/home/carlos/ros2_ws/install/px4_msgs/lib/pkgconfig/px4_msgs.pc'
[10.808s] Level 1:colcon.colcon_core.environment:checking '/home/carlos/ros2_ws/install/px4_msgs/lib/python3.12/site-packages'
[10.808s] Level 1:colcon.colcon_core.shell:create_environment_hook('px4_msgs', 'pythonpath')
[10.808s] INFO:colcon.colcon_core.shell:Creating environment hook '/home/carlos/ros2_ws/install/px4_msgs/share/px4_msgs/hook/pythonpath.ps1'
[10.809s] INFO:colcon.colcon_core.shell:Creating environment descriptor '/home/carlos/ros2_ws/install/px4_msgs/share/px4_msgs/hook/pythonpath.dsv'
[10.809s] INFO:colcon.colcon_core.shell:Creating environment hook '/home/carlos/ros2_ws/install/px4_msgs/share/px4_msgs/hook/pythonpath.sh'
[10.810s] Level 1:colcon.colcon_core.environment:checking '/home/carlos/ros2_ws/install/px4_msgs/bin'
[10.811s] INFO:colcon.colcon_core.shell:Creating package script '/home/carlos/ros2_ws/install/px4_msgs/share/px4_msgs/package.ps1'
[10.812s] INFO:colcon.colcon_core.shell:Creating package descriptor '/home/carlos/ros2_ws/install/px4_msgs/share/px4_msgs/package.dsv'
[10.813s] INFO:colcon.colcon_core.shell:Creating package script '/home/carlos/ros2_ws/install/px4_msgs/share/px4_msgs/package.sh'
[10.814s] INFO:colcon.colcon_core.shell:Creating package script '/home/carlos/ros2_ws/install/px4_msgs/share/px4_msgs/package.bash'
[10.815s] INFO:colcon.colcon_core.shell:Creating package script '/home/carlos/ros2_ws/install/px4_msgs/share/px4_msgs/package.zsh'
[10.816s] Level 1:colcon.colcon_core.environment:create_file_with_runtime_dependencies(/home/carlos/ros2_ws/install/px4_msgs/share/colcon-core/packages/px4_msgs)
[10.817s] INFO:colcon.colcon_ros.task.ament_cmake.build:Building ROS package in '/home/carlos/ros2_ws/src/control' with build type 'ament_cmake'
[10.817s] INFO:colcon.colcon_cmake.task.cmake.build:Building CMake package in '/home/carlos/ros2_ws/src/control'
[10.817s] INFO:colcon.colcon_core.shell:Skip shell extension 'powershell' for command environment: Not usable outside of PowerShell
[10.817s] DEBUG:colcon.colcon_core.shell:Skip shell extension 'dsv' for command environment
[10.822s] INFO:colcon.colcon_ros.task.ament_cmake.build:Building ROS package in '/home/carlos/ros2_ws/src/px4_ros_com' with build type 'ament_cmake'
[10.822s] INFO:colcon.colcon_cmake.task.cmake.build:Building CMake package in '/home/carlos/ros2_ws/src/px4_ros_com'
[10.822s] INFO:colcon.colcon_core.shell:Skip shell extension 'powershell' for command environment: Not usable outside of PowerShell
[10.822s] DEBUG:colcon.colcon_core.shell:Skip shell extension 'dsv' for command environment
[10.831s] DEBUG:colcon.colcon_core.event_handler.log_command:Invoking command in '/home/carlos/ros2_ws/build/control': AMENT_PREFIX_PATH=/home/carlos/ros2_ws/install/px4_msgs:${AMENT_PREFIX_PATH} CMAKE_PREFIX_PATH=/home/carlos/ros2_ws/install/px4_msgs:/opt/ros/jazzy/opt/gz_math_vendor:/opt/ros/jazzy/opt/gz_utils_vendor:/opt/ros/jazzy/opt/gz_cmake_vendor:/opt/ros/jazzy DEBUGINFOD_URLS=https://debuginfod.ubuntu.com LD_LIBRARY_PATH=/home/carlos/ros2_ws/install/px4_msgs/lib:${LD_LIBRARY_PATH} PYTHONPATH=/home/carlos/ros2_ws/install/px4_msgs/lib/python3.12/site-packages:${PYTHONPATH} /usr/bin/cmake /home/carlos/ros2_ws/src/control -DCMAKE_INSTALL_PREFIX=/home/carlos/ros2_ws/install/control
[10.843s] DEBUG:colcon.colcon_core.event_handler.log_command:Invoking command in '/home/carlos/ros2_ws/build/px4_ros_com': AMENT_PREFIX_PATH=/home/carlos/ros2_ws/install/px4_msgs:${AMENT_PREFIX_PATH} CMAKE_PREFIX_PATH=/home/carlos/ros2_ws/install/px4_msgs:/opt/ros/jazzy/opt/gz_math_vendor:/opt/ros/jazzy/opt/gz_utils_vendor:/opt/ros/jazzy/opt/gz_cmake_vendor:/opt/ros/jazzy DEBUGINFOD_URLS=https://debuginfod.ubuntu.com LD_LIBRARY_PATH=/home/carlos/ros2_ws/install/px4_msgs/lib:${LD_LIBRARY_PATH} PYTHONPATH=/home/carlos/ros2_ws/install/px4_msgs/lib/python3.12/site-packages:${PYTHONPATH} /usr/bin/cmake /home/carlos/ros2_ws/src/px4_ros_com -DCMAKE_INSTALL_PREFIX=/home/carlos/ros2_ws/install/px4_ros_com
[12.028s] DEBUG:colcon.colcon_core.event_handler.log_command:Invoked command in '/home/carlos/ros2_ws/build/px4_ros_com' returned '0': AMENT_PREFIX_PATH=/home/carlos/ros2_ws/install/px4_msgs:${AMENT_PREFIX_PATH} CMAKE_PREFIX_PATH=/home/carlos/ros2_ws/install/px4_msgs:/opt/ros/jazzy/opt/gz_math_vendor:/opt/ros/jazzy/opt/gz_utils_vendor:/opt/ros/jazzy/opt/gz_cmake_vendor:/opt/ros/jazzy DEBUGINFOD_URLS=https://debuginfod.ubuntu.com LD_LIBRARY_PATH=/home/carlos/ros2_ws/install/px4_msgs/lib:${LD_LIBRARY_PATH} PYTHONPATH=/home/carlos/ros2_ws/install/px4_msgs/lib/python3.12/site-packages:${PYTHONPATH} /usr/bin/cmake /home/carlos/ros2_ws/src/px4_ros_com -DCMAKE_INSTALL_PREFIX=/home/carlos/ros2_ws/install/px4_ros_com
[12.029s] DEBUG:colcon.colcon_core.event_handler.log_command:Invoking command in '/home/carlos/ros2_ws/build/px4_ros_com': AMENT_PREFIX_PATH=/home/carlos/ros2_ws/install/px4_msgs:${AMENT_PREFIX_PATH} CMAKE_PREFIX_PATH=/home/carlos/ros2_ws/install/px4_msgs:/opt/ros/jazzy/opt/gz_math_vendor:/opt/ros/jazzy/opt/gz_utils_vendor:/opt/ros/jazzy/opt/gz_cmake_vendor:/opt/ros/jazzy DEBUGINFOD_URLS=https://debuginfod.ubuntu.com LD_LIBRARY_PATH=/home/carlos/ros2_ws/install/px4_msgs/lib:${LD_LIBRARY_PATH} PYTHONPATH=/home/carlos/ros2_ws/install/px4_msgs/lib/python3.12/site-packages:${PYTHONPATH} /usr/bin/cmake --build /home/carlos/ros2_ws/build/px4_ros_com -- -j16 -l16
[12.458s] DEBUG:colcon.colcon_core.event_handler.log_command:Invoked command in '/home/carlos/ros2_ws/build/px4_ros_com' returned '0': AMENT_PREFIX_PATH=/home/carlos/ros2_ws/install/px4_msgs:${AMENT_PREFIX_PATH} CMAKE_PREFIX_PATH=/home/carlos/ros2_ws/install/px4_msgs:/opt/ros/jazzy/opt/gz_math_vendor:/opt/ros/jazzy/opt/gz_utils_vendor:/opt/ros/jazzy/opt/gz_cmake_vendor:/opt/ros/jazzy DEBUGINFOD_URLS=https://debuginfod.ubuntu.com LD_LIBRARY_PATH=/home/carlos/ros2_ws/install/px4_msgs/lib:${LD_LIBRARY_PATH} PYTHONPATH=/home/carlos/ros2_ws/install/px4_msgs/lib/python3.12/site-packages:${PYTHONPATH} /usr/bin/cmake --build /home/carlos/ros2_ws/build/px4_ros_com -- -j16 -l16
[12.463s] DEBUG:colcon.colcon_core.event_handler.log_command:Invoking command in '/home/carlos/ros2_ws/build/px4_ros_com': AMENT_PREFIX_PATH=/home/carlos/ros2_ws/install/px4_msgs:${AMENT_PREFIX_PATH} CMAKE_PREFIX_PATH=/home/carlos/ros2_ws/install/px4_msgs:/opt/ros/jazzy/opt/gz_math_vendor:/opt/ros/jazzy/opt/gz_utils_vendor:/opt/ros/jazzy/opt/gz_cmake_vendor:/opt/ros/jazzy DEBUGINFOD_URLS=https://debuginfod.ubuntu.com LD_LIBRARY_PATH=/home/carlos/ros2_ws/install/px4_msgs/lib:${LD_LIBRARY_PATH} PYTHONPATH=/home/carlos/ros2_ws/install/px4_msgs/lib/python3.12/site-packages:${PYTHONPATH} /usr/bin/cmake --install /home/carlos/ros2_ws/build/px4_ros_com
[12.532s] DEBUG:colcon.colcon_core.event_handler.log_command:Invoked command in '/home/carlos/ros2_ws/build/control' returned '0': AMENT_PREFIX_PATH=/home/carlos/ros2_ws/install/px4_msgs:${AMENT_PREFIX_PATH} CMAKE_PREFIX_PATH=/home/carlos/ros2_ws/install/px4_msgs:/opt/ros/jazzy/opt/gz_math_vendor:/opt/ros/jazzy/opt/gz_utils_vendor:/opt/ros/jazzy/opt/gz_cmake_vendor:/opt/ros/jazzy DEBUGINFOD_URLS=https://debuginfod.ubuntu.com LD_LIBRARY_PATH=/home/carlos/ros2_ws/install/px4_msgs/lib:${LD_LIBRARY_PATH} PYTHONPATH=/home/carlos/ros2_ws/install/px4_msgs/lib/python3.12/site-packages:${PYTHONPATH} /usr/bin/cmake /home/carlos/ros2_ws/src/control -DCMAKE_INSTALL_PREFIX=/home/carlos/ros2_ws/install/control
[12.533s] DEBUG:colcon.colcon_core.event_handler.log_command:Invoking command in '/home/carlos/ros2_ws/build/control': AMENT_PREFIX_PATH=/home/carlos/ros2_ws/install/px4_msgs:${AMENT_PREFIX_PATH} CMAKE_PREFIX_PATH=/home/carlos/ros2_ws/install/px4_msgs:/opt/ros/jazzy/opt/gz_math_vendor:/opt/ros/jazzy/opt/gz_utils_vendor:/opt/ros/jazzy/opt/gz_cmake_vendor:/opt/ros/jazzy DEBUGINFOD_URLS=https://debuginfod.ubuntu.com LD_LIBRARY_PATH=/home/carlos/ros2_ws/install/px4_msgs/lib:${LD_LIBRARY_PATH} PYTHONPATH=/home/carlos/ros2_ws/install/px4_msgs/lib/python3.12/site-packages:${PYTHONPATH} /usr/bin/cmake --build /home/carlos/ros2_ws/build/control -- -j16 -l16
[12.564s] Level 1:colcon.colcon_core.environment:create_environment_scripts_only(px4_ros_com)
[12.564s] DEBUG:colcon.colcon_core.event_handler.log_command:Invoked command in '/home/carlos/ros2_ws/build/px4_ros_com' returned '0': AMENT_PREFIX_PATH=/home/carlos/ros2_ws/install/px4_msgs:${AMENT_PREFIX_PATH} CMAKE_PREFIX_PATH=/home/carlos/ros2_ws/install/px4_msgs:/opt/ros/jazzy/opt/gz_math_vendor:/opt/ros/jazzy/opt/gz_utils_vendor:/opt/ros/jazzy/opt/gz_cmake_vendor:/opt/ros/jazzy DEBUGINFOD_URLS=https://debuginfod.ubuntu.com LD_LIBRARY_PATH=/home/carlos/ros2_ws/install/px4_msgs/lib:${LD_LIBRARY_PATH} PYTHONPATH=/home/carlos/ros2_ws/install/px4_msgs/lib/python3.12/site-packages:${PYTHONPATH} /usr/bin/cmake --install /home/carlos/ros2_ws/build/px4_ros_com
[12.564s] Level 1:colcon.colcon_core.environment:checking '/home/carlos/ros2_ws/install/px4_ros_com' for CMake module files
[12.565s] Level 1:colcon.colcon_core.environment:checking '/home/carlos/ros2_ws/install/px4_ros_com' for CMake config files
[12.565s] Level 1:colcon.colcon_core.shell:create_environment_hook('px4_ros_com', 'cmake_prefix_path')
[12.566s] INFO:colcon.colcon_core.shell:Creating environment hook '/home/carlos/ros2_ws/install/px4_ros_com/share/px4_ros_com/hook/cmake_prefix_path.ps1'
[12.566s] INFO:colcon.colcon_core.shell:Creating environment descriptor '/home/carlos/ros2_ws/install/px4_ros_com/share/px4_ros_com/hook/cmake_prefix_path.dsv'
[12.569s] INFO:colcon.colcon_core.shell:Creating environment hook '/home/carlos/ros2_ws/install/px4_ros_com/share/px4_ros_com/hook/cmake_prefix_path.sh'
[12.569s] Level 1:colcon.colcon_core.environment:checking '/home/carlos/ros2_ws/install/px4_ros_com/lib'
[12.569s] Level 1:colcon.colcon_core.shell:create_environment_hook('px4_ros_com', 'ld_library_path_lib')
[12.570s] INFO:colcon.colcon_core.shell:Creating environment hook '/home/carlos/ros2_ws/install/px4_ros_com/share/px4_ros_com/hook/ld_library_path_lib.ps1'
[12.573s] INFO:colcon.colcon_core.shell:Creating environment descriptor '/home/carlos/ros2_ws/install/px4_ros_com/share/px4_ros_com/hook/ld_library_path_lib.dsv'
[12.574s] INFO:colcon.colcon_core.shell:Creating environment hook '/home/carlos/ros2_ws/install/px4_ros_com/share/px4_ros_com/hook/ld_library_path_lib.sh'
[12.575s] Level 1:colcon.colcon_core.environment:checking '/home/carlos/ros2_ws/install/px4_ros_com/bin'
[12.575s] Level 1:colcon.colcon_core.environment:checking '/home/carlos/ros2_ws/install/px4_ros_com/lib/pkgconfig/px4_ros_com.pc'
[12.575s] Level 1:colcon.colcon_core.environment:checking '/home/carlos/ros2_ws/install/px4_ros_com/lib/python3.12/site-packages'
[12.575s] Level 1:colcon.colcon_core.shell:create_environment_hook('px4_ros_com', 'pythonpath')
[12.575s] INFO:colcon.colcon_core.shell:Creating environment hook '/home/carlos/ros2_ws/install/px4_ros_com/share/px4_ros_com/hook/pythonpath.ps1'
[12.576s] INFO:colcon.colcon_core.shell:Creating environment descriptor '/home/carlos/ros2_ws/install/px4_ros_com/share/px4_ros_com/hook/pythonpath.dsv'
[12.576s] INFO:colcon.colcon_core.shell:Creating environment hook '/home/carlos/ros2_ws/install/px4_ros_com/share/px4_ros_com/hook/pythonpath.sh'
[12.577s] Level 1:colcon.colcon_core.environment:checking '/home/carlos/ros2_ws/install/px4_ros_com/bin'
[12.577s] INFO:colcon.colcon_core.shell:Creating package script '/home/carlos/ros2_ws/install/px4_ros_com/share/px4_ros_com/package.ps1'
[12.578s] INFO:colcon.colcon_core.shell:Creating package descriptor '/home/carlos/ros2_ws/install/px4_ros_com/share/px4_ros_com/package.dsv'
[12.578s] INFO:colcon.colcon_core.shell:Creating package script '/home/carlos/ros2_ws/install/px4_ros_com/share/px4_ros_com/package.sh'
[12.579s] INFO:colcon.colcon_core.shell:Creating package script '/home/carlos/ros2_ws/install/px4_ros_com/share/px4_ros_com/package.bash'
[12.580s] INFO:colcon.colcon_core.shell:Creating package script '/home/carlos/ros2_ws/install/px4_ros_com/share/px4_ros_com/package.zsh'
[12.580s] Level 1:colcon.colcon_core.environment:create_file_with_runtime_dependencies(/home/carlos/ros2_ws/install/px4_ros_com/share/colcon-core/packages/px4_ros_com)
[12.582s] Level 1:colcon.colcon_core.environment:create_environment_scripts_only(px4_ros_com)
[12.583s] Level 1:colcon.colcon_core.environment:checking '/home/carlos/ros2_ws/install/px4_ros_com' for CMake module files
[12.583s] Level 1:colcon.colcon_core.environment:checking '/home/carlos/ros2_ws/install/px4_ros_com' for CMake config files
[12.583s] Level 1:colcon.colcon_core.shell:create_environment_hook('px4_ros_com', 'cmake_prefix_path')
[12.584s] INFO:colcon.colcon_core.shell:Creating environment hook '/home/carlos/ros2_ws/install/px4_ros_com/share/px4_ros_com/hook/cmake_prefix_path.ps1'
[12.586s] INFO:colcon.colcon_core.shell:Creating environment descriptor '/home/carlos/ros2_ws/install/px4_ros_com/share/px4_ros_com/hook/cmake_prefix_path.dsv'
[12.587s] INFO:colcon.colcon_core.shell:Creating environment hook '/home/carlos/ros2_ws/install/px4_ros_com/share/px4_ros_com/hook/cmake_prefix_path.sh'
[12.588s] Level 1:colcon.colcon_core.environment:checking '/home/carlos/ros2_ws/install/px4_ros_com/lib'
[12.588s] Level 1:colcon.colcon_core.shell:create_environment_hook('px4_ros_com', 'ld_library_path_lib')
[12.588s] INFO:colcon.colcon_core.shell:Creating environment hook '/home/carlos/ros2_ws/install/px4_ros_com/share/px4_ros_com/hook/ld_library_path_lib.ps1'
[12.588s] INFO:colcon.colcon_core.shell:Creating environment descriptor '/home/carlos/ros2_ws/install/px4_ros_com/share/px4_ros_com/hook/ld_library_path_lib.dsv'
[12.589s] INFO:colcon.colcon_core.shell:Creating environment hook '/home/carlos/ros2_ws/install/px4_ros_com/share/px4_ros_com/hook/ld_library_path_lib.sh'
[12.589s] Level 1:colcon.colcon_core.environment:checking '/home/carlos/ros2_ws/install/px4_ros_com/bin'
[12.589s] Level 1:colcon.colcon_core.environment:checking '/home/carlos/ros2_ws/install/px4_ros_com/lib/pkgconfig/px4_ros_com.pc'
[12.590s] Level 1:colcon.colcon_core.environment:checking '/home/carlos/ros2_ws/install/px4_ros_com/lib/python3.12/site-packages'
[12.590s] Level 1:colcon.colcon_core.shell:create_environment_hook('px4_ros_com', 'pythonpath')
[12.590s] INFO:colcon.colcon_core.shell:Creating environment hook '/home/carlos/ros2_ws/install/px4_ros_com/share/px4_ros_com/hook/pythonpath.ps1'
[12.590s] INFO:colcon.colcon_core.shell:Creating environment descriptor '/home/carlos/ros2_ws/install/px4_ros_com/share/px4_ros_com/hook/pythonpath.dsv'
[12.591s] INFO:colcon.colcon_core.shell:Creating environment hook '/home/carlos/ros2_ws/install/px4_ros_com/share/px4_ros_com/hook/pythonpath.sh'
[12.592s] Level 1:colcon.colcon_core.environment:checking '/home/carlos/ros2_ws/install/px4_ros_com/bin'
[12.592s] INFO:colcon.colcon_core.shell:Creating package script '/home/carlos/ros2_ws/install/px4_ros_com/share/px4_ros_com/package.ps1'
[12.592s] INFO:colcon.colcon_core.shell:Creating package descriptor '/home/carlos/ros2_ws/install/px4_ros_com/share/px4_ros_com/package.dsv'
[12.593s] INFO:colcon.colcon_core.shell:Creating package script '/home/carlos/ros2_ws/install/px4_ros_com/share/px4_ros_com/package.sh'
[12.594s] INFO:colcon.colcon_core.shell:Creating package script '/home/carlos/ros2_ws/install/px4_ros_com/share/px4_ros_com/package.bash'
[12.598s] INFO:colcon.colcon_core.shell:Creating package script '/home/carlos/ros2_ws/install/px4_ros_com/share/px4_ros_com/package.zsh'
[12.599s] Level 1:colcon.colcon_core.environment:create_file_with_runtime_dependencies(/home/carlos/ros2_ws/install/px4_ros_com/share/colcon-core/packages/px4_ros_com)
[12.601s] DEBUG:colcon.colcon_core.event_handler.log_command:Invoked command in '/home/carlos/ros2_ws/build/control' returned '0': AMENT_PREFIX_PATH=/home/carlos/ros2_ws/install/px4_msgs:${AMENT_PREFIX_PATH} CMAKE_PREFIX_PATH=/home/carlos/ros2_ws/install/px4_msgs:/opt/ros/jazzy/opt/gz_math_vendor:/opt/ros/jazzy/opt/gz_utils_vendor:/opt/ros/jazzy/opt/gz_cmake_vendor:/opt/ros/jazzy DEBUGINFOD_URLS=https://debuginfod.ubuntu.com LD_LIBRARY_PATH=/home/carlos/ros2_ws/install/px4_msgs/lib:${LD_LIBRARY_PATH} PYTHONPATH=/home/carlos/ros2_ws/install/px4_msgs/lib/python3.12/site-packages:${PYTHONPATH} /usr/bin/cmake --build /home/carlos/ros2_ws/build/control -- -j16 -l16
[12.602s] DEBUG:colcon.colcon_core.event_handler.log_command:Invoking command in '/home/carlos/ros2_ws/build/control': AMENT_PREFIX_PATH=/home/carlos/ros2_ws/install/px4_msgs:${AMENT_PREFIX_PATH} CMAKE_PREFIX_PATH=/home/carlos/ros2_ws/install/px4_msgs:/opt/ros/jazzy/opt/gz_math_vendor:/opt/ros/jazzy/opt/gz_utils_vendor:/opt/ros/jazzy/opt/gz_cmake_vendor:/opt/ros/jazzy DEBUGINFOD_URLS=https://debuginfod.ubuntu.com LD_LIBRARY_PATH=/home/carlos/ros2_ws/install/px4_msgs/lib:${LD_LIBRARY_PATH} PYTHONPATH=/home/carlos/ros2_ws/install/px4_msgs/lib/python3.12/site-packages:${PYTHONPATH} /usr/bin/cmake --install /home/carlos/ros2_ws/build/control
[12.620s] Level 1:colcon.colcon_core.environment:create_environment_scripts_only(control)
[12.621s] Level 1:colcon.colcon_core.environment:checking '/home/carlos/ros2_ws/install/control' for CMake module files
[12.621s] DEBUG:colcon.colcon_core.event_handler.log_command:Invoked command in '/home/carlos/ros2_ws/build/control' returned '0': AMENT_PREFIX_PATH=/home/carlos/ros2_ws/install/px4_msgs:${AMENT_PREFIX_PATH} CMAKE_PREFIX_PATH=/home/carlos/ros2_ws/install/px4_msgs:/opt/ros/jazzy/opt/gz_math_vendor:/opt/ros/jazzy/opt/gz_utils_vendor:/opt/ros/jazzy/opt/gz_cmake_vendor:/opt/ros/jazzy DEBUGINFOD_URLS=https://debuginfod.ubuntu.com LD_LIBRARY_PATH=/home/carlos/ros2_ws/install/px4_msgs/lib:${LD_LIBRARY_PATH} PYTHONPATH=/home/carlos/ros2_ws/install/px4_msgs/lib/python3.12/site-packages:${PYTHONPATH} /usr/bin/cmake --install /home/carlos/ros2_ws/build/control
[12.621s] Level 1:colcon.colcon_core.environment:checking '/home/carlos/ros2_ws/install/control' for CMake config files
[12.621s] Level 1:colcon.colcon_core.shell:create_environment_hook('control', 'cmake_prefix_path')
[12.622s] INFO:colcon.colcon_core.shell:Creating environment hook '/home/carlos/ros2_ws/install/control/share/control/hook/cmake_prefix_path.ps1'
[12.622s] INFO:colcon.colcon_core.shell:Creating environment descriptor '/home/carlos/ros2_ws/install/control/share/control/hook/cmake_prefix_path.dsv'
[12.622s] INFO:colcon.colcon_core.shell:Creating environment hook '/home/carlos/ros2_ws/install/control/share/control/hook/cmake_prefix_path.sh'
[12.623s] Level 1:colcon.colcon_core.environment:checking '/home/carlos/ros2_ws/install/control/lib'
[12.623s] Level 1:colcon.colcon_core.environment:checking '/home/carlos/ros2_ws/install/control/bin'
[12.623s] Level 1:colcon.colcon_core.environment:checking '/home/carlos/ros2_ws/install/control/lib/pkgconfig/control.pc'
[12.623s] Level 1:colcon.colcon_core.environment:checking '/home/carlos/ros2_ws/install/control/lib/python3.12/site-packages'
[12.624s] Level 1:colcon.colcon_core.environment:checking '/home/carlos/ros2_ws/install/control/bin'
[12.624s] INFO:colcon.colcon_core.shell:Creating package script '/home/carlos/ros2_ws/install/control/share/control/package.ps1'
[12.624s] INFO:colcon.colcon_core.shell:Creating package descriptor '/home/carlos/ros2_ws/install/control/share/control/package.dsv'
[12.625s] INFO:colcon.colcon_core.shell:Creating package script '/home/carlos/ros2_ws/install/control/share/control/package.sh'
[12.625s] INFO:colcon.colcon_core.shell:Creating package script '/home/carlos/ros2_ws/install/control/share/control/package.bash'
[12.625s] INFO:colcon.colcon_core.shell:Creating package script '/home/carlos/ros2_ws/install/control/share/control/package.zsh'
[12.626s] Level 1:colcon.colcon_core.environment:create_file_with_runtime_dependencies(/home/carlos/ros2_ws/install/control/share/colcon-core/packages/control)
[12.626s] Level 1:colcon.colcon_core.environment:create_environment_scripts_only(control)
[12.626s] Level 1:colcon.colcon_core.environment:checking '/home/carlos/ros2_ws/install/control' for CMake module files
[12.627s] Level 1:colcon.colcon_core.environment:checking '/home/carlos/ros2_ws/install/control' for CMake config files
[12.627s] Level 1:colcon.colcon_core.shell:create_environment_hook('control', 'cmake_prefix_path')
[12.627s] INFO:colcon.colcon_core.shell:Creating environment hook '/home/carlos/ros2_ws/install/control/share/control/hook/cmake_prefix_path.ps1'
[12.627s] INFO:colcon.colcon_core.shell:Creating environment descriptor '/home/carlos/ros2_ws/install/control/share/control/hook/cmake_prefix_path.dsv'
[12.628s] INFO:colcon.colcon_core.shell:Creating environment hook '/home/carlos/ros2_ws/install/control/share/control/hook/cmake_prefix_path.sh'
[12.629s] Level 1:colcon.colcon_core.environment:checking '/home/carlos/ros2_ws/install/control/lib'
[12.629s] Level 1:colcon.colcon_core.environment:checking '/home/carlos/ros2_ws/install/control/bin'
[12.629s] Level 1:colcon.colcon_core.environment:checking '/home/carlos/ros2_ws/install/control/lib/pkgconfig/control.pc'
[12.629s] Level 1:colcon.colcon_core.environment:checking '/home/carlos/ros2_ws/install/control/lib/python3.12/site-packages'
[12.629s] Level 1:colcon.colcon_core.environment:checking '/home/carlos/ros2_ws/install/control/bin'
[12.629s] INFO:colcon.colcon_core.shell:Creating package script '/home/carlos/ros2_ws/install/control/share/control/package.ps1'
[12.630s] INFO:colcon.colcon_core.shell:Creating package descriptor '/home/carlos/ros2_ws/install/control/share/control/package.dsv'
[12.630s] INFO:colcon.colcon_core.shell:Creating package script '/home/carlos/ros2_ws/install/control/share/control/package.sh'
[12.631s] INFO:colcon.colcon_core.shell:Creating package script '/home/carlos/ros2_ws/install/control/share/control/package.bash'
[12.632s] INFO:colcon.colcon_core.shell:Creating package script '/home/carlos/ros2_ws/install/control/share/control/package.zsh'
[12.632s] Level 1:colcon.colcon_core.environment:create_file_with_runtime_dependencies(/home/carlos/ros2_ws/install/control/share/colcon-core/packages/control)
[12.633s] DEBUG:colcon.colcon_parallel_executor.executor.parallel:closing loop
[12.633s] DEBUG:colcon.colcon_parallel_executor.executor.parallel:loop closed
[12.633s] DEBUG:colcon.colcon_parallel_executor.executor.parallel:run_until_complete finished with '0'
[12.633s] DEBUG:colcon.colcon_core.event_reactor:joining thread
[12.641s] INFO:colcon.colcon_core.plugin_system:Skipping extension 'colcon_notification.desktop_notification.terminal_notifier': Not used on non-Darwin systems
[12.641s] INFO:colcon.colcon_core.plugin_system:Skipping extension 'colcon_notification.desktop_notification.win32': Not used on non-Windows systems
[12.641s] INFO:colcon.colcon_notification.desktop_notification:Sending desktop notification using 'notify2'
[12.664s] DEBUG:colcon.colcon_core.event_reactor:joined thread
[12.664s] INFO:colcon.colcon_core.shell:Creating prefix script '/home/carlos/ros2_ws/install/local_setup.ps1'
[12.666s] INFO:colcon.colcon_core.shell:Creating prefix util module '/home/carlos/ros2_ws/install/_local_setup_util_ps1.py'
[12.669s] INFO:colcon.colcon_core.shell:Creating prefix chain script '/home/carlos/ros2_ws/install/setup.ps1'
[12.675s] INFO:colcon.colcon_core.shell:Creating prefix script '/home/carlos/ros2_ws/install/local_setup.sh'
[12.676s] INFO:colcon.colcon_core.shell:Creating prefix util module '/home/carlos/ros2_ws/install/_local_setup_util_sh.py'
[12.677s] INFO:colcon.colcon_core.shell:Creating prefix chain script '/home/carlos/ros2_ws/install/setup.sh'
[12.679s] INFO:colcon.colcon_core.shell:Creating prefix script '/home/carlos/ros2_ws/install/local_setup.bash'
[12.681s] INFO:colcon.colcon_core.shell:Creating prefix chain script '/home/carlos/ros2_ws/install/setup.bash'
[12.682s] INFO:colcon.colcon_core.shell:Creating prefix script '/home/carlos/ros2_ws/install/local_setup.zsh'
[12.684s] INFO:colcon.colcon_core.shell:Creating prefix chain script '/home/carlos/ros2_ws/install/setup.zsh'
