-- Install configuration: ""
-- Up-to-date: /home/carlos/ros2_ws/install/control/lib/control/position_controller.py
-- Up-to-date: /home/carlos/ros2_ws/install/control/lib/control/field.py
-- Up-to-date: /home/carlos/ros2_ws/install/control/lib/control/rover_monitor.py
-- Up-to-date: /home/carlos/ros2_ws/install/control/lib/control/temp_query.py
-- Up-to-date: /home/carlos/ros2_ws/install/control/lib/control/lawnmower.py
-- Up-to-date: /home/carlos/ros2_ws/install/control/lib/control/blawnmower.py
-- Up-to-date: /home/carlos/ros2_ws/install/control/share/control//launch
-- Up-to-date: /home/carlos/ros2_ws/install/control/share/control//launch/rover_bringup.launch.py
-- Up-to-date: /home/carlos/ros2_ws/install/control/share/control//config
-- Up-to-date: /home/carlos/ros2_ws/install/control/share/control//config/rover_viz.rviz
-- Up-to-date: /home/carlos/ros2_ws/install/control/share/control//urdf
-- Up-to-date: /home/carlos/ros2_ws/install/control/share/control//urdf/meshes
-- Up-to-date: /home/carlos/ros2_ws/install/control/share/control//urdf/meshes/wheel_link.STL
-- Up-to-date: /home/carlos/ros2_ws/install/control/share/control//urdf/meshes/chassis_link.STL
-- Up-to-date: /home/carlos/ros2_ws/install/control/share/control//urdf/meshes/top_link.STL
-- Up-to-date: /home/carlos/ros2_ws/install/control/share/control//urdf/meshes/battery_link.STL
-- Up-to-date: /home/carlos/ros2_ws/install/control/share/control//urdf/meshes/antenna_link.STL
-- Up-to-date: /home/carlos/ros2_ws/install/control/share/control//urdf/meshes/housing_link.STL
-- Up-to-date: /home/carlos/ros2_ws/install/control/share/control//urdf/meshes/wheel_link_simple.STL
-- Up-to-date: /home/carlos/ros2_ws/install/control/share/control//urdf/r1_rover.urdf
-- Up-to-date: /home/carlos/ros2_ws/install/control/share/ament_index/resource_index/package_run_dependencies/control
-- Up-to-date: /home/carlos/ros2_ws/install/control/share/ament_index/resource_index/parent_prefix_path/control
-- Up-to-date: /home/carlos/ros2_ws/install/control/share/control/environment/ament_prefix_path.sh
-- Up-to-date: /home/carlos/ros2_ws/install/control/share/control/environment/ament_prefix_path.dsv
-- Up-to-date: /home/carlos/ros2_ws/install/control/share/control/environment/path.sh
-- Up-to-date: /home/carlos/ros2_ws/install/control/share/control/environment/path.dsv
-- Up-to-date: /home/carlos/ros2_ws/install/control/share/control/local_setup.bash
-- Up-to-date: /home/carlos/ros2_ws/install/control/share/control/local_setup.sh
-- Up-to-date: /home/carlos/ros2_ws/install/control/share/control/local_setup.zsh
-- Up-to-date: /home/carlos/ros2_ws/install/control/share/control/local_setup.dsv
-- Installing: /home/carlos/ros2_ws/install/control/share/control/package.dsv
-- Up-to-date: /home/carlos/ros2_ws/install/control/share/ament_index/resource_index/packages/control
-- Up-to-date: /home/carlos/ros2_ws/install/control/share/control/cmake/controlConfig.cmake
-- Up-to-date: /home/carlos/ros2_ws/install/control/share/control/cmake/controlConfig-version.cmake
-- Up-to-date: /home/carlos/ros2_ws/install/control/share/control/package.xml
