[0.154s] DEBUG:colcon:Command line arguments: ['/usr/bin/colcon', 'build']
[0.154s] DEBUG:colcon:Parsed command line arguments: Namespace(log_base=None, log_level=None, verb_name='build', build_base='build', install_base='install', merge_install=False, symlink_install=False, test_result_base=None, continue_on_error=False, executor='parallel', parallel_workers=16, event_handlers=None, ignore_user_meta=False, metas=['./colcon.meta'], base_paths=['.'], packages_ignore=None, packages_ignore_regex=None, paths=None, packages_up_to=None, packages_up_to_regex=None, packages_above=None, packages_above_and_dependencies=None, packages_above_depth=None, packages_select_by_dep=None, packages_skip_by_dep=None, packages_skip_up_to=None, packages_select_build_failed=False, packages_skip_build_finished=False, packages_select_test_failures=False, packages_skip_test_passed=False, packages_select=None, packages_skip=None, packages_select_regex=None, packages_skip_regex=None, packages_start=None, packages_end=None, allow_overriding=[], cmake_args=None, cmake_target=None, cmake_target_skip_unavailable=False, cmake_clean_cache=False, cmake_clean_first=False, cmake_force_configure=False, ament_cmake_args=None, catkin_cmake_args=None, catkin_skip_building_tests=False, mixin_files=None, mixin=None, verb_parser=<colcon_mixin.mixin.mixin_argument.MixinArgumentDecorator object at 0x72d3a539d670>, verb_extension=<colcon_core.verb.build.BuildVerb object at 0x72d3a539d250>, main=<bound method BuildVerb.main of <colcon_core.verb.build.BuildVerb object at 0x72d3a539d250>>, mixin_verb=('build',))
[0.212s] Level 1:colcon.colcon_core.package_discovery:discover_packages(colcon_meta) check parameters
[0.212s] Level 1:colcon.colcon_core.package_discovery:discover_packages(recursive) check parameters
[0.212s] Level 1:colcon.colcon_core.package_discovery:discover_packages(ignore) check parameters
[0.212s] Level 1:colcon.colcon_core.package_discovery:discover_packages(path) check parameters
[0.212s] Level 1:colcon.colcon_core.package_discovery:discover_packages(colcon_meta) discover
[0.212s] Level 1:colcon.colcon_core.package_discovery:discover_packages(recursive) discover
[0.212s] INFO:colcon.colcon_core.package_discovery:Crawling recursively for packages in '/home/carlos/ros2_ws'
[0.212s] Level 1:colcon.colcon_core.package_identification:_identify(.) by extensions ['ignore', 'ignore_ament_install']
[0.213s] Level 1:colcon.colcon_core.package_identification:_identify(.) by extension 'ignore'
[0.213s] Level 1:colcon.colcon_core.package_identification:_identify(.) by extension 'ignore_ament_install'
[0.213s] Level 1:colcon.colcon_core.package_identification:_identify(.) by extensions ['colcon_pkg']
[0.213s] Level 1:colcon.colcon_core.package_identification:_identify(.) by extension 'colcon_pkg'
[0.213s] Level 1:colcon.colcon_core.package_identification:_identify(.) by extensions ['colcon_meta']
[0.213s] Level 1:colcon.colcon_core.package_identification:_identify(.) by extension 'colcon_meta'
[0.213s] Level 1:colcon.colcon_core.package_identification:_identify(.) by extensions ['ros']
[0.213s] Level 1:colcon.colcon_core.package_identification:_identify(.) by extension 'ros'
[0.249s] Level 1:colcon.colcon_core.package_identification:_identify(.) by extensions ['cmake', 'python']
[0.249s] Level 1:colcon.colcon_core.package_identification:_identify(.) by extension 'cmake'
[0.249s] Level 1:colcon.colcon_core.package_identification:_identify(.) by extension 'python'
[0.249s] Level 1:colcon.colcon_core.package_identification:_identify(.) by extensions ['python_setup_py']
[0.249s] Level 1:colcon.colcon_core.package_identification:_identify(.) by extension 'python_setup_py'
[0.249s] Level 1:colcon.colcon_core.package_identification:_identify(build) by extensions ['ignore', 'ignore_ament_install']
[0.249s] Level 1:colcon.colcon_core.package_identification:_identify(build) by extension 'ignore'
[0.250s] Level 1:colcon.colcon_core.package_identification:_identify(build) ignored
[0.250s] Level 1:colcon.colcon_core.package_identification:_identify(install) by extensions ['ignore', 'ignore_ament_install']
[0.250s] Level 1:colcon.colcon_core.package_identification:_identify(install) by extension 'ignore'
[0.250s] Level 1:colcon.colcon_core.package_identification:_identify(install) ignored
[0.250s] Level 1:colcon.colcon_core.package_identification:_identify(log) by extensions ['ignore', 'ignore_ament_install']
[0.250s] Level 1:colcon.colcon_core.package_identification:_identify(log) by extension 'ignore'
[0.250s] Level 1:colcon.colcon_core.package_identification:_identify(log) ignored
[0.250s] Level 1:colcon.colcon_core.package_identification:_identify(src) by extensions ['ignore', 'ignore_ament_install']
[0.250s] Level 1:colcon.colcon_core.package_identification:_identify(src) by extension 'ignore'
[0.251s] Level 1:colcon.colcon_core.package_identification:_identify(src) by extension 'ignore_ament_install'
[0.251s] Level 1:colcon.colcon_core.package_identification:_identify(src) by extensions ['colcon_pkg']
[0.251s] Level 1:colcon.colcon_core.package_identification:_identify(src) by extension 'colcon_pkg'
[0.251s] Level 1:colcon.colcon_core.package_identification:_identify(src) by extensions ['colcon_meta']
[0.251s] Level 1:colcon.colcon_core.package_identification:_identify(src) by extension 'colcon_meta'
[0.251s] Level 1:colcon.colcon_core.package_identification:_identify(src) by extensions ['ros']
[0.251s] Level 1:colcon.colcon_core.package_identification:_identify(src) by extension 'ros'
[0.251s] Level 1:colcon.colcon_core.package_identification:_identify(src) by extensions ['cmake', 'python']
[0.251s] Level 1:colcon.colcon_core.package_identification:_identify(src) by extension 'cmake'
[0.251s] Level 1:colcon.colcon_core.package_identification:_identify(src) by extension 'python'
[0.251s] Level 1:colcon.colcon_core.package_identification:_identify(src) by extensions ['python_setup_py']
[0.251s] Level 1:colcon.colcon_core.package_identification:_identify(src) by extension 'python_setup_py'
[0.251s] Level 1:colcon.colcon_core.package_identification:_identify(src/control) by extensions ['ignore', 'ignore_ament_install']
[0.251s] Level 1:colcon.colcon_core.package_identification:_identify(src/control) by extension 'ignore'
[0.251s] Level 1:colcon.colcon_core.package_identification:_identify(src/control) by extension 'ignore_ament_install'
[0.252s] Level 1:colcon.colcon_core.package_identification:_identify(src/control) by extensions ['colcon_pkg']
[0.252s] Level 1:colcon.colcon_core.package_identification:_identify(src/control) by extension 'colcon_pkg'
[0.252s] Level 1:colcon.colcon_core.package_identification:_identify(src/control) by extensions ['colcon_meta']
[0.252s] Level 1:colcon.colcon_core.package_identification:_identify(src/control) by extension 'colcon_meta'
[0.252s] Level 1:colcon.colcon_core.package_identification:_identify(src/control) by extensions ['ros']
[0.252s] Level 1:colcon.colcon_core.package_identification:_identify(src/control) by extension 'ros'
[0.255s] DEBUG:colcon.colcon_core.package_identification:Package 'src/control' with type 'ros.ament_cmake' and name 'control'
[0.255s] Level 1:colcon.colcon_core.package_identification:_identify(src/px4_msgs) by extensions ['ignore', 'ignore_ament_install']
[0.256s] Level 1:colcon.colcon_core.package_identification:_identify(src/px4_msgs) by extension 'ignore'
[0.256s] Level 1:colcon.colcon_core.package_identification:_identify(src/px4_msgs) by extension 'ignore_ament_install'
[0.256s] Level 1:colcon.colcon_core.package_identification:_identify(src/px4_msgs) by extensions ['colcon_pkg']
[0.256s] Level 1:colcon.colcon_core.package_identification:_identify(src/px4_msgs) by extension 'colcon_pkg'
[0.256s] Level 1:colcon.colcon_core.package_identification:_identify(src/px4_msgs) by extensions ['colcon_meta']
[0.256s] Level 1:colcon.colcon_core.package_identification:_identify(src/px4_msgs) by extension 'colcon_meta'
[0.256s] Level 1:colcon.colcon_core.package_identification:_identify(src/px4_msgs) by extensions ['ros']
[0.256s] Level 1:colcon.colcon_core.package_identification:_identify(src/px4_msgs) by extension 'ros'
[0.257s] DEBUG:colcon.colcon_core.package_identification:Package 'src/px4_msgs' with type 'ros.ament_cmake' and name 'px4_msgs'
[0.257s] Level 1:colcon.colcon_core.package_identification:_identify(src/px4_ros_com) by extensions ['ignore', 'ignore_ament_install']
[0.257s] Level 1:colcon.colcon_core.package_identification:_identify(src/px4_ros_com) by extension 'ignore'
[0.257s] Level 1:colcon.colcon_core.package_identification:_identify(src/px4_ros_com) by extension 'ignore_ament_install'
[0.257s] Level 1:colcon.colcon_core.package_identification:_identify(src/px4_ros_com) by extensions ['colcon_pkg']
[0.257s] Level 1:colcon.colcon_core.package_identification:_identify(src/px4_ros_com) by extension 'colcon_pkg'
[0.257s] Level 1:colcon.colcon_core.package_identification:_identify(src/px4_ros_com) by extensions ['colcon_meta']
[0.257s] Level 1:colcon.colcon_core.package_identification:_identify(src/px4_ros_com) by extension 'colcon_meta'
[0.257s] Level 1:colcon.colcon_core.package_identification:_identify(src/px4_ros_com) by extensions ['ros']
[0.257s] Level 1:colcon.colcon_core.package_identification:_identify(src/px4_ros_com) by extension 'ros'
[0.259s] DEBUG:colcon.colcon_core.package_identification:Package 'src/px4_ros_com' with type 'ros.ament_cmake' and name 'px4_ros_com'
[0.259s] Level 1:colcon.colcon_core.package_discovery:discover_packages(recursive) using defaults
[0.259s] Level 1:colcon.colcon_core.package_discovery:discover_packages(ignore) discover
[0.259s] Level 1:colcon.colcon_core.package_discovery:discover_packages(ignore) using defaults
[0.259s] Level 1:colcon.colcon_core.package_discovery:discover_packages(path) discover
[0.259s] Level 1:colcon.colcon_core.package_discovery:discover_packages(path) using defaults
[0.285s] Level 1:colcon.colcon_core.package_discovery:discover_packages(prefix_path) check parameters
[0.285s] Level 1:colcon.colcon_core.package_discovery:discover_packages(prefix_path) discover
[0.287s] DEBUG:colcon.colcon_installed_package_information.package_discovery:Found 3 installed packages in /home/carlos/ros2_ws/install
[0.290s] DEBUG:colcon.colcon_installed_package_information.package_discovery:Found 287 installed packages in /opt/ros/jazzy
[0.291s] Level 1:colcon.colcon_core.package_discovery:discover_packages(prefix_path) using defaults
[0.349s] Level 5:colcon.colcon_core.verb:set package 'px4_msgs' build argument 'cmake_args' from command line to 'None'
[0.349s] Level 5:colcon.colcon_core.verb:set package 'px4_msgs' build argument 'cmake_target' from command line to 'None'
[0.349s] Level 5:colcon.colcon_core.verb:set package 'px4_msgs' build argument 'cmake_target_skip_unavailable' from command line to 'False'
[0.349s] Level 5:colcon.colcon_core.verb:set package 'px4_msgs' build argument 'cmake_clean_cache' from command line to 'False'
[0.349s] Level 5:colcon.colcon_core.verb:set package 'px4_msgs' build argument 'cmake_clean_first' from command line to 'False'
[0.349s] Level 5:colcon.colcon_core.verb:set package 'px4_msgs' build argument 'cmake_force_configure' from command line to 'False'
[0.349s] Level 5:colcon.colcon_core.verb:set package 'px4_msgs' build argument 'ament_cmake_args' from command line to 'None'
[0.349s] Level 5:colcon.colcon_core.verb:set package 'px4_msgs' build argument 'catkin_cmake_args' from command line to 'None'
[0.349s] Level 5:colcon.colcon_core.verb:set package 'px4_msgs' build argument 'catkin_skip_building_tests' from command line to 'False'
[0.349s] DEBUG:colcon.colcon_core.verb:Building package 'px4_msgs' with the following arguments: {'ament_cmake_args': None, 'build_base': '/home/carlos/ros2_ws/build/px4_msgs', 'catkin_cmake_args': None, 'catkin_skip_building_tests': False, 'cmake_args': None, 'cmake_clean_cache': False, 'cmake_clean_first': False, 'cmake_force_configure': False, 'cmake_target': None, 'cmake_target_skip_unavailable': False, 'install_base': '/home/carlos/ros2_ws/install/px4_msgs', 'merge_install': False, 'path': '/home/carlos/ros2_ws/src/px4_msgs', 'symlink_install': False, 'test_result_base': None}
[0.350s] Level 5:colcon.colcon_core.verb:set package 'control' build argument 'cmake_args' from command line to 'None'
[0.350s] Level 5:colcon.colcon_core.verb:set package 'control' build argument 'cmake_target' from command line to 'None'
[0.350s] Level 5:colcon.colcon_core.verb:set package 'control' build argument 'cmake_target_skip_unavailable' from command line to 'False'
[0.350s] Level 5:colcon.colcon_core.verb:set package 'control' build argument 'cmake_clean_cache' from command line to 'False'
[0.350s] Level 5:colcon.colcon_core.verb:set package 'control' build argument 'cmake_clean_first' from command line to 'False'
[0.350s] Level 5:colcon.colcon_core.verb:set package 'control' build argument 'cmake_force_configure' from command line to 'False'
[0.350s] Level 5:colcon.colcon_core.verb:set package 'control' build argument 'ament_cmake_args' from command line to 'None'
[0.350s] Level 5:colcon.colcon_core.verb:set package 'control' build argument 'catkin_cmake_args' from command line to 'None'
[0.350s] Level 5:colcon.colcon_core.verb:set package 'control' build argument 'catkin_skip_building_tests' from command line to 'False'
[0.350s] DEBUG:colcon.colcon_core.verb:Building package 'control' with the following arguments: {'ament_cmake_args': None, 'build_base': '/home/carlos/ros2_ws/build/control', 'catkin_cmake_args': None, 'catkin_skip_building_tests': False, 'cmake_args': None, 'cmake_clean_cache': False, 'cmake_clean_first': False, 'cmake_force_configure': False, 'cmake_target': None, 'cmake_target_skip_unavailable': False, 'install_base': '/home/carlos/ros2_ws/install/control', 'merge_install': False, 'path': '/home/carlos/ros2_ws/src/control', 'symlink_install': False, 'test_result_base': None}
[0.350s] Level 5:colcon.colcon_core.verb:set package 'px4_ros_com' build argument 'cmake_args' from command line to 'None'
[0.350s] Level 5:colcon.colcon_core.verb:set package 'px4_ros_com' build argument 'cmake_target' from command line to 'None'
[0.350s] Level 5:colcon.colcon_core.verb:set package 'px4_ros_com' build argument 'cmake_target_skip_unavailable' from command line to 'False'
[0.350s] Level 5:colcon.colcon_core.verb:set package 'px4_ros_com' build argument 'cmake_clean_cache' from command line to 'False'
[0.350s] Level 5:colcon.colcon_core.verb:set package 'px4_ros_com' build argument 'cmake_clean_first' from command line to 'False'
[0.350s] Level 5:colcon.colcon_core.verb:set package 'px4_ros_com' build argument 'cmake_force_configure' from command line to 'False'
[0.350s] Level 5:colcon.colcon_core.verb:set package 'px4_ros_com' build argument 'ament_cmake_args' from command line to 'None'
[0.350s] Level 5:colcon.colcon_core.verb:set package 'px4_ros_com' build argument 'catkin_cmake_args' from command line to 'None'
[0.350s] Level 5:colcon.colcon_core.verb:set package 'px4_ros_com' build argument 'catkin_skip_building_tests' from command line to 'False'
[0.350s] DEBUG:colcon.colcon_core.verb:Building package 'px4_ros_com' with the following arguments: {'ament_cmake_args': None, 'build_base': '/home/carlos/ros2_ws/build/px4_ros_com', 'catkin_cmake_args': None, 'catkin_skip_building_tests': False, 'cmake_args': None, 'cmake_clean_cache': False, 'cmake_clean_first': False, 'cmake_force_configure': False, 'cmake_target': None, 'cmake_target_skip_unavailable': False, 'install_base': '/home/carlos/ros2_ws/install/px4_ros_com', 'merge_install': False, 'path': '/home/carlos/ros2_ws/src/px4_ros_com', 'symlink_install': False, 'test_result_base': None}
[0.351s] INFO:colcon.colcon_core.executor:Executing jobs using 'parallel' executor
[0.352s] DEBUG:colcon.colcon_parallel_executor.executor.parallel:run_until_complete
[0.352s] INFO:colcon.colcon_ros.task.ament_cmake.build:Building ROS package in '/home/carlos/ros2_ws/src/px4_msgs' with build type 'ament_cmake'
[0.353s] INFO:colcon.colcon_cmake.task.cmake.build:Building CMake package in '/home/carlos/ros2_ws/src/px4_msgs'
[0.356s] INFO:colcon.colcon_core.plugin_system:Skipping extension 'colcon_core.shell.bat': Not used on non-Windows systems
[0.356s] INFO:colcon.colcon_core.shell:Skip shell extension 'powershell' for command environment: Not usable outside of PowerShell
[0.356s] DEBUG:colcon.colcon_core.shell:Skip shell extension 'dsv' for command environment
[0.374s] DEBUG:colcon.colcon_core.event_handler.log_command:Invoking command in '/home/carlos/ros2_ws/build/px4_msgs': CMAKE_PREFIX_PATH=${CMAKE_PREFIX_PATH}:/opt/ros/jazzy DEBUGINFOD_URLS=https://debuginfod.ubuntu.com /usr/bin/cmake --build /home/carlos/ros2_ws/build/px4_msgs -- -j16 -l16
[2.938s] DEBUG:colcon.colcon_core.event_handler.log_command:Invoked command in '/home/carlos/ros2_ws/build/px4_msgs' returned '0': CMAKE_PREFIX_PATH=${CMAKE_PREFIX_PATH}:/opt/ros/jazzy DEBUGINFOD_URLS=https://debuginfod.ubuntu.com /usr/bin/cmake --build /home/carlos/ros2_ws/build/px4_msgs -- -j16 -l16
[2.950s] DEBUG:colcon.colcon_core.event_handler.log_command:Invoking command in '/home/carlos/ros2_ws/build/px4_msgs': CMAKE_PREFIX_PATH=${CMAKE_PREFIX_PATH}:/opt/ros/jazzy DEBUGINFOD_URLS=https://debuginfod.ubuntu.com /usr/bin/cmake --install /home/carlos/ros2_ws/build/px4_msgs
[3.452s] Level 1:colcon.colcon_core.environment:create_environment_scripts_only(px4_msgs)
[3.453s] DEBUG:colcon.colcon_core.event_handler.log_command:Invoked command in '/home/carlos/ros2_ws/build/px4_msgs' returned '0': CMAKE_PREFIX_PATH=${CMAKE_PREFIX_PATH}:/opt/ros/jazzy DEBUGINFOD_URLS=https://debuginfod.ubuntu.com /usr/bin/cmake --install /home/carlos/ros2_ws/build/px4_msgs
[3.454s] Level 1:colcon.colcon_core.environment:checking '/home/carlos/ros2_ws/install/px4_msgs' for CMake module files
[3.455s] Level 1:colcon.colcon_core.environment:checking '/home/carlos/ros2_ws/install/px4_msgs' for CMake config files
[3.475s] Level 1:colcon.colcon_core.shell:create_environment_hook('px4_msgs', 'cmake_prefix_path')
[3.475s] INFO:colcon.colcon_core.shell:Creating environment hook '/home/carlos/ros2_ws/install/px4_msgs/share/px4_msgs/hook/cmake_prefix_path.ps1'
[3.476s] INFO:colcon.colcon_core.shell:Creating environment descriptor '/home/carlos/ros2_ws/install/px4_msgs/share/px4_msgs/hook/cmake_prefix_path.dsv'
[3.476s] INFO:colcon.colcon_core.shell:Creating environment hook '/home/carlos/ros2_ws/install/px4_msgs/share/px4_msgs/hook/cmake_prefix_path.sh'
[3.477s] Level 1:colcon.colcon_core.environment:checking '/home/carlos/ros2_ws/install/px4_msgs/lib'
[3.477s] Level 1:colcon.colcon_core.shell:create_environment_hook('px4_msgs', 'ld_library_path_lib')
[3.478s] INFO:colcon.colcon_core.shell:Creating environment hook '/home/carlos/ros2_ws/install/px4_msgs/share/px4_msgs/hook/ld_library_path_lib.ps1'
[3.478s] INFO:colcon.colcon_core.shell:Creating environment descriptor '/home/carlos/ros2_ws/install/px4_msgs/share/px4_msgs/hook/ld_library_path_lib.dsv'
[3.479s] INFO:colcon.colcon_core.shell:Creating environment hook '/home/carlos/ros2_ws/install/px4_msgs/share/px4_msgs/hook/ld_library_path_lib.sh'
[3.479s] Level 1:colcon.colcon_core.environment:checking '/home/carlos/ros2_ws/install/px4_msgs/bin'
[3.479s] Level 1:colcon.colcon_core.environment:checking '/home/carlos/ros2_ws/install/px4_msgs/lib/pkgconfig/px4_msgs.pc'
[3.479s] Level 1:colcon.colcon_core.environment:checking '/home/carlos/ros2_ws/install/px4_msgs/lib/python3.12/site-packages'
[3.480s] Level 1:colcon.colcon_core.shell:create_environment_hook('px4_msgs', 'pythonpath')
[3.480s] INFO:colcon.colcon_core.shell:Creating environment hook '/home/carlos/ros2_ws/install/px4_msgs/share/px4_msgs/hook/pythonpath.ps1'
[3.480s] INFO:colcon.colcon_core.shell:Creating environment descriptor '/home/carlos/ros2_ws/install/px4_msgs/share/px4_msgs/hook/pythonpath.dsv'
[3.481s] INFO:colcon.colcon_core.shell:Creating environment hook '/home/carlos/ros2_ws/install/px4_msgs/share/px4_msgs/hook/pythonpath.sh'
[3.481s] Level 1:colcon.colcon_core.environment:checking '/home/carlos/ros2_ws/install/px4_msgs/bin'
[3.482s] INFO:colcon.colcon_core.shell:Creating package script '/home/carlos/ros2_ws/install/px4_msgs/share/px4_msgs/package.ps1'
[3.482s] INFO:colcon.colcon_core.shell:Creating package descriptor '/home/carlos/ros2_ws/install/px4_msgs/share/px4_msgs/package.dsv'
[3.482s] INFO:colcon.colcon_core.shell:Creating package script '/home/carlos/ros2_ws/install/px4_msgs/share/px4_msgs/package.sh'
[3.483s] INFO:colcon.colcon_core.shell:Creating package script '/home/carlos/ros2_ws/install/px4_msgs/share/px4_msgs/package.bash'
[3.484s] INFO:colcon.colcon_core.shell:Creating package script '/home/carlos/ros2_ws/install/px4_msgs/share/px4_msgs/package.zsh'
[3.484s] Level 1:colcon.colcon_core.environment:create_file_with_runtime_dependencies(/home/carlos/ros2_ws/install/px4_msgs/share/colcon-core/packages/px4_msgs)
[3.485s] Level 1:colcon.colcon_core.environment:create_environment_scripts_only(px4_msgs)
[3.485s] Level 1:colcon.colcon_core.environment:checking '/home/carlos/ros2_ws/install/px4_msgs' for CMake module files
[3.486s] Level 1:colcon.colcon_core.environment:checking '/home/carlos/ros2_ws/install/px4_msgs' for CMake config files
[3.505s] Level 1:colcon.colcon_core.shell:create_environment_hook('px4_msgs', 'cmake_prefix_path')
[3.505s] INFO:colcon.colcon_core.shell:Creating environment hook '/home/carlos/ros2_ws/install/px4_msgs/share/px4_msgs/hook/cmake_prefix_path.ps1'
[3.506s] INFO:colcon.colcon_core.shell:Creating environment descriptor '/home/carlos/ros2_ws/install/px4_msgs/share/px4_msgs/hook/cmake_prefix_path.dsv'
[3.506s] INFO:colcon.colcon_core.shell:Creating environment hook '/home/carlos/ros2_ws/install/px4_msgs/share/px4_msgs/hook/cmake_prefix_path.sh'
[3.507s] Level 1:colcon.colcon_core.environment:checking '/home/carlos/ros2_ws/install/px4_msgs/lib'
[3.507s] Level 1:colcon.colcon_core.shell:create_environment_hook('px4_msgs', 'ld_library_path_lib')
[3.507s] INFO:colcon.colcon_core.shell:Creating environment hook '/home/carlos/ros2_ws/install/px4_msgs/share/px4_msgs/hook/ld_library_path_lib.ps1'
[3.508s] INFO:colcon.colcon_core.shell:Creating environment descriptor '/home/carlos/ros2_ws/install/px4_msgs/share/px4_msgs/hook/ld_library_path_lib.dsv'
[3.509s] INFO:colcon.colcon_core.shell:Creating environment hook '/home/carlos/ros2_ws/install/px4_msgs/share/px4_msgs/hook/ld_library_path_lib.sh'
[3.509s] Level 1:colcon.colcon_core.environment:checking '/home/carlos/ros2_ws/install/px4_msgs/bin'
[3.509s] Level 1:colcon.colcon_core.environment:checking '/home/carlos/ros2_ws/install/px4_msgs/lib/pkgconfig/px4_msgs.pc'
[3.510s] Level 1:colcon.colcon_core.environment:checking '/home/carlos/ros2_ws/install/px4_msgs/lib/python3.12/site-packages'
[3.510s] Level 1:colcon.colcon_core.shell:create_environment_hook('px4_msgs', 'pythonpath')
[3.510s] INFO:colcon.colcon_core.shell:Creating environment hook '/home/carlos/ros2_ws/install/px4_msgs/share/px4_msgs/hook/pythonpath.ps1'
[3.514s] INFO:colcon.colcon_core.shell:Creating environment descriptor '/home/carlos/ros2_ws/install/px4_msgs/share/px4_msgs/hook/pythonpath.dsv'
[3.515s] INFO:colcon.colcon_core.shell:Creating environment hook '/home/carlos/ros2_ws/install/px4_msgs/share/px4_msgs/hook/pythonpath.sh'
[3.516s] Level 1:colcon.colcon_core.environment:checking '/home/carlos/ros2_ws/install/px4_msgs/bin'
[3.516s] INFO:colcon.colcon_core.shell:Creating package script '/home/carlos/ros2_ws/install/px4_msgs/share/px4_msgs/package.ps1'
[3.516s] INFO:colcon.colcon_core.shell:Creating package descriptor '/home/carlos/ros2_ws/install/px4_msgs/share/px4_msgs/package.dsv'
[3.517s] INFO:colcon.colcon_core.shell:Creating package script '/home/carlos/ros2_ws/install/px4_msgs/share/px4_msgs/package.sh'
[3.517s] INFO:colcon.colcon_core.shell:Creating package script '/home/carlos/ros2_ws/install/px4_msgs/share/px4_msgs/package.bash'
[3.518s] INFO:colcon.colcon_core.shell:Creating package script '/home/carlos/ros2_ws/install/px4_msgs/share/px4_msgs/package.zsh'
[3.519s] Level 1:colcon.colcon_core.environment:create_file_with_runtime_dependencies(/home/carlos/ros2_ws/install/px4_msgs/share/colcon-core/packages/px4_msgs)
[3.520s] INFO:colcon.colcon_ros.task.ament_cmake.build:Building ROS package in '/home/carlos/ros2_ws/src/control' with build type 'ament_cmake'
[3.520s] INFO:colcon.colcon_cmake.task.cmake.build:Building CMake package in '/home/carlos/ros2_ws/src/control'
[3.520s] INFO:colcon.colcon_core.shell:Skip shell extension 'powershell' for command environment: Not usable outside of PowerShell
[3.520s] DEBUG:colcon.colcon_core.shell:Skip shell extension 'dsv' for command environment
[3.523s] INFO:colcon.colcon_ros.task.ament_cmake.build:Building ROS package in '/home/carlos/ros2_ws/src/px4_ros_com' with build type 'ament_cmake'
[3.523s] INFO:colcon.colcon_cmake.task.cmake.build:Building CMake package in '/home/carlos/ros2_ws/src/px4_ros_com'
[3.523s] INFO:colcon.colcon_core.shell:Skip shell extension 'powershell' for command environment: Not usable outside of PowerShell
[3.523s] DEBUG:colcon.colcon_core.shell:Skip shell extension 'dsv' for command environment
[3.530s] DEBUG:colcon.colcon_core.event_handler.log_command:Invoking command in '/home/carlos/ros2_ws/build/control': CMAKE_PREFIX_PATH=/home/carlos/ros2_ws/install/px4_msgs:/home/carlos/ros2_ws/install/px4_ros_com:/home/carlos/ros2_ws/install/control:/opt/ros/jazzy/opt/gz_math_vendor:/opt/ros/jazzy/opt/gz_utils_vendor:/opt/ros/jazzy/opt/gz_cmake_vendor:/opt/ros/jazzy DEBUGINFOD_URLS=https://debuginfod.ubuntu.com LD_LIBRARY_PATH=/home/carlos/ros2_ws/install/px4_msgs/lib:/home/carlos/ros2_ws/install/px4_ros_com/lib:/opt/ros/jazzy/opt/zenoh_cpp_vendor/lib:/opt/ros/jazzy/opt/rviz_ogre_vendor/lib:/opt/ros/jazzy/lib/x86_64-linux-gnu:/opt/ros/jazzy/opt/gz_math_vendor/lib:/opt/ros/jazzy/opt/gz_utils_vendor/lib:/opt/ros/jazzy/opt/gz_cmake_vendor/lib:/opt/ros/jazzy/lib PYTHONPATH=/home/carlos/ros2_ws/install/px4_msgs/lib/python3.12/site-packages:/home/carlos/ros2_ws/install/px4_ros_com/lib/python3.12/site-packages:/opt/ros/jazzy/lib/python3.12/site-packages /usr/bin/cmake --build /home/carlos/ros2_ws/build/control -- -j16 -l16
[3.531s] DEBUG:colcon.colcon_core.event_handler.log_command:Invoking command in '/home/carlos/ros2_ws/build/px4_ros_com': CMAKE_PREFIX_PATH=/home/carlos/ros2_ws/install/px4_msgs:/home/carlos/ros2_ws/install/px4_ros_com:/home/carlos/ros2_ws/install/control:/opt/ros/jazzy/opt/gz_math_vendor:/opt/ros/jazzy/opt/gz_utils_vendor:/opt/ros/jazzy/opt/gz_cmake_vendor:/opt/ros/jazzy DEBUGINFOD_URLS=https://debuginfod.ubuntu.com LD_LIBRARY_PATH=/home/carlos/ros2_ws/install/px4_msgs/lib:/home/carlos/ros2_ws/install/px4_ros_com/lib:/opt/ros/jazzy/opt/zenoh_cpp_vendor/lib:/opt/ros/jazzy/opt/rviz_ogre_vendor/lib:/opt/ros/jazzy/lib/x86_64-linux-gnu:/opt/ros/jazzy/opt/gz_math_vendor/lib:/opt/ros/jazzy/opt/gz_utils_vendor/lib:/opt/ros/jazzy/opt/gz_cmake_vendor/lib:/opt/ros/jazzy/lib PYTHONPATH=/home/carlos/ros2_ws/install/px4_msgs/lib/python3.12/site-packages:/home/carlos/ros2_ws/install/px4_ros_com/lib/python3.12/site-packages:/opt/ros/jazzy/lib/python3.12/site-packages /usr/bin/cmake --build /home/carlos/ros2_ws/build/px4_ros_com -- -j16 -l16
[3.854s] DEBUG:colcon.colcon_core.event_handler.log_command:Invoked command in '/home/carlos/ros2_ws/build/px4_ros_com' returned '0': CMAKE_PREFIX_PATH=/home/carlos/ros2_ws/install/px4_msgs:/home/carlos/ros2_ws/install/px4_ros_com:/home/carlos/ros2_ws/install/control:/opt/ros/jazzy/opt/gz_math_vendor:/opt/ros/jazzy/opt/gz_utils_vendor:/opt/ros/jazzy/opt/gz_cmake_vendor:/opt/ros/jazzy DEBUGINFOD_URLS=https://debuginfod.ubuntu.com LD_LIBRARY_PATH=/home/carlos/ros2_ws/install/px4_msgs/lib:/home/carlos/ros2_ws/install/px4_ros_com/lib:/opt/ros/jazzy/opt/zenoh_cpp_vendor/lib:/opt/ros/jazzy/opt/rviz_ogre_vendor/lib:/opt/ros/jazzy/lib/x86_64-linux-gnu:/opt/ros/jazzy/opt/gz_math_vendor/lib:/opt/ros/jazzy/opt/gz_utils_vendor/lib:/opt/ros/jazzy/opt/gz_cmake_vendor/lib:/opt/ros/jazzy/lib PYTHONPATH=/home/carlos/ros2_ws/install/px4_msgs/lib/python3.12/site-packages:/home/carlos/ros2_ws/install/px4_ros_com/lib/python3.12/site-packages:/opt/ros/jazzy/lib/python3.12/site-packages /usr/bin/cmake --build /home/carlos/ros2_ws/build/px4_ros_com -- -j16 -l16
[3.855s] DEBUG:colcon.colcon_core.event_handler.log_command:Invoking command in '/home/carlos/ros2_ws/build/px4_ros_com': CMAKE_PREFIX_PATH=/home/carlos/ros2_ws/install/px4_msgs:/home/carlos/ros2_ws/install/px4_ros_com:/home/carlos/ros2_ws/install/control:/opt/ros/jazzy/opt/gz_math_vendor:/opt/ros/jazzy/opt/gz_utils_vendor:/opt/ros/jazzy/opt/gz_cmake_vendor:/opt/ros/jazzy DEBUGINFOD_URLS=https://debuginfod.ubuntu.com LD_LIBRARY_PATH=/home/carlos/ros2_ws/install/px4_msgs/lib:/home/carlos/ros2_ws/install/px4_ros_com/lib:/opt/ros/jazzy/opt/zenoh_cpp_vendor/lib:/opt/ros/jazzy/opt/rviz_ogre_vendor/lib:/opt/ros/jazzy/lib/x86_64-linux-gnu:/opt/ros/jazzy/opt/gz_math_vendor/lib:/opt/ros/jazzy/opt/gz_utils_vendor/lib:/opt/ros/jazzy/opt/gz_cmake_vendor/lib:/opt/ros/jazzy/lib PYTHONPATH=/home/carlos/ros2_ws/install/px4_msgs/lib/python3.12/site-packages:/home/carlos/ros2_ws/install/px4_ros_com/lib/python3.12/site-packages:/opt/ros/jazzy/lib/python3.12/site-packages /usr/bin/cmake --install /home/carlos/ros2_ws/build/px4_ros_com
[3.911s] Level 1:colcon.colcon_core.environment:create_environment_scripts_only(px4_ros_com)
[3.911s] Level 1:colcon.colcon_core.environment:checking '/home/carlos/ros2_ws/install/px4_ros_com' for CMake module files
[3.912s] DEBUG:colcon.colcon_core.event_handler.log_command:Invoked command in '/home/carlos/ros2_ws/build/px4_ros_com' returned '0': CMAKE_PREFIX_PATH=/home/carlos/ros2_ws/install/px4_msgs:/home/carlos/ros2_ws/install/px4_ros_com:/home/carlos/ros2_ws/install/control:/opt/ros/jazzy/opt/gz_math_vendor:/opt/ros/jazzy/opt/gz_utils_vendor:/opt/ros/jazzy/opt/gz_cmake_vendor:/opt/ros/jazzy DEBUGINFOD_URLS=https://debuginfod.ubuntu.com LD_LIBRARY_PATH=/home/carlos/ros2_ws/install/px4_msgs/lib:/home/carlos/ros2_ws/install/px4_ros_com/lib:/opt/ros/jazzy/opt/zenoh_cpp_vendor/lib:/opt/ros/jazzy/opt/rviz_ogre_vendor/lib:/opt/ros/jazzy/lib/x86_64-linux-gnu:/opt/ros/jazzy/opt/gz_math_vendor/lib:/opt/ros/jazzy/opt/gz_utils_vendor/lib:/opt/ros/jazzy/opt/gz_cmake_vendor/lib:/opt/ros/jazzy/lib PYTHONPATH=/home/carlos/ros2_ws/install/px4_msgs/lib/python3.12/site-packages:/home/carlos/ros2_ws/install/px4_ros_com/lib/python3.12/site-packages:/opt/ros/jazzy/lib/python3.12/site-packages /usr/bin/cmake --install /home/carlos/ros2_ws/build/px4_ros_com
[3.912s] Level 1:colcon.colcon_core.environment:checking '/home/carlos/ros2_ws/install/px4_ros_com' for CMake config files
[3.912s] Level 1:colcon.colcon_core.shell:create_environment_hook('px4_ros_com', 'cmake_prefix_path')
[3.912s] INFO:colcon.colcon_core.shell:Creating environment hook '/home/carlos/ros2_ws/install/px4_ros_com/share/px4_ros_com/hook/cmake_prefix_path.ps1'
[3.913s] INFO:colcon.colcon_core.shell:Creating environment descriptor '/home/carlos/ros2_ws/install/px4_ros_com/share/px4_ros_com/hook/cmake_prefix_path.dsv'
[3.914s] INFO:colcon.colcon_core.shell:Creating environment hook '/home/carlos/ros2_ws/install/px4_ros_com/share/px4_ros_com/hook/cmake_prefix_path.sh'
[3.915s] Level 1:colcon.colcon_core.environment:checking '/home/carlos/ros2_ws/install/px4_ros_com/lib'
[3.915s] Level 1:colcon.colcon_core.shell:create_environment_hook('px4_ros_com', 'ld_library_path_lib')
[3.915s] INFO:colcon.colcon_core.shell:Creating environment hook '/home/carlos/ros2_ws/install/px4_ros_com/share/px4_ros_com/hook/ld_library_path_lib.ps1'
[3.915s] INFO:colcon.colcon_core.shell:Creating environment descriptor '/home/carlos/ros2_ws/install/px4_ros_com/share/px4_ros_com/hook/ld_library_path_lib.dsv'
[3.918s] INFO:colcon.colcon_core.shell:Creating environment hook '/home/carlos/ros2_ws/install/px4_ros_com/share/px4_ros_com/hook/ld_library_path_lib.sh'
[3.920s] Level 1:colcon.colcon_core.environment:checking '/home/carlos/ros2_ws/install/px4_ros_com/bin'
[3.920s] Level 1:colcon.colcon_core.environment:checking '/home/carlos/ros2_ws/install/px4_ros_com/lib/pkgconfig/px4_ros_com.pc'
[3.920s] Level 1:colcon.colcon_core.environment:checking '/home/carlos/ros2_ws/install/px4_ros_com/lib/python3.12/site-packages'
[3.920s] Level 1:colcon.colcon_core.shell:create_environment_hook('px4_ros_com', 'pythonpath')
[3.920s] INFO:colcon.colcon_core.shell:Creating environment hook '/home/carlos/ros2_ws/install/px4_ros_com/share/px4_ros_com/hook/pythonpath.ps1'
[3.924s] INFO:colcon.colcon_core.shell:Creating environment descriptor '/home/carlos/ros2_ws/install/px4_ros_com/share/px4_ros_com/hook/pythonpath.dsv'
[3.925s] INFO:colcon.colcon_core.shell:Creating environment hook '/home/carlos/ros2_ws/install/px4_ros_com/share/px4_ros_com/hook/pythonpath.sh'
[3.926s] Level 1:colcon.colcon_core.environment:checking '/home/carlos/ros2_ws/install/px4_ros_com/bin'
[3.927s] INFO:colcon.colcon_core.shell:Creating package script '/home/carlos/ros2_ws/install/px4_ros_com/share/px4_ros_com/package.ps1'
[3.927s] INFO:colcon.colcon_core.shell:Creating package descriptor '/home/carlos/ros2_ws/install/px4_ros_com/share/px4_ros_com/package.dsv'
[3.927s] INFO:colcon.colcon_core.shell:Creating package script '/home/carlos/ros2_ws/install/px4_ros_com/share/px4_ros_com/package.sh'
[3.928s] INFO:colcon.colcon_core.shell:Creating package script '/home/carlos/ros2_ws/install/px4_ros_com/share/px4_ros_com/package.bash'
[3.928s] INFO:colcon.colcon_core.shell:Creating package script '/home/carlos/ros2_ws/install/px4_ros_com/share/px4_ros_com/package.zsh'
[3.929s] Level 1:colcon.colcon_core.environment:create_file_with_runtime_dependencies(/home/carlos/ros2_ws/install/px4_ros_com/share/colcon-core/packages/px4_ros_com)
[3.930s] Level 1:colcon.colcon_core.environment:create_environment_scripts_only(px4_ros_com)
[3.930s] Level 1:colcon.colcon_core.environment:checking '/home/carlos/ros2_ws/install/px4_ros_com' for CMake module files
[3.931s] Level 1:colcon.colcon_core.environment:checking '/home/carlos/ros2_ws/install/px4_ros_com' for CMake config files
[3.931s] Level 1:colcon.colcon_core.shell:create_environment_hook('px4_ros_com', 'cmake_prefix_path')
[3.931s] INFO:colcon.colcon_core.shell:Creating environment hook '/home/carlos/ros2_ws/install/px4_ros_com/share/px4_ros_com/hook/cmake_prefix_path.ps1'
[3.931s] INFO:colcon.colcon_core.shell:Creating environment descriptor '/home/carlos/ros2_ws/install/px4_ros_com/share/px4_ros_com/hook/cmake_prefix_path.dsv'
[3.932s] INFO:colcon.colcon_core.shell:Creating environment hook '/home/carlos/ros2_ws/install/px4_ros_com/share/px4_ros_com/hook/cmake_prefix_path.sh'
[3.933s] Level 1:colcon.colcon_core.environment:checking '/home/carlos/ros2_ws/install/px4_ros_com/lib'
[3.933s] Level 1:colcon.colcon_core.shell:create_environment_hook('px4_ros_com', 'ld_library_path_lib')
[3.934s] INFO:colcon.colcon_core.shell:Creating environment hook '/home/carlos/ros2_ws/install/px4_ros_com/share/px4_ros_com/hook/ld_library_path_lib.ps1'
[3.934s] INFO:colcon.colcon_core.shell:Creating environment descriptor '/home/carlos/ros2_ws/install/px4_ros_com/share/px4_ros_com/hook/ld_library_path_lib.dsv'
[3.935s] INFO:colcon.colcon_core.shell:Creating environment hook '/home/carlos/ros2_ws/install/px4_ros_com/share/px4_ros_com/hook/ld_library_path_lib.sh'
[3.936s] Level 1:colcon.colcon_core.environment:checking '/home/carlos/ros2_ws/install/px4_ros_com/bin'
[3.936s] Level 1:colcon.colcon_core.environment:checking '/home/carlos/ros2_ws/install/px4_ros_com/lib/pkgconfig/px4_ros_com.pc'
[3.936s] Level 1:colcon.colcon_core.environment:checking '/home/carlos/ros2_ws/install/px4_ros_com/lib/python3.12/site-packages'
[3.936s] Level 1:colcon.colcon_core.shell:create_environment_hook('px4_ros_com', 'pythonpath')
[3.936s] INFO:colcon.colcon_core.shell:Creating environment hook '/home/carlos/ros2_ws/install/px4_ros_com/share/px4_ros_com/hook/pythonpath.ps1'
[3.936s] INFO:colcon.colcon_core.shell:Creating environment descriptor '/home/carlos/ros2_ws/install/px4_ros_com/share/px4_ros_com/hook/pythonpath.dsv'
[3.937s] INFO:colcon.colcon_core.shell:Creating environment hook '/home/carlos/ros2_ws/install/px4_ros_com/share/px4_ros_com/hook/pythonpath.sh'
[3.939s] Level 1:colcon.colcon_core.environment:checking '/home/carlos/ros2_ws/install/px4_ros_com/bin'
[3.939s] INFO:colcon.colcon_core.shell:Creating package script '/home/carlos/ros2_ws/install/px4_ros_com/share/px4_ros_com/package.ps1'
[3.940s] INFO:colcon.colcon_core.shell:Creating package descriptor '/home/carlos/ros2_ws/install/px4_ros_com/share/px4_ros_com/package.dsv'
[3.941s] INFO:colcon.colcon_core.shell:Creating package script '/home/carlos/ros2_ws/install/px4_ros_com/share/px4_ros_com/package.sh'
[3.942s] INFO:colcon.colcon_core.shell:Creating package script '/home/carlos/ros2_ws/install/px4_ros_com/share/px4_ros_com/package.bash'
[3.943s] INFO:colcon.colcon_core.shell:Creating package script '/home/carlos/ros2_ws/install/px4_ros_com/share/px4_ros_com/package.zsh'
[3.943s] Level 1:colcon.colcon_core.environment:create_file_with_runtime_dependencies(/home/carlos/ros2_ws/install/px4_ros_com/share/colcon-core/packages/px4_ros_com)
[4.463s] DEBUG:colcon.colcon_core.event_handler.log_command:Invoked command in '/home/carlos/ros2_ws/build/control' returned '0': CMAKE_PREFIX_PATH=/home/carlos/ros2_ws/install/px4_msgs:/home/carlos/ros2_ws/install/px4_ros_com:/home/carlos/ros2_ws/install/control:/opt/ros/jazzy/opt/gz_math_vendor:/opt/ros/jazzy/opt/gz_utils_vendor:/opt/ros/jazzy/opt/gz_cmake_vendor:/opt/ros/jazzy DEBUGINFOD_URLS=https://debuginfod.ubuntu.com LD_LIBRARY_PATH=/home/carlos/ros2_ws/install/px4_msgs/lib:/home/carlos/ros2_ws/install/px4_ros_com/lib:/opt/ros/jazzy/opt/zenoh_cpp_vendor/lib:/opt/ros/jazzy/opt/rviz_ogre_vendor/lib:/opt/ros/jazzy/lib/x86_64-linux-gnu:/opt/ros/jazzy/opt/gz_math_vendor/lib:/opt/ros/jazzy/opt/gz_utils_vendor/lib:/opt/ros/jazzy/opt/gz_cmake_vendor/lib:/opt/ros/jazzy/lib PYTHONPATH=/home/carlos/ros2_ws/install/px4_msgs/lib/python3.12/site-packages:/home/carlos/ros2_ws/install/px4_ros_com/lib/python3.12/site-packages:/opt/ros/jazzy/lib/python3.12/site-packages /usr/bin/cmake --build /home/carlos/ros2_ws/build/control -- -j16 -l16
[4.464s] DEBUG:colcon.colcon_core.event_handler.log_command:Invoking command in '/home/carlos/ros2_ws/build/control': CMAKE_PREFIX_PATH=/home/carlos/ros2_ws/install/px4_msgs:/home/carlos/ros2_ws/install/px4_ros_com:/home/carlos/ros2_ws/install/control:/opt/ros/jazzy/opt/gz_math_vendor:/opt/ros/jazzy/opt/gz_utils_vendor:/opt/ros/jazzy/opt/gz_cmake_vendor:/opt/ros/jazzy DEBUGINFOD_URLS=https://debuginfod.ubuntu.com LD_LIBRARY_PATH=/home/carlos/ros2_ws/install/px4_msgs/lib:/home/carlos/ros2_ws/install/px4_ros_com/lib:/opt/ros/jazzy/opt/zenoh_cpp_vendor/lib:/opt/ros/jazzy/opt/rviz_ogre_vendor/lib:/opt/ros/jazzy/lib/x86_64-linux-gnu:/opt/ros/jazzy/opt/gz_math_vendor/lib:/opt/ros/jazzy/opt/gz_utils_vendor/lib:/opt/ros/jazzy/opt/gz_cmake_vendor/lib:/opt/ros/jazzy/lib PYTHONPATH=/home/carlos/ros2_ws/install/px4_msgs/lib/python3.12/site-packages:/home/carlos/ros2_ws/install/px4_ros_com/lib/python3.12/site-packages:/opt/ros/jazzy/lib/python3.12/site-packages /usr/bin/cmake --install /home/carlos/ros2_ws/build/control
[4.475s] Level 1:colcon.colcon_core.environment:create_environment_scripts_only(control)
[4.476s] Level 1:colcon.colcon_core.environment:checking '/home/carlos/ros2_ws/install/control' for CMake module files
[4.476s] DEBUG:colcon.colcon_core.event_handler.log_command:Invoked command in '/home/carlos/ros2_ws/build/control' returned '0': CMAKE_PREFIX_PATH=/home/carlos/ros2_ws/install/px4_msgs:/home/carlos/ros2_ws/install/px4_ros_com:/home/carlos/ros2_ws/install/control:/opt/ros/jazzy/opt/gz_math_vendor:/opt/ros/jazzy/opt/gz_utils_vendor:/opt/ros/jazzy/opt/gz_cmake_vendor:/opt/ros/jazzy DEBUGINFOD_URLS=https://debuginfod.ubuntu.com LD_LIBRARY_PATH=/home/carlos/ros2_ws/install/px4_msgs/lib:/home/carlos/ros2_ws/install/px4_ros_com/lib:/opt/ros/jazzy/opt/zenoh_cpp_vendor/lib:/opt/ros/jazzy/opt/rviz_ogre_vendor/lib:/opt/ros/jazzy/lib/x86_64-linux-gnu:/opt/ros/jazzy/opt/gz_math_vendor/lib:/opt/ros/jazzy/opt/gz_utils_vendor/lib:/opt/ros/jazzy/opt/gz_cmake_vendor/lib:/opt/ros/jazzy/lib PYTHONPATH=/home/carlos/ros2_ws/install/px4_msgs/lib/python3.12/site-packages:/home/carlos/ros2_ws/install/px4_ros_com/lib/python3.12/site-packages:/opt/ros/jazzy/lib/python3.12/site-packages /usr/bin/cmake --install /home/carlos/ros2_ws/build/control
[4.477s] Level 1:colcon.colcon_core.environment:checking '/home/carlos/ros2_ws/install/control' for CMake config files
[4.477s] Level 1:colcon.colcon_core.shell:create_environment_hook('control', 'cmake_prefix_path')
[4.477s] INFO:colcon.colcon_core.shell:Creating environment hook '/home/carlos/ros2_ws/install/control/share/control/hook/cmake_prefix_path.ps1'
[4.477s] INFO:colcon.colcon_core.shell:Creating environment descriptor '/home/carlos/ros2_ws/install/control/share/control/hook/cmake_prefix_path.dsv'
[4.478s] INFO:colcon.colcon_core.shell:Creating environment hook '/home/carlos/ros2_ws/install/control/share/control/hook/cmake_prefix_path.sh'
[4.479s] Level 1:colcon.colcon_core.environment:checking '/home/carlos/ros2_ws/install/control/lib'
[4.479s] Level 1:colcon.colcon_core.environment:checking '/home/carlos/ros2_ws/install/control/bin'
[4.479s] Level 1:colcon.colcon_core.environment:checking '/home/carlos/ros2_ws/install/control/lib/pkgconfig/control.pc'
[4.479s] Level 1:colcon.colcon_core.environment:checking '/home/carlos/ros2_ws/install/control/lib/python3.12/site-packages'
[4.480s] Level 1:colcon.colcon_core.environment:checking '/home/carlos/ros2_ws/install/control/bin'
[4.480s] INFO:colcon.colcon_core.shell:Creating package script '/home/carlos/ros2_ws/install/control/share/control/package.ps1'
[4.480s] INFO:colcon.colcon_core.shell:Creating package descriptor '/home/carlos/ros2_ws/install/control/share/control/package.dsv'
[4.481s] INFO:colcon.colcon_core.shell:Creating package script '/home/carlos/ros2_ws/install/control/share/control/package.sh'
[4.482s] INFO:colcon.colcon_core.shell:Creating package script '/home/carlos/ros2_ws/install/control/share/control/package.bash'
[4.482s] INFO:colcon.colcon_core.shell:Creating package script '/home/carlos/ros2_ws/install/control/share/control/package.zsh'
[4.483s] Level 1:colcon.colcon_core.environment:create_file_with_runtime_dependencies(/home/carlos/ros2_ws/install/control/share/colcon-core/packages/control)
[4.484s] Level 1:colcon.colcon_core.environment:create_environment_scripts_only(control)
[4.484s] Level 1:colcon.colcon_core.environment:checking '/home/carlos/ros2_ws/install/control' for CMake module files
[4.484s] Level 1:colcon.colcon_core.environment:checking '/home/carlos/ros2_ws/install/control' for CMake config files
[4.484s] Level 1:colcon.colcon_core.shell:create_environment_hook('control', 'cmake_prefix_path')
[4.484s] INFO:colcon.colcon_core.shell:Creating environment hook '/home/carlos/ros2_ws/install/control/share/control/hook/cmake_prefix_path.ps1'
[4.485s] INFO:colcon.colcon_core.shell:Creating environment descriptor '/home/carlos/ros2_ws/install/control/share/control/hook/cmake_prefix_path.dsv'
[4.485s] INFO:colcon.colcon_core.shell:Creating environment hook '/home/carlos/ros2_ws/install/control/share/control/hook/cmake_prefix_path.sh'
[4.486s] Level 1:colcon.colcon_core.environment:checking '/home/carlos/ros2_ws/install/control/lib'
[4.486s] Level 1:colcon.colcon_core.environment:checking '/home/carlos/ros2_ws/install/control/bin'
[4.486s] Level 1:colcon.colcon_core.environment:checking '/home/carlos/ros2_ws/install/control/lib/pkgconfig/control.pc'
[4.486s] Level 1:colcon.colcon_core.environment:checking '/home/carlos/ros2_ws/install/control/lib/python3.12/site-packages'
[4.486s] Level 1:colcon.colcon_core.environment:checking '/home/carlos/ros2_ws/install/control/bin'
[4.487s] INFO:colcon.colcon_core.shell:Creating package script '/home/carlos/ros2_ws/install/control/share/control/package.ps1'
[4.487s] INFO:colcon.colcon_core.shell:Creating package descriptor '/home/carlos/ros2_ws/install/control/share/control/package.dsv'
[4.488s] INFO:colcon.colcon_core.shell:Creating package script '/home/carlos/ros2_ws/install/control/share/control/package.sh'
[4.488s] INFO:colcon.colcon_core.shell:Creating package script '/home/carlos/ros2_ws/install/control/share/control/package.bash'
[4.489s] INFO:colcon.colcon_core.shell:Creating package script '/home/carlos/ros2_ws/install/control/share/control/package.zsh'
[4.489s] Level 1:colcon.colcon_core.environment:create_file_with_runtime_dependencies(/home/carlos/ros2_ws/install/control/share/colcon-core/packages/control)
[4.490s] DEBUG:colcon.colcon_parallel_executor.executor.parallel:closing loop
[4.490s] DEBUG:colcon.colcon_parallel_executor.executor.parallel:loop closed
[4.491s] DEBUG:colcon.colcon_parallel_executor.executor.parallel:run_until_complete finished with '0'
[4.491s] DEBUG:colcon.colcon_core.event_reactor:joining thread
[4.495s] INFO:colcon.colcon_core.plugin_system:Skipping extension 'colcon_notification.desktop_notification.terminal_notifier': Not used on non-Darwin systems
[4.495s] INFO:colcon.colcon_core.plugin_system:Skipping extension 'colcon_notification.desktop_notification.win32': Not used on non-Windows systems
[4.495s] INFO:colcon.colcon_notification.desktop_notification:Sending desktop notification using 'notify2'
[4.507s] DEBUG:colcon.colcon_core.event_reactor:joined thread
[4.507s] INFO:colcon.colcon_core.shell:Creating prefix script '/home/carlos/ros2_ws/install/local_setup.ps1'
[4.508s] INFO:colcon.colcon_core.shell:Creating prefix util module '/home/carlos/ros2_ws/install/_local_setup_util_ps1.py'
[4.512s] INFO:colcon.colcon_core.shell:Creating prefix chain script '/home/carlos/ros2_ws/install/setup.ps1'
[4.513s] INFO:colcon.colcon_core.shell:Creating prefix script '/home/carlos/ros2_ws/install/local_setup.sh'
[4.514s] INFO:colcon.colcon_core.shell:Creating prefix util module '/home/carlos/ros2_ws/install/_local_setup_util_sh.py'
[4.515s] INFO:colcon.colcon_core.shell:Creating prefix chain script '/home/carlos/ros2_ws/install/setup.sh'
[4.516s] INFO:colcon.colcon_core.shell:Creating prefix script '/home/carlos/ros2_ws/install/local_setup.bash'
[4.516s] INFO:colcon.colcon_core.shell:Creating prefix chain script '/home/carlos/ros2_ws/install/setup.bash'
[4.517s] INFO:colcon.colcon_core.shell:Creating prefix script '/home/carlos/ros2_ws/install/local_setup.zsh'
[4.518s] INFO:colcon.colcon_core.shell:Creating prefix chain script '/home/carlos/ros2_ws/install/setup.zsh'
