[0.021s] Invoking command in '/home/carlos/ros2_ws/build/px4_ros_com': AMENT_PREFIX_PATH=/home/carlos/ros2_ws/install/px4_msgs:${AMENT_PREFIX_PATH} CMAKE_PREFIX_PATH=/home/carlos/ros2_ws/install/px4_msgs:/opt/ros/jazzy/opt/gz_math_vendor:/opt/ros/jazzy/opt/gz_utils_vendor:/opt/ros/jazzy/opt/gz_cmake_vendor:/opt/ros/jazzy DEBUGINFOD_URLS=https://debuginfod.ubuntu.com LD_LIBRARY_PATH=/home/carlos/ros2_ws/install/px4_msgs/lib:${LD_LIBRARY_PATH} PYTHONPATH=/home/carlos/ros2_ws/install/px4_msgs/lib/python3.12/site-packages:${PYTHONPATH} /usr/bin/cmake /home/carlos/ros2_ws/src/px4_ros_com -DCMAKE_INSTALL_PREFIX=/home/carlos/ros2_ws/install/px4_ros_com
[0.046s] -- Found ament_cmake: 2.5.4 (/opt/ros/jazzy/share/ament_cmake/cmake)
[0.315s] -- Override CMake install command with custom implementation using symlinks instead of copying resources
[0.325s] -- Found builtin_interfaces: 2.0.3 (/opt/ros/jazzy/share/builtin_interfaces/cmake)
[0.345s] -- Found rosidl_generator_c: 4.6.6 (/opt/ros/jazzy/share/rosidl_generator_c/cmake)
[0.352s] -- Found rosidl_generator_cpp: 4.6.6 (/opt/ros/jazzy/share/rosidl_generator_cpp/cmake)
[0.367s] -- Using all available rosidl_typesupport_c: rosidl_typesupport_fastrtps_c;rosidl_typesupport_introspection_c
[0.380s] -- Using all available rosidl_typesupport_cpp: rosidl_typesupport_fastrtps_cpp;rosidl_typesupport_introspection_cpp
[0.394s] -- Found eigen3_cmake_module: 0.3.0 (/opt/ros/jazzy/share/eigen3_cmake_module/cmake)
[0.408s] -- Found geometry_msgs: 5.3.6 (/opt/ros/jazzy/share/geometry_msgs/cmake)
[0.507s] -- Found px4_msgs: 2.0.1 (/home/carlos/ros2_ws/install/px4_msgs/share/px4_msgs/cmake)
[0.547s] -- Found rclcpp: 28.1.12 (/opt/ros/jazzy/share/rclcpp/cmake)
[0.651s] -- Found rmw_implementation_cmake: 7.3.2 (/opt/ros/jazzy/share/rmw_implementation_cmake/cmake)
[0.657s] -- Found rmw_fastrtps_cpp: 8.4.3 (/opt/ros/jazzy/share/rmw_fastrtps_cpp/cmake)
[0.775s] -- Using RMW implementation 'rmw_fastrtps_cpp' as default
[0.879s] -- Found sensor_msgs: 5.3.6 (/opt/ros/jazzy/share/sensor_msgs/cmake)
[0.914s] -- Found rclpy: 7.1.5 (/opt/ros/jazzy/share/rclpy/cmake)
[0.923s] -- Found ament_lint_auto: 0.17.3 (/opt/ros/jazzy/share/ament_lint_auto/cmake)
[1.041s] -- Added test 'copyright' to check source files copyright and LICENSE
[1.060s] -- Added test 'cppcheck' to perform static code analysis on C / C++ code
[1.062s] -- Configured cppcheck include dirs: /home/carlos/ros2_ws/src/px4_ros_com/include;$<BUILD_INTERFACE:/home/carlos/ros2_ws/src/px4_ros_com/include/px4_ros_com>
[1.062s] -- Configured cppcheck exclude dirs and/or files: 
[1.067s] -- Added test 'cpplint' to check C / C++ code against the Google style
[1.067s] -- Configured cpplint exclude dirs and/or files: 
[1.068s] -- Added test 'flake8' to check Python code syntax and style conventions
[1.068s] -- Configured 'flake8' exclude dirs and/or files: 
[1.070s] -- Added test 'lint_cmake' to check CMake code style
[1.071s] -- Added test 'pep257' to check Python code against some of the docstring style conventions in PEP 257
[1.076s] -- Added test 'uncrustify' to check C / C++ code style
[1.076s] -- Configured uncrustify additional arguments: 
[1.077s] -- Added test 'xmllint' to check XML markup files
[1.083s] -- Configuring done (1.0s)
[1.169s] -- Generating done (0.1s)
[1.196s] -- Build files have been written to: /home/carlos/ros2_ws/build/px4_ros_com
[1.206s] Invoked command in '/home/carlos/ros2_ws/build/px4_ros_com' returned '0': AMENT_PREFIX_PATH=/home/carlos/ros2_ws/install/px4_msgs:${AMENT_PREFIX_PATH} CMAKE_PREFIX_PATH=/home/carlos/ros2_ws/install/px4_msgs:/opt/ros/jazzy/opt/gz_math_vendor:/opt/ros/jazzy/opt/gz_utils_vendor:/opt/ros/jazzy/opt/gz_cmake_vendor:/opt/ros/jazzy DEBUGINFOD_URLS=https://debuginfod.ubuntu.com LD_LIBRARY_PATH=/home/carlos/ros2_ws/install/px4_msgs/lib:${LD_LIBRARY_PATH} PYTHONPATH=/home/carlos/ros2_ws/install/px4_msgs/lib/python3.12/site-packages:${PYTHONPATH} /usr/bin/cmake /home/carlos/ros2_ws/src/px4_ros_com -DCMAKE_INSTALL_PREFIX=/home/carlos/ros2_ws/install/px4_ros_com
[1.207s] Invoking command in '/home/carlos/ros2_ws/build/px4_ros_com': AMENT_PREFIX_PATH=/home/carlos/ros2_ws/install/px4_msgs:${AMENT_PREFIX_PATH} CMAKE_PREFIX_PATH=/home/carlos/ros2_ws/install/px4_msgs:/opt/ros/jazzy/opt/gz_math_vendor:/opt/ros/jazzy/opt/gz_utils_vendor:/opt/ros/jazzy/opt/gz_cmake_vendor:/opt/ros/jazzy DEBUGINFOD_URLS=https://debuginfod.ubuntu.com LD_LIBRARY_PATH=/home/carlos/ros2_ws/install/px4_msgs/lib:${LD_LIBRARY_PATH} PYTHONPATH=/home/carlos/ros2_ws/install/px4_msgs/lib/python3.12/site-packages:${PYTHONPATH} /usr/bin/cmake --build /home/carlos/ros2_ws/build/px4_ros_com -- -j16 -l16
[1.276s] [  0%] Built target ament_cmake_python_symlink_px4_ros_com
[1.338s] [ 16%] Built target frame_transforms
[1.339s] [100%] Built target offboard_control
[1.339s] [100%] Built target sensor_combined_listener
[1.339s] [100%] Built target offboard_control_srv
[1.339s] [100%] Built target debug_vect_advertiser
[1.339s] [100%] Built target vehicle_gps_position_listener
[1.492s] running egg_info
[1.510s] writing px4_ros_com.egg-info/PKG-INFO
[1.510s] writing dependency_links to px4_ros_com.egg-info/dependency_links.txt
[1.511s] writing top-level names to px4_ros_com.egg-info/top_level.txt
[1.566s] reading manifest file 'px4_ros_com.egg-info/SOURCES.txt'
[1.587s] writing manifest file 'px4_ros_com.egg-info/SOURCES.txt'
[1.623s] [100%] Built target ament_cmake_python_build_px4_ros_com_egg
[1.637s] Invoked command in '/home/carlos/ros2_ws/build/px4_ros_com' returned '0': AMENT_PREFIX_PATH=/home/carlos/ros2_ws/install/px4_msgs:${AMENT_PREFIX_PATH} CMAKE_PREFIX_PATH=/home/carlos/ros2_ws/install/px4_msgs:/opt/ros/jazzy/opt/gz_math_vendor:/opt/ros/jazzy/opt/gz_utils_vendor:/opt/ros/jazzy/opt/gz_cmake_vendor:/opt/ros/jazzy DEBUGINFOD_URLS=https://debuginfod.ubuntu.com LD_LIBRARY_PATH=/home/carlos/ros2_ws/install/px4_msgs/lib:${LD_LIBRARY_PATH} PYTHONPATH=/home/carlos/ros2_ws/install/px4_msgs/lib/python3.12/site-packages:${PYTHONPATH} /usr/bin/cmake --build /home/carlos/ros2_ws/build/px4_ros_com -- -j16 -l16
[1.641s] Invoking command in '/home/carlos/ros2_ws/build/px4_ros_com': AMENT_PREFIX_PATH=/home/carlos/ros2_ws/install/px4_msgs:${AMENT_PREFIX_PATH} CMAKE_PREFIX_PATH=/home/carlos/ros2_ws/install/px4_msgs:/opt/ros/jazzy/opt/gz_math_vendor:/opt/ros/jazzy/opt/gz_utils_vendor:/opt/ros/jazzy/opt/gz_cmake_vendor:/opt/ros/jazzy DEBUGINFOD_URLS=https://debuginfod.ubuntu.com LD_LIBRARY_PATH=/home/carlos/ros2_ws/install/px4_msgs/lib:${LD_LIBRARY_PATH} PYTHONPATH=/home/carlos/ros2_ws/install/px4_msgs/lib/python3.12/site-packages:${PYTHONPATH} /usr/bin/cmake --install /home/carlos/ros2_ws/build/px4_ros_com
[1.650s] -- Install configuration: ""
[1.650s] -- Execute custom install script
[1.654s] -- Up-to-date symlink: /home/carlos/ros2_ws/install/px4_ros_com/lib/px4_ros_com/sensor_combined_listener
[1.655s] -- Up-to-date symlink: /home/carlos/ros2_ws/install/px4_ros_com/lib/px4_ros_com/vehicle_gps_position_listener
[1.656s] -- Up-to-date symlink: /home/carlos/ros2_ws/install/px4_ros_com/lib/px4_ros_com/debug_vect_advertiser
[1.656s] -- Up-to-date symlink: /home/carlos/ros2_ws/install/px4_ros_com/lib/px4_ros_com/offboard_control
[1.656s] -- Up-to-date symlink: /home/carlos/ros2_ws/install/px4_ros_com/lib/px4_ros_com/offboard_control_srv
[1.658s] -- Up-to-date symlink: /home/carlos/ros2_ws/install/px4_ros_com/share/px4_ros_com/environment/library_path.sh
[1.658s] -- Up-to-date symlink: /home/carlos/ros2_ws/install/px4_ros_com/share/px4_ros_com/environment/library_path.dsv
[1.660s] -- Up-to-date symlink: /home/carlos/ros2_ws/install/px4_ros_com/include/px4_ros_com/frame_transforms.h
[1.660s] -- Up-to-date symlink: /home/carlos/ros2_ws/install/px4_ros_com/share/px4_ros_com//launch/offboard_control_launch.yaml
[1.660s] -- Up-to-date symlink: /home/carlos/ros2_ws/install/px4_ros_com/share/px4_ros_com//launch/sensor_combined_listener.launch.py
[1.661s] -- Up-to-date symlink: /home/carlos/ros2_ws/install/px4_ros_com/share/px4_ros_com//test/__init__.py
[1.661s] -- Up-to-date symlink: /home/carlos/ros2_ws/install/px4_ros_com/share/px4_ros_com//test/pipeline_io_test.py
[1.661s] -- Up-to-date symlink: /home/carlos/ros2_ws/install/px4_ros_com/share/px4_ros_com//test/test_input.py
[1.661s] -- Up-to-date symlink: /home/carlos/ros2_ws/install/px4_ros_com/share/px4_ros_com//test/test_output.py
[1.662s] -- Up-to-date symlink: /home/carlos/ros2_ws/install/px4_ros_com/share/px4_ros_com/environment/pythonpath.sh
[1.662s] -- Up-to-date symlink: /home/carlos/ros2_ws/install/px4_ros_com/share/px4_ros_com/environment/pythonpath.dsv
[1.663s] -- Up-to-date symlink: /home/carlos/ros2_ws/install/px4_ros_com/lib/python3.12/site-packages/px4_ros_com-0.1.0-py3.12.egg-info/PKG-INFO
[1.663s] -- Up-to-date symlink: /home/carlos/ros2_ws/install/px4_ros_com/lib/python3.12/site-packages/px4_ros_com-0.1.0-py3.12.egg-info/SOURCES.txt
[1.663s] -- Up-to-date symlink: /home/carlos/ros2_ws/install/px4_ros_com/lib/python3.12/site-packages/px4_ros_com-0.1.0-py3.12.egg-info/dependency_links.txt
[1.664s] -- Up-to-date symlink: /home/carlos/ros2_ws/install/px4_ros_com/lib/python3.12/site-packages/px4_ros_com-0.1.0-py3.12.egg-info/top_level.txt
[1.664s] -- Up-to-date symlink: /home/carlos/ros2_ws/install/px4_ros_com/lib/python3.12/site-packages/px4_ros_com/__init__.py
[1.665s] -- Up-to-date symlink: /home/carlos/ros2_ws/install/px4_ros_com/lib/python3.12/site-packages/px4_ros_com/module_to_import.py
[1.665s] -- Up-to-date symlink: /home/carlos/ros2_ws/install/px4_ros_com/lib/px4_ros_com/offboard_control.py
[1.666s] -- Up-to-date symlink: /home/carlos/ros2_ws/install/px4_ros_com/share/ament_index/resource_index/package_run_dependencies/px4_ros_com
[1.667s] -- Up-to-date symlink: /home/carlos/ros2_ws/install/px4_ros_com/share/ament_index/resource_index/parent_prefix_path/px4_ros_com
[1.668s] -- Up-to-date symlink: /home/carlos/ros2_ws/install/px4_ros_com/share/px4_ros_com/environment/ament_prefix_path.sh
[1.668s] -- Up-to-date symlink: /home/carlos/ros2_ws/install/px4_ros_com/share/px4_ros_com/environment/ament_prefix_path.dsv
[1.668s] -- Up-to-date symlink: /home/carlos/ros2_ws/install/px4_ros_com/share/px4_ros_com/environment/path.sh
[1.669s] -- Up-to-date symlink: /home/carlos/ros2_ws/install/px4_ros_com/share/px4_ros_com/environment/path.dsv
[1.669s] -- Up-to-date symlink: /home/carlos/ros2_ws/install/px4_ros_com/share/px4_ros_com/local_setup.bash
[1.669s] -- Up-to-date symlink: /home/carlos/ros2_ws/install/px4_ros_com/share/px4_ros_com/local_setup.sh
[1.670s] -- Up-to-date symlink: /home/carlos/ros2_ws/install/px4_ros_com/share/px4_ros_com/local_setup.zsh
[1.670s] -- Up-to-date symlink: /home/carlos/ros2_ws/install/px4_ros_com/share/px4_ros_com/local_setup.dsv
[1.670s] -- Symlinking: /home/carlos/ros2_ws/install/px4_ros_com/share/px4_ros_com/package.dsv
[1.681s] -- Up-to-date symlink: /home/carlos/ros2_ws/install/px4_ros_com/share/ament_index/resource_index/packages/px4_ros_com
[1.682s] -- Up-to-date symlink: /home/carlos/ros2_ws/install/px4_ros_com/share/px4_ros_com/cmake/ament_cmake_export_dependencies-extras.cmake
[1.682s] -- Up-to-date symlink: /home/carlos/ros2_ws/install/px4_ros_com/share/px4_ros_com/cmake/ament_cmake_export_targets-extras.cmake
[1.683s] -- Up-to-date symlink: /home/carlos/ros2_ws/install/px4_ros_com/share/px4_ros_com/cmake/ament_cmake_export_include_directories-extras.cmake
[1.683s] -- Up-to-date symlink: /home/carlos/ros2_ws/install/px4_ros_com/share/px4_ros_com/cmake/ament_cmake_export_libraries-extras.cmake
[1.683s] -- Up-to-date symlink: /home/carlos/ros2_ws/install/px4_ros_com/share/px4_ros_com/cmake/px4_ros_comConfig.cmake
[1.684s] -- Up-to-date symlink: /home/carlos/ros2_ws/install/px4_ros_com/share/px4_ros_com/cmake/px4_ros_comConfig-version.cmake
[1.684s] -- Up-to-date symlink: /home/carlos/ros2_ws/install/px4_ros_com/share/px4_ros_com/package.xml
[1.686s] -- Up-to-date: /home/carlos/ros2_ws/install/px4_ros_com/lib/libframe_transforms.so
[1.733s] Listing '/home/carlos/ros2_ws/install/px4_ros_com/lib/python3.12/site-packages/px4_ros_com'...
[1.740s] -- Up-to-date: /home/carlos/ros2_ws/install/px4_ros_com/share/px4_ros_com/cmake/export_frame_transformsExport.cmake
[1.740s] -- Up-to-date: /home/carlos/ros2_ws/install/px4_ros_com/share/px4_ros_com/cmake/export_frame_transformsExport-noconfig.cmake
[1.742s] Invoked command in '/home/carlos/ros2_ws/build/px4_ros_com' returned '0': AMENT_PREFIX_PATH=/home/carlos/ros2_ws/install/px4_msgs:${AMENT_PREFIX_PATH} CMAKE_PREFIX_PATH=/home/carlos/ros2_ws/install/px4_msgs:/opt/ros/jazzy/opt/gz_math_vendor:/opt/ros/jazzy/opt/gz_utils_vendor:/opt/ros/jazzy/opt/gz_cmake_vendor:/opt/ros/jazzy DEBUGINFOD_URLS=https://debuginfod.ubuntu.com LD_LIBRARY_PATH=/home/carlos/ros2_ws/install/px4_msgs/lib:${LD_LIBRARY_PATH} PYTHONPATH=/home/carlos/ros2_ws/install/px4_msgs/lib/python3.12/site-packages:${PYTHONPATH} /usr/bin/cmake --install /home/carlos/ros2_ws/build/px4_ros_com
