[0.009s] Invoking command in '/home/carlos/ros2_ws/build/control': CMAKE_PREFIX_PATH=/home/carlos/ros2_ws/install/px4_msgs:/home/carlos/ros2_ws/install/px4_ros_com:/home/carlos/ros2_ws/install/control:/opt/ros/jazzy/opt/gz_math_vendor:/opt/ros/jazzy/opt/gz_utils_vendor:/opt/ros/jazzy/opt/gz_cmake_vendor:/opt/ros/jazzy DEBUGINFOD_URLS=https://debuginfod.ubuntu.com LD_LIBRARY_PATH=/home/carlos/ros2_ws/install/px4_msgs/lib:/home/carlos/ros2_ws/install/px4_ros_com/lib:/opt/ros/jazzy/opt/zenoh_cpp_vendor/lib:/opt/ros/jazzy/opt/rviz_ogre_vendor/lib:/opt/ros/jazzy/lib/x86_64-linux-gnu:/opt/ros/jazzy/opt/gz_math_vendor/lib:/opt/ros/jazzy/opt/gz_utils_vendor/lib:/opt/ros/jazzy/opt/gz_cmake_vendor/lib:/opt/ros/jazzy/lib PYTHONPATH=/home/carlos/ros2_ws/install/px4_msgs/lib/python3.12/site-packages:/home/carlos/ros2_ws/install/px4_ros_com/lib/python3.12/site-packages:/opt/ros/jazzy/lib/python3.12/site-packages /usr/bin/cmake --build /home/carlos/ros2_ws/build/control -- -j16 -l16
[0.043s] -- Found ament_cmake: 2.5.4 (/opt/ros/jazzy/share/ament_cmake/cmake)
[0.281s] -- Found rclcpp: 28.1.12 (/opt/ros/jazzy/share/rclcpp/cmake)
[0.335s] -- Found rosidl_generator_c: 4.6.6 (/opt/ros/jazzy/share/rosidl_generator_c/cmake)
[0.350s] -- Found rosidl_generator_cpp: 4.6.6 (/opt/ros/jazzy/share/rosidl_generator_cpp/cmake)
[0.373s] -- Using all available rosidl_typesupport_c: rosidl_typesupport_fastrtps_c;rosidl_typesupport_introspection_c
[0.399s] -- Using all available rosidl_typesupport_cpp: rosidl_typesupport_fastrtps_cpp;rosidl_typesupport_introspection_cpp
[0.506s] -- Found rmw_implementation_cmake: 7.3.2 (/opt/ros/jazzy/share/rmw_implementation_cmake/cmake)
[0.511s] -- Found rmw_fastrtps_cpp: 8.4.3 (/opt/ros/jazzy/share/rmw_fastrtps_cpp/cmake)
[0.603s] -- Using RMW implementation 'rmw_fastrtps_cpp' as default
[0.695s] -- Found std_msgs: 5.3.6 (/opt/ros/jazzy/share/std_msgs/cmake)
[0.717s] -- Found geometry_msgs: 5.3.6 (/opt/ros/jazzy/share/geometry_msgs/cmake)
[0.739s] -- Found px4_msgs: 2.0.1 (/home/carlos/ros2_ws/install/px4_msgs/share/px4_msgs/cmake)
[0.762s] -- Found ament_lint_auto: 0.17.3 (/opt/ros/jazzy/share/ament_lint_auto/cmake)
[0.885s] -- Configuring done (0.9s)
[0.908s] -- Generating done (0.0s)
[0.913s] -- Build files have been written to: /home/carlos/ros2_ws/build/control
[0.942s] Invoked command in '/home/carlos/ros2_ws/build/control' returned '0': CMAKE_PREFIX_PATH=/home/carlos/ros2_ws/install/px4_msgs:/home/carlos/ros2_ws/install/px4_ros_com:/home/carlos/ros2_ws/install/control:/opt/ros/jazzy/opt/gz_math_vendor:/opt/ros/jazzy/opt/gz_utils_vendor:/opt/ros/jazzy/opt/gz_cmake_vendor:/opt/ros/jazzy DEBUGINFOD_URLS=https://debuginfod.ubuntu.com LD_LIBRARY_PATH=/home/carlos/ros2_ws/install/px4_msgs/lib:/home/carlos/ros2_ws/install/px4_ros_com/lib:/opt/ros/jazzy/opt/zenoh_cpp_vendor/lib:/opt/ros/jazzy/opt/rviz_ogre_vendor/lib:/opt/ros/jazzy/lib/x86_64-linux-gnu:/opt/ros/jazzy/opt/gz_math_vendor/lib:/opt/ros/jazzy/opt/gz_utils_vendor/lib:/opt/ros/jazzy/opt/gz_cmake_vendor/lib:/opt/ros/jazzy/lib PYTHONPATH=/home/carlos/ros2_ws/install/px4_msgs/lib/python3.12/site-packages:/home/carlos/ros2_ws/install/px4_ros_com/lib/python3.12/site-packages:/opt/ros/jazzy/lib/python3.12/site-packages /usr/bin/cmake --build /home/carlos/ros2_ws/build/control -- -j16 -l16
[0.943s] Invoking command in '/home/carlos/ros2_ws/build/control': CMAKE_PREFIX_PATH=/home/carlos/ros2_ws/install/px4_msgs:/home/carlos/ros2_ws/install/px4_ros_com:/home/carlos/ros2_ws/install/control:/opt/ros/jazzy/opt/gz_math_vendor:/opt/ros/jazzy/opt/gz_utils_vendor:/opt/ros/jazzy/opt/gz_cmake_vendor:/opt/ros/jazzy DEBUGINFOD_URLS=https://debuginfod.ubuntu.com LD_LIBRARY_PATH=/home/carlos/ros2_ws/install/px4_msgs/lib:/home/carlos/ros2_ws/install/px4_ros_com/lib:/opt/ros/jazzy/opt/zenoh_cpp_vendor/lib:/opt/ros/jazzy/opt/rviz_ogre_vendor/lib:/opt/ros/jazzy/lib/x86_64-linux-gnu:/opt/ros/jazzy/opt/gz_math_vendor/lib:/opt/ros/jazzy/opt/gz_utils_vendor/lib:/opt/ros/jazzy/opt/gz_cmake_vendor/lib:/opt/ros/jazzy/lib PYTHONPATH=/home/carlos/ros2_ws/install/px4_msgs/lib/python3.12/site-packages:/home/carlos/ros2_ws/install/px4_ros_com/lib/python3.12/site-packages:/opt/ros/jazzy/lib/python3.12/site-packages /usr/bin/cmake --install /home/carlos/ros2_ws/build/control
[0.951s] -- Install configuration: ""
[0.952s] -- Up-to-date: /home/carlos/ros2_ws/install/control/lib/control/position_controller.py
[0.952s] -- Up-to-date: /home/carlos/ros2_ws/install/control/lib/control/field.py
[0.952s] -- Up-to-date: /home/carlos/ros2_ws/install/control/lib/control/rover_monitor.py
[0.952s] -- Up-to-date: /home/carlos/ros2_ws/install/control/lib/control/temp_query.py
[0.952s] -- Up-to-date: /home/carlos/ros2_ws/install/control/lib/control/lawnmower.py
[0.952s] -- Up-to-date: /home/carlos/ros2_ws/install/control/lib/control/blawnmower.py
[0.952s] -- Installing: /home/carlos/ros2_ws/install/control/lib/control/plain_field.py
[0.952s] -- Up-to-date: /home/carlos/ros2_ws/install/control/share/control//launch
[0.952s] -- Up-to-date: /home/carlos/ros2_ws/install/control/share/control//launch/rover_bringup.launch.py
[0.953s] -- Up-to-date: /home/carlos/ros2_ws/install/control/share/control//config
[0.953s] -- Up-to-date: /home/carlos/ros2_ws/install/control/share/control//config/rover_viz.rviz
[0.953s] -- Up-to-date: /home/carlos/ros2_ws/install/control/share/control//urdf
[0.953s] -- Up-to-date: /home/carlos/ros2_ws/install/control/share/control//urdf/meshes
[0.953s] -- Up-to-date: /home/carlos/ros2_ws/install/control/share/control//urdf/meshes/wheel_link.STL
[0.953s] -- Up-to-date: /home/carlos/ros2_ws/install/control/share/control//urdf/meshes/chassis_link.STL
[0.953s] -- Up-to-date: /home/carlos/ros2_ws/install/control/share/control//urdf/meshes/top_link.STL
[0.953s] -- Up-to-date: /home/carlos/ros2_ws/install/control/share/control//urdf/meshes/battery_link.STL
[0.953s] -- Up-to-date: /home/carlos/ros2_ws/install/control/share/control//urdf/meshes/antenna_link.STL
[0.953s] -- Up-to-date: /home/carlos/ros2_ws/install/control/share/control//urdf/meshes/housing_link.STL
[0.953s] -- Up-to-date: /home/carlos/ros2_ws/install/control/share/control//urdf/meshes/wheel_link_simple.STL
[0.953s] -- Up-to-date: /home/carlos/ros2_ws/install/control/share/control//urdf/r1_rover.urdf
[0.953s] -- Up-to-date: /home/carlos/ros2_ws/install/control/share/ament_index/resource_index/package_run_dependencies/control
[0.953s] -- Up-to-date: /home/carlos/ros2_ws/install/control/share/ament_index/resource_index/parent_prefix_path/control
[0.953s] -- Up-to-date: /home/carlos/ros2_ws/install/control/share/control/environment/ament_prefix_path.sh
[0.953s] -- Up-to-date: /home/carlos/ros2_ws/install/control/share/control/environment/ament_prefix_path.dsv
[0.953s] -- Up-to-date: /home/carlos/ros2_ws/install/control/share/control/environment/path.sh
[0.953s] -- Up-to-date: /home/carlos/ros2_ws/install/control/share/control/environment/path.dsv
[0.954s] -- Up-to-date: /home/carlos/ros2_ws/install/control/share/control/local_setup.bash
[0.954s] -- Up-to-date: /home/carlos/ros2_ws/install/control/share/control/local_setup.sh
[0.954s] -- Up-to-date: /home/carlos/ros2_ws/install/control/share/control/local_setup.zsh
[0.954s] -- Up-to-date: /home/carlos/ros2_ws/install/control/share/control/local_setup.dsv
[0.954s] -- Installing: /home/carlos/ros2_ws/install/control/share/control/package.dsv
[0.954s] -- Up-to-date: /home/carlos/ros2_ws/install/control/share/ament_index/resource_index/packages/control
[0.954s] -- Up-to-date: /home/carlos/ros2_ws/install/control/share/control/cmake/controlConfig.cmake
[0.954s] -- Up-to-date: /home/carlos/ros2_ws/install/control/share/control/cmake/controlConfig-version.cmake
[0.955s] -- Up-to-date: /home/carlos/ros2_ws/install/control/share/control/package.xml
[0.956s] Invoked command in '/home/carlos/ros2_ws/build/control' returned '0': CMAKE_PREFIX_PATH=/home/carlos/ros2_ws/install/px4_msgs:/home/carlos/ros2_ws/install/px4_ros_com:/home/carlos/ros2_ws/install/control:/opt/ros/jazzy/opt/gz_math_vendor:/opt/ros/jazzy/opt/gz_utils_vendor:/opt/ros/jazzy/opt/gz_cmake_vendor:/opt/ros/jazzy DEBUGINFOD_URLS=https://debuginfod.ubuntu.com LD_LIBRARY_PATH=/home/carlos/ros2_ws/install/px4_msgs/lib:/home/carlos/ros2_ws/install/px4_ros_com/lib:/opt/ros/jazzy/opt/zenoh_cpp_vendor/lib:/opt/ros/jazzy/opt/rviz_ogre_vendor/lib:/opt/ros/jazzy/lib/x86_64-linux-gnu:/opt/ros/jazzy/opt/gz_math_vendor/lib:/opt/ros/jazzy/opt/gz_utils_vendor/lib:/opt/ros/jazzy/opt/gz_cmake_vendor/lib:/opt/ros/jazzy/lib PYTHONPATH=/home/carlos/ros2_ws/install/px4_msgs/lib/python3.12/site-packages:/home/carlos/ros2_ws/install/px4_ros_com/lib/python3.12/site-packages:/opt/ros/jazzy/lib/python3.12/site-packages /usr/bin/cmake --install /home/carlos/ros2_ws/build/control
