[0.194s] DEBUG:colcon:Command line arguments: ['/usr/bin/colcon', 'build']
[0.194s] DEBUG:colcon:Parsed command line arguments: Namespace(log_base=None, log_level=None, verb_name='build', build_base='build', install_base='install', merge_install=False, symlink_install=False, test_result_base=None, continue_on_error=False, executor='parallel', parallel_workers=16, event_handlers=None, ignore_user_meta=False, metas=['./colcon.meta'], base_paths=['.'], packages_ignore=None, packages_ignore_regex=None, paths=None, packages_up_to=None, packages_up_to_regex=None, packages_above=None, packages_above_and_dependencies=None, packages_above_depth=None, packages_select_by_dep=None, packages_skip_by_dep=None, packages_skip_up_to=None, packages_select_build_failed=False, packages_skip_build_finished=False, packages_select_test_failures=False, packages_skip_test_passed=False, packages_select=None, packages_skip=None, packages_select_regex=None, packages_skip_regex=None, packages_start=None, packages_end=None, allow_overriding=[], cmake_args=None, cmake_target=None, cmake_target_skip_unavailable=False, cmake_clean_cache=False, cmake_clean_first=False, cmake_force_configure=False, ament_cmake_args=None, catkin_cmake_args=None, catkin_skip_building_tests=False, mixin_files=None, mixin=None, verb_parser=<colcon_mixin.mixin.mixin_argument.MixinArgumentDecorator object at 0x7aa1a6da1130>, verb_extension=<colcon_core.verb.build.BuildVerb object at 0x7aa1a6da0dd0>, main=<bound method BuildVerb.main of <colcon_core.verb.build.BuildVerb object at 0x7aa1a6da0dd0>>, mixin_verb=('build',))
[0.265s] Level 1:colcon.colcon_core.package_discovery:discover_packages(colcon_meta) check parameters
[0.265s] Level 1:colcon.colcon_core.package_discovery:discover_packages(recursive) check parameters
[0.265s] Level 1:colcon.colcon_core.package_discovery:discover_packages(ignore) check parameters
[0.265s] Level 1:colcon.colcon_core.package_discovery:discover_packages(path) check parameters
[0.265s] Level 1:colcon.colcon_core.package_discovery:discover_packages(colcon_meta) discover
[0.265s] Level 1:colcon.colcon_core.package_discovery:discover_packages(recursive) discover
[0.265s] INFO:colcon.colcon_core.package_discovery:Crawling recursively for packages in '/home/carlos/ros2_ws'
[0.266s] Level 1:colcon.colcon_core.package_identification:_identify(.) by extensions ['ignore', 'ignore_ament_install']
[0.266s] Level 1:colcon.colcon_core.package_identification:_identify(.) by extension 'ignore'
[0.266s] Level 1:colcon.colcon_core.package_identification:_identify(.) by extension 'ignore_ament_install'
[0.266s] Level 1:colcon.colcon_core.package_identification:_identify(.) by extensions ['colcon_pkg']
[0.266s] Level 1:colcon.colcon_core.package_identification:_identify(.) by extension 'colcon_pkg'
[0.266s] Level 1:colcon.colcon_core.package_identification:_identify(.) by extensions ['colcon_meta']
[0.266s] Level 1:colcon.colcon_core.package_identification:_identify(.) by extension 'colcon_meta'
[0.266s] Level 1:colcon.colcon_core.package_identification:_identify(.) by extensions ['ros']
[0.266s] Level 1:colcon.colcon_core.package_identification:_identify(.) by extension 'ros'
[0.309s] Level 1:colcon.colcon_core.package_identification:_identify(.) by extensions ['cmake', 'python']
[0.309s] Level 1:colcon.colcon_core.package_identification:_identify(.) by extension 'cmake'
[0.309s] Level 1:colcon.colcon_core.package_identification:_identify(.) by extension 'python'
[0.309s] Level 1:colcon.colcon_core.package_identification:_identify(.) by extensions ['python_setup_py']
[0.309s] Level 1:colcon.colcon_core.package_identification:_identify(.) by extension 'python_setup_py'
[0.309s] Level 1:colcon.colcon_core.package_identification:_identify(build) by extensions ['ignore', 'ignore_ament_install']
[0.310s] Level 1:colcon.colcon_core.package_identification:_identify(build) by extension 'ignore'
[0.310s] Level 1:colcon.colcon_core.package_identification:_identify(build) ignored
[0.310s] Level 1:colcon.colcon_core.package_identification:_identify(install) by extensions ['ignore', 'ignore_ament_install']
[0.310s] Level 1:colcon.colcon_core.package_identification:_identify(install) by extension 'ignore'
[0.310s] Level 1:colcon.colcon_core.package_identification:_identify(install) ignored
[0.310s] Level 1:colcon.colcon_core.package_identification:_identify(log) by extensions ['ignore', 'ignore_ament_install']
[0.310s] Level 1:colcon.colcon_core.package_identification:_identify(log) by extension 'ignore'
[0.310s] Level 1:colcon.colcon_core.package_identification:_identify(log) ignored
[0.310s] Level 1:colcon.colcon_core.package_identification:_identify(src) by extensions ['ignore', 'ignore_ament_install']
[0.310s] Level 1:colcon.colcon_core.package_identification:_identify(src) by extension 'ignore'
[0.310s] Level 1:colcon.colcon_core.package_identification:_identify(src) by extension 'ignore_ament_install'
[0.310s] Level 1:colcon.colcon_core.package_identification:_identify(src) by extensions ['colcon_pkg']
[0.311s] Level 1:colcon.colcon_core.package_identification:_identify(src) by extension 'colcon_pkg'
[0.311s] Level 1:colcon.colcon_core.package_identification:_identify(src) by extensions ['colcon_meta']
[0.311s] Level 1:colcon.colcon_core.package_identification:_identify(src) by extension 'colcon_meta'
[0.311s] Level 1:colcon.colcon_core.package_identification:_identify(src) by extensions ['ros']
[0.311s] Level 1:colcon.colcon_core.package_identification:_identify(src) by extension 'ros'
[0.311s] Level 1:colcon.colcon_core.package_identification:_identify(src) by extensions ['cmake', 'python']
[0.311s] Level 1:colcon.colcon_core.package_identification:_identify(src) by extension 'cmake'
[0.311s] Level 1:colcon.colcon_core.package_identification:_identify(src) by extension 'python'
[0.311s] Level 1:colcon.colcon_core.package_identification:_identify(src) by extensions ['python_setup_py']
[0.311s] Level 1:colcon.colcon_core.package_identification:_identify(src) by extension 'python_setup_py'
[0.311s] Level 1:colcon.colcon_core.package_identification:_identify(src/control) by extensions ['ignore', 'ignore_ament_install']
[0.311s] Level 1:colcon.colcon_core.package_identification:_identify(src/control) by extension 'ignore'
[0.311s] Level 1:colcon.colcon_core.package_identification:_identify(src/control) by extension 'ignore_ament_install'
[0.311s] Level 1:colcon.colcon_core.package_identification:_identify(src/control) by extensions ['colcon_pkg']
[0.311s] Level 1:colcon.colcon_core.package_identification:_identify(src/control) by extension 'colcon_pkg'
[0.311s] Level 1:colcon.colcon_core.package_identification:_identify(src/control) by extensions ['colcon_meta']
[0.311s] Level 1:colcon.colcon_core.package_identification:_identify(src/control) by extension 'colcon_meta'
[0.311s] Level 1:colcon.colcon_core.package_identification:_identify(src/control) by extensions ['ros']
[0.311s] Level 1:colcon.colcon_core.package_identification:_identify(src/control) by extension 'ros'
[0.315s] DEBUG:colcon.colcon_core.package_identification:Package 'src/control' with type 'ros.ament_cmake' and name 'control'
[0.315s] Level 1:colcon.colcon_core.package_identification:_identify(src/px4_msgs) by extensions ['ignore', 'ignore_ament_install']
[0.316s] Level 1:colcon.colcon_core.package_identification:_identify(src/px4_msgs) by extension 'ignore'
[0.316s] Level 1:colcon.colcon_core.package_identification:_identify(src/px4_msgs) by extension 'ignore_ament_install'
[0.316s] Level 1:colcon.colcon_core.package_identification:_identify(src/px4_msgs) by extensions ['colcon_pkg']
[0.316s] Level 1:colcon.colcon_core.package_identification:_identify(src/px4_msgs) by extension 'colcon_pkg'
[0.316s] Level 1:colcon.colcon_core.package_identification:_identify(src/px4_msgs) by extensions ['colcon_meta']
[0.316s] Level 1:colcon.colcon_core.package_identification:_identify(src/px4_msgs) by extension 'colcon_meta'
[0.316s] Level 1:colcon.colcon_core.package_identification:_identify(src/px4_msgs) by extensions ['ros']
[0.316s] Level 1:colcon.colcon_core.package_identification:_identify(src/px4_msgs) by extension 'ros'
[0.317s] DEBUG:colcon.colcon_core.package_identification:Package 'src/px4_msgs' with type 'ros.ament_cmake' and name 'px4_msgs'
[0.318s] Level 1:colcon.colcon_core.package_identification:_identify(src/px4_ros_com) by extensions ['ignore', 'ignore_ament_install']
[0.318s] Level 1:colcon.colcon_core.package_identification:_identify(src/px4_ros_com) by extension 'ignore'
[0.318s] Level 1:colcon.colcon_core.package_identification:_identify(src/px4_ros_com) by extension 'ignore_ament_install'
[0.318s] Level 1:colcon.colcon_core.package_identification:_identify(src/px4_ros_com) by extensions ['colcon_pkg']
[0.318s] Level 1:colcon.colcon_core.package_identification:_identify(src/px4_ros_com) by extension 'colcon_pkg'
[0.319s] Level 1:colcon.colcon_core.package_identification:_identify(src/px4_ros_com) by extensions ['colcon_meta']
[0.319s] Level 1:colcon.colcon_core.package_identification:_identify(src/px4_ros_com) by extension 'colcon_meta'
[0.319s] Level 1:colcon.colcon_core.package_identification:_identify(src/px4_ros_com) by extensions ['ros']
[0.319s] Level 1:colcon.colcon_core.package_identification:_identify(src/px4_ros_com) by extension 'ros'
[0.321s] DEBUG:colcon.colcon_core.package_identification:Package 'src/px4_ros_com' with type 'ros.ament_cmake' and name 'px4_ros_com'
[0.321s] Level 1:colcon.colcon_core.package_discovery:discover_packages(recursive) using defaults
[0.321s] Level 1:colcon.colcon_core.package_discovery:discover_packages(ignore) discover
[0.321s] Level 1:colcon.colcon_core.package_discovery:discover_packages(ignore) using defaults
[0.321s] Level 1:colcon.colcon_core.package_discovery:discover_packages(path) discover
[0.321s] Level 1:colcon.colcon_core.package_discovery:discover_packages(path) using defaults
[0.352s] Level 1:colcon.colcon_core.package_discovery:discover_packages(prefix_path) check parameters
[0.352s] Level 1:colcon.colcon_core.package_discovery:discover_packages(prefix_path) discover
[0.355s] DEBUG:colcon.colcon_installed_package_information.package_discovery:Found 3 installed packages in /home/carlos/ros2_ws/install
[0.358s] DEBUG:colcon.colcon_installed_package_information.package_discovery:Found 287 installed packages in /opt/ros/jazzy
[0.360s] Level 1:colcon.colcon_core.package_discovery:discover_packages(prefix_path) using defaults
[0.425s] Level 5:colcon.colcon_core.verb:set package 'px4_msgs' build argument 'cmake_args' from command line to 'None'
[0.425s] Level 5:colcon.colcon_core.verb:set package 'px4_msgs' build argument 'cmake_target' from command line to 'None'
[0.425s] Level 5:colcon.colcon_core.verb:set package 'px4_msgs' build argument 'cmake_target_skip_unavailable' from command line to 'False'
[0.425s] Level 5:colcon.colcon_core.verb:set package 'px4_msgs' build argument 'cmake_clean_cache' from command line to 'False'
[0.425s] Level 5:colcon.colcon_core.verb:set package 'px4_msgs' build argument 'cmake_clean_first' from command line to 'False'
[0.425s] Level 5:colcon.colcon_core.verb:set package 'px4_msgs' build argument 'cmake_force_configure' from command line to 'False'
[0.425s] Level 5:colcon.colcon_core.verb:set package 'px4_msgs' build argument 'ament_cmake_args' from command line to 'None'
[0.425s] Level 5:colcon.colcon_core.verb:set package 'px4_msgs' build argument 'catkin_cmake_args' from command line to 'None'
[0.425s] Level 5:colcon.colcon_core.verb:set package 'px4_msgs' build argument 'catkin_skip_building_tests' from command line to 'False'
[0.425s] DEBUG:colcon.colcon_core.verb:Building package 'px4_msgs' with the following arguments: {'ament_cmake_args': None, 'build_base': '/home/carlos/ros2_ws/build/px4_msgs', 'catkin_cmake_args': None, 'catkin_skip_building_tests': False, 'cmake_args': None, 'cmake_clean_cache': False, 'cmake_clean_first': False, 'cmake_force_configure': False, 'cmake_target': None, 'cmake_target_skip_unavailable': False, 'install_base': '/home/carlos/ros2_ws/install/px4_msgs', 'merge_install': False, 'path': '/home/carlos/ros2_ws/src/px4_msgs', 'symlink_install': False, 'test_result_base': None}
[0.426s] Level 5:colcon.colcon_core.verb:set package 'control' build argument 'cmake_args' from command line to 'None'
[0.426s] Level 5:colcon.colcon_core.verb:set package 'control' build argument 'cmake_target' from command line to 'None'
[0.426s] Level 5:colcon.colcon_core.verb:set package 'control' build argument 'cmake_target_skip_unavailable' from command line to 'False'
[0.426s] Level 5:colcon.colcon_core.verb:set package 'control' build argument 'cmake_clean_cache' from command line to 'False'
[0.426s] Level 5:colcon.colcon_core.verb:set package 'control' build argument 'cmake_clean_first' from command line to 'False'
[0.426s] Level 5:colcon.colcon_core.verb:set package 'control' build argument 'cmake_force_configure' from command line to 'False'
[0.426s] Level 5:colcon.colcon_core.verb:set package 'control' build argument 'ament_cmake_args' from command line to 'None'
[0.426s] Level 5:colcon.colcon_core.verb:set package 'control' build argument 'catkin_cmake_args' from command line to 'None'
[0.426s] Level 5:colcon.colcon_core.verb:set package 'control' build argument 'catkin_skip_building_tests' from command line to 'False'
[0.427s] DEBUG:colcon.colcon_core.verb:Building package 'control' with the following arguments: {'ament_cmake_args': None, 'build_base': '/home/carlos/ros2_ws/build/control', 'catkin_cmake_args': None, 'catkin_skip_building_tests': False, 'cmake_args': None, 'cmake_clean_cache': False, 'cmake_clean_first': False, 'cmake_force_configure': False, 'cmake_target': None, 'cmake_target_skip_unavailable': False, 'install_base': '/home/carlos/ros2_ws/install/control', 'merge_install': False, 'path': '/home/carlos/ros2_ws/src/control', 'symlink_install': False, 'test_result_base': None}
[0.427s] Level 5:colcon.colcon_core.verb:set package 'px4_ros_com' build argument 'cmake_args' from command line to 'None'
[0.427s] Level 5:colcon.colcon_core.verb:set package 'px4_ros_com' build argument 'cmake_target' from command line to 'None'
[0.427s] Level 5:colcon.colcon_core.verb:set package 'px4_ros_com' build argument 'cmake_target_skip_unavailable' from command line to 'False'
[0.427s] Level 5:colcon.colcon_core.verb:set package 'px4_ros_com' build argument 'cmake_clean_cache' from command line to 'False'
[0.427s] Level 5:colcon.colcon_core.verb:set package 'px4_ros_com' build argument 'cmake_clean_first' from command line to 'False'
[0.427s] Level 5:colcon.colcon_core.verb:set package 'px4_ros_com' build argument 'cmake_force_configure' from command line to 'False'
[0.427s] Level 5:colcon.colcon_core.verb:set package 'px4_ros_com' build argument 'ament_cmake_args' from command line to 'None'
[0.428s] Level 5:colcon.colcon_core.verb:set package 'px4_ros_com' build argument 'catkin_cmake_args' from command line to 'None'
[0.428s] Level 5:colcon.colcon_core.verb:set package 'px4_ros_com' build argument 'catkin_skip_building_tests' from command line to 'False'
[0.428s] DEBUG:colcon.colcon_core.verb:Building package 'px4_ros_com' with the following arguments: {'ament_cmake_args': None, 'build_base': '/home/carlos/ros2_ws/build/px4_ros_com', 'catkin_cmake_args': None, 'catkin_skip_building_tests': False, 'cmake_args': None, 'cmake_clean_cache': False, 'cmake_clean_first': False, 'cmake_force_configure': False, 'cmake_target': None, 'cmake_target_skip_unavailable': False, 'install_base': '/home/carlos/ros2_ws/install/px4_ros_com', 'merge_install': False, 'path': '/home/carlos/ros2_ws/src/px4_ros_com', 'symlink_install': False, 'test_result_base': None}
[0.428s] INFO:colcon.colcon_core.executor:Executing jobs using 'parallel' executor
[0.429s] DEBUG:colcon.colcon_parallel_executor.executor.parallel:run_until_complete
[0.430s] INFO:colcon.colcon_ros.task.ament_cmake.build:Building ROS package in '/home/carlos/ros2_ws/src/px4_msgs' with build type 'ament_cmake'
[0.430s] INFO:colcon.colcon_cmake.task.cmake.build:Building CMake package in '/home/carlos/ros2_ws/src/px4_msgs'
[0.433s] INFO:colcon.colcon_core.plugin_system:Skipping extension 'colcon_core.shell.bat': Not used on non-Windows systems
[0.433s] INFO:colcon.colcon_core.shell:Skip shell extension 'powershell' for command environment: Not usable outside of PowerShell
[0.433s] DEBUG:colcon.colcon_core.shell:Skip shell extension 'dsv' for command environment
[0.450s] DEBUG:colcon.colcon_core.event_handler.log_command:Invoking command in '/home/carlos/ros2_ws/build/px4_msgs': CMAKE_PREFIX_PATH=${CMAKE_PREFIX_PATH}:/opt/ros/jazzy DEBUGINFOD_URLS=https://debuginfod.ubuntu.com /usr/bin/cmake --build /home/carlos/ros2_ws/build/px4_msgs -- -j16 -l16
[3.535s] DEBUG:colcon.colcon_core.event_handler.log_command:Invoked command in '/home/carlos/ros2_ws/build/px4_msgs' returned '0': CMAKE_PREFIX_PATH=${CMAKE_PREFIX_PATH}:/opt/ros/jazzy DEBUGINFOD_URLS=https://debuginfod.ubuntu.com /usr/bin/cmake --build /home/carlos/ros2_ws/build/px4_msgs -- -j16 -l16
[3.558s] DEBUG:colcon.colcon_core.event_handler.log_command:Invoking command in '/home/carlos/ros2_ws/build/px4_msgs': CMAKE_PREFIX_PATH=${CMAKE_PREFIX_PATH}:/opt/ros/jazzy DEBUGINFOD_URLS=https://debuginfod.ubuntu.com /usr/bin/cmake --install /home/carlos/ros2_ws/build/px4_msgs
[4.894s] Level 1:colcon.colcon_core.environment:create_environment_scripts_only(px4_msgs)
[4.895s] DEBUG:colcon.colcon_core.event_handler.log_command:Invoked command in '/home/carlos/ros2_ws/build/px4_msgs' returned '0': CMAKE_PREFIX_PATH=${CMAKE_PREFIX_PATH}:/opt/ros/jazzy DEBUGINFOD_URLS=https://debuginfod.ubuntu.com /usr/bin/cmake --install /home/carlos/ros2_ws/build/px4_msgs
[4.898s] Level 1:colcon.colcon_core.environment:checking '/home/carlos/ros2_ws/install/px4_msgs' for CMake module files
[4.899s] Level 1:colcon.colcon_core.environment:checking '/home/carlos/ros2_ws/install/px4_msgs' for CMake config files
[4.943s] Level 1:colcon.colcon_core.shell:create_environment_hook('px4_msgs', 'cmake_prefix_path')
[4.943s] INFO:colcon.colcon_core.shell:Creating environment hook '/home/carlos/ros2_ws/install/px4_msgs/share/px4_msgs/hook/cmake_prefix_path.ps1'
[4.944s] INFO:colcon.colcon_core.shell:Creating environment descriptor '/home/carlos/ros2_ws/install/px4_msgs/share/px4_msgs/hook/cmake_prefix_path.dsv'
[4.945s] INFO:colcon.colcon_core.shell:Creating environment hook '/home/carlos/ros2_ws/install/px4_msgs/share/px4_msgs/hook/cmake_prefix_path.sh'
[4.946s] Level 1:colcon.colcon_core.environment:checking '/home/carlos/ros2_ws/install/px4_msgs/lib'
[4.947s] Level 1:colcon.colcon_core.shell:create_environment_hook('px4_msgs', 'ld_library_path_lib')
[4.947s] INFO:colcon.colcon_core.shell:Creating environment hook '/home/carlos/ros2_ws/install/px4_msgs/share/px4_msgs/hook/ld_library_path_lib.ps1'
[4.948s] INFO:colcon.colcon_core.shell:Creating environment descriptor '/home/carlos/ros2_ws/install/px4_msgs/share/px4_msgs/hook/ld_library_path_lib.dsv'
[4.948s] INFO:colcon.colcon_core.shell:Creating environment hook '/home/carlos/ros2_ws/install/px4_msgs/share/px4_msgs/hook/ld_library_path_lib.sh'
[4.949s] Level 1:colcon.colcon_core.environment:checking '/home/carlos/ros2_ws/install/px4_msgs/bin'
[4.949s] Level 1:colcon.colcon_core.environment:checking '/home/carlos/ros2_ws/install/px4_msgs/lib/pkgconfig/px4_msgs.pc'
[4.949s] Level 1:colcon.colcon_core.environment:checking '/home/carlos/ros2_ws/install/px4_msgs/lib/python3.12/site-packages'
[4.949s] Level 1:colcon.colcon_core.shell:create_environment_hook('px4_msgs', 'pythonpath')
[4.950s] INFO:colcon.colcon_core.shell:Creating environment hook '/home/carlos/ros2_ws/install/px4_msgs/share/px4_msgs/hook/pythonpath.ps1'
[4.950s] INFO:colcon.colcon_core.shell:Creating environment descriptor '/home/carlos/ros2_ws/install/px4_msgs/share/px4_msgs/hook/pythonpath.dsv'
[4.951s] INFO:colcon.colcon_core.shell:Creating environment hook '/home/carlos/ros2_ws/install/px4_msgs/share/px4_msgs/hook/pythonpath.sh'
[4.952s] Level 1:colcon.colcon_core.environment:checking '/home/carlos/ros2_ws/install/px4_msgs/bin'
[4.952s] INFO:colcon.colcon_core.shell:Creating package script '/home/carlos/ros2_ws/install/px4_msgs/share/px4_msgs/package.ps1'
[4.953s] INFO:colcon.colcon_core.shell:Creating package descriptor '/home/carlos/ros2_ws/install/px4_msgs/share/px4_msgs/package.dsv'
[4.954s] INFO:colcon.colcon_core.shell:Creating package script '/home/carlos/ros2_ws/install/px4_msgs/share/px4_msgs/package.sh'
[4.955s] INFO:colcon.colcon_core.shell:Creating package script '/home/carlos/ros2_ws/install/px4_msgs/share/px4_msgs/package.bash'
[4.956s] INFO:colcon.colcon_core.shell:Creating package script '/home/carlos/ros2_ws/install/px4_msgs/share/px4_msgs/package.zsh'
[4.957s] Level 1:colcon.colcon_core.environment:create_file_with_runtime_dependencies(/home/carlos/ros2_ws/install/px4_msgs/share/colcon-core/packages/px4_msgs)
[4.958s] Level 1:colcon.colcon_core.environment:create_environment_scripts_only(px4_msgs)
[4.958s] Level 1:colcon.colcon_core.environment:checking '/home/carlos/ros2_ws/install/px4_msgs' for CMake module files
[4.960s] Level 1:colcon.colcon_core.environment:checking '/home/carlos/ros2_ws/install/px4_msgs' for CMake config files
[4.999s] Level 1:colcon.colcon_core.shell:create_environment_hook('px4_msgs', 'cmake_prefix_path')
[4.999s] INFO:colcon.colcon_core.shell:Creating environment hook '/home/carlos/ros2_ws/install/px4_msgs/share/px4_msgs/hook/cmake_prefix_path.ps1'
[5.000s] INFO:colcon.colcon_core.shell:Creating environment descriptor '/home/carlos/ros2_ws/install/px4_msgs/share/px4_msgs/hook/cmake_prefix_path.dsv'
[5.004s] INFO:colcon.colcon_core.shell:Creating environment hook '/home/carlos/ros2_ws/install/px4_msgs/share/px4_msgs/hook/cmake_prefix_path.sh'
[5.005s] Level 1:colcon.colcon_core.environment:checking '/home/carlos/ros2_ws/install/px4_msgs/lib'
[5.005s] Level 1:colcon.colcon_core.shell:create_environment_hook('px4_msgs', 'ld_library_path_lib')
[5.005s] INFO:colcon.colcon_core.shell:Creating environment hook '/home/carlos/ros2_ws/install/px4_msgs/share/px4_msgs/hook/ld_library_path_lib.ps1'
[5.006s] INFO:colcon.colcon_core.shell:Creating environment descriptor '/home/carlos/ros2_ws/install/px4_msgs/share/px4_msgs/hook/ld_library_path_lib.dsv'
[5.007s] INFO:colcon.colcon_core.shell:Creating environment hook '/home/carlos/ros2_ws/install/px4_msgs/share/px4_msgs/hook/ld_library_path_lib.sh'
[5.008s] Level 1:colcon.colcon_core.environment:checking '/home/carlos/ros2_ws/install/px4_msgs/bin'
[5.008s] Level 1:colcon.colcon_core.environment:checking '/home/carlos/ros2_ws/install/px4_msgs/lib/pkgconfig/px4_msgs.pc'
[5.008s] Level 1:colcon.colcon_core.environment:checking '/home/carlos/ros2_ws/install/px4_msgs/lib/python3.12/site-packages'
[5.008s] Level 1:colcon.colcon_core.shell:create_environment_hook('px4_msgs', 'pythonpath')
[5.008s] INFO:colcon.colcon_core.shell:Creating environment hook '/home/carlos/ros2_ws/install/px4_msgs/share/px4_msgs/hook/pythonpath.ps1'
[5.009s] INFO:colcon.colcon_core.shell:Creating environment descriptor '/home/carlos/ros2_ws/install/px4_msgs/share/px4_msgs/hook/pythonpath.dsv'
[5.010s] INFO:colcon.colcon_core.shell:Creating environment hook '/home/carlos/ros2_ws/install/px4_msgs/share/px4_msgs/hook/pythonpath.sh'
[5.011s] Level 1:colcon.colcon_core.environment:checking '/home/carlos/ros2_ws/install/px4_msgs/bin'
[5.011s] INFO:colcon.colcon_core.shell:Creating package script '/home/carlos/ros2_ws/install/px4_msgs/share/px4_msgs/package.ps1'
[5.012s] INFO:colcon.colcon_core.shell:Creating package descriptor '/home/carlos/ros2_ws/install/px4_msgs/share/px4_msgs/package.dsv'
[5.013s] INFO:colcon.colcon_core.shell:Creating package script '/home/carlos/ros2_ws/install/px4_msgs/share/px4_msgs/package.sh'
[5.014s] INFO:colcon.colcon_core.shell:Creating package script '/home/carlos/ros2_ws/install/px4_msgs/share/px4_msgs/package.bash'
[5.014s] INFO:colcon.colcon_core.shell:Creating package script '/home/carlos/ros2_ws/install/px4_msgs/share/px4_msgs/package.zsh'
[5.015s] Level 1:colcon.colcon_core.environment:create_file_with_runtime_dependencies(/home/carlos/ros2_ws/install/px4_msgs/share/colcon-core/packages/px4_msgs)
[5.016s] INFO:colcon.colcon_ros.task.ament_cmake.build:Building ROS package in '/home/carlos/ros2_ws/src/control' with build type 'ament_cmake'
[5.016s] INFO:colcon.colcon_cmake.task.cmake.build:Building CMake package in '/home/carlos/ros2_ws/src/control'
[5.017s] INFO:colcon.colcon_core.shell:Skip shell extension 'powershell' for command environment: Not usable outside of PowerShell
[5.017s] DEBUG:colcon.colcon_core.shell:Skip shell extension 'dsv' for command environment
[5.023s] INFO:colcon.colcon_ros.task.ament_cmake.build:Building ROS package in '/home/carlos/ros2_ws/src/px4_ros_com' with build type 'ament_cmake'
[5.023s] INFO:colcon.colcon_cmake.task.cmake.build:Building CMake package in '/home/carlos/ros2_ws/src/px4_ros_com'
[5.024s] INFO:colcon.colcon_core.shell:Skip shell extension 'powershell' for command environment: Not usable outside of PowerShell
[5.024s] DEBUG:colcon.colcon_core.shell:Skip shell extension 'dsv' for command environment
[5.035s] DEBUG:colcon.colcon_core.event_handler.log_command:Invoking command in '/home/carlos/ros2_ws/build/control': CMAKE_PREFIX_PATH=/home/carlos/ros2_ws/install/px4_msgs:/home/carlos/ros2_ws/install/px4_ros_com:/home/carlos/ros2_ws/install/control:/opt/ros/jazzy/opt/gz_math_vendor:/opt/ros/jazzy/opt/gz_utils_vendor:/opt/ros/jazzy/opt/gz_cmake_vendor:/opt/ros/jazzy DEBUGINFOD_URLS=https://debuginfod.ubuntu.com LD_LIBRARY_PATH=/home/carlos/ros2_ws/install/px4_msgs/lib:/home/carlos/ros2_ws/install/px4_ros_com/lib:/opt/ros/jazzy/opt/zenoh_cpp_vendor/lib:/opt/ros/jazzy/opt/rviz_ogre_vendor/lib:/opt/ros/jazzy/lib/x86_64-linux-gnu:/opt/ros/jazzy/opt/gz_math_vendor/lib:/opt/ros/jazzy/opt/gz_utils_vendor/lib:/opt/ros/jazzy/opt/gz_cmake_vendor/lib:/opt/ros/jazzy/lib PYTHONPATH=/home/carlos/ros2_ws/install/px4_msgs/lib/python3.12/site-packages:/home/carlos/ros2_ws/install/px4_ros_com/lib/python3.12/site-packages:/opt/ros/jazzy/lib/python3.12/site-packages /usr/bin/cmake --build /home/carlos/ros2_ws/build/control -- -j16 -l16
[5.042s] DEBUG:colcon.colcon_core.event_handler.log_command:Invoking command in '/home/carlos/ros2_ws/build/px4_ros_com': CMAKE_PREFIX_PATH=/home/carlos/ros2_ws/install/px4_msgs:/home/carlos/ros2_ws/install/px4_ros_com:/home/carlos/ros2_ws/install/control:/opt/ros/jazzy/opt/gz_math_vendor:/opt/ros/jazzy/opt/gz_utils_vendor:/opt/ros/jazzy/opt/gz_cmake_vendor:/opt/ros/jazzy DEBUGINFOD_URLS=https://debuginfod.ubuntu.com LD_LIBRARY_PATH=/home/carlos/ros2_ws/install/px4_msgs/lib:/home/carlos/ros2_ws/install/px4_ros_com/lib:/opt/ros/jazzy/opt/zenoh_cpp_vendor/lib:/opt/ros/jazzy/opt/rviz_ogre_vendor/lib:/opt/ros/jazzy/lib/x86_64-linux-gnu:/opt/ros/jazzy/opt/gz_math_vendor/lib:/opt/ros/jazzy/opt/gz_utils_vendor/lib:/opt/ros/jazzy/opt/gz_cmake_vendor/lib:/opt/ros/jazzy/lib PYTHONPATH=/home/carlos/ros2_ws/install/px4_msgs/lib/python3.12/site-packages:/home/carlos/ros2_ws/install/px4_ros_com/lib/python3.12/site-packages:/opt/ros/jazzy/lib/python3.12/site-packages /usr/bin/cmake --build /home/carlos/ros2_ws/build/px4_ros_com -- -j16 -l16
[5.127s] DEBUG:colcon.colcon_core.event_handler.log_command:Invoked command in '/home/carlos/ros2_ws/build/control' returned '0': CMAKE_PREFIX_PATH=/home/carlos/ros2_ws/install/px4_msgs:/home/carlos/ros2_ws/install/px4_ros_com:/home/carlos/ros2_ws/install/control:/opt/ros/jazzy/opt/gz_math_vendor:/opt/ros/jazzy/opt/gz_utils_vendor:/opt/ros/jazzy/opt/gz_cmake_vendor:/opt/ros/jazzy DEBUGINFOD_URLS=https://debuginfod.ubuntu.com LD_LIBRARY_PATH=/home/carlos/ros2_ws/install/px4_msgs/lib:/home/carlos/ros2_ws/install/px4_ros_com/lib:/opt/ros/jazzy/opt/zenoh_cpp_vendor/lib:/opt/ros/jazzy/opt/rviz_ogre_vendor/lib:/opt/ros/jazzy/lib/x86_64-linux-gnu:/opt/ros/jazzy/opt/gz_math_vendor/lib:/opt/ros/jazzy/opt/gz_utils_vendor/lib:/opt/ros/jazzy/opt/gz_cmake_vendor/lib:/opt/ros/jazzy/lib PYTHONPATH=/home/carlos/ros2_ws/install/px4_msgs/lib/python3.12/site-packages:/home/carlos/ros2_ws/install/px4_ros_com/lib/python3.12/site-packages:/opt/ros/jazzy/lib/python3.12/site-packages /usr/bin/cmake --build /home/carlos/ros2_ws/build/control -- -j16 -l16
[5.129s] DEBUG:colcon.colcon_core.event_handler.log_command:Invoking command in '/home/carlos/ros2_ws/build/control': CMAKE_PREFIX_PATH=/home/carlos/ros2_ws/install/px4_msgs:/home/carlos/ros2_ws/install/px4_ros_com:/home/carlos/ros2_ws/install/control:/opt/ros/jazzy/opt/gz_math_vendor:/opt/ros/jazzy/opt/gz_utils_vendor:/opt/ros/jazzy/opt/gz_cmake_vendor:/opt/ros/jazzy DEBUGINFOD_URLS=https://debuginfod.ubuntu.com LD_LIBRARY_PATH=/home/carlos/ros2_ws/install/px4_msgs/lib:/home/carlos/ros2_ws/install/px4_ros_com/lib:/opt/ros/jazzy/opt/zenoh_cpp_vendor/lib:/opt/ros/jazzy/opt/rviz_ogre_vendor/lib:/opt/ros/jazzy/lib/x86_64-linux-gnu:/opt/ros/jazzy/opt/gz_math_vendor/lib:/opt/ros/jazzy/opt/gz_utils_vendor/lib:/opt/ros/jazzy/opt/gz_cmake_vendor/lib:/opt/ros/jazzy/lib PYTHONPATH=/home/carlos/ros2_ws/install/px4_msgs/lib/python3.12/site-packages:/home/carlos/ros2_ws/install/px4_ros_com/lib/python3.12/site-packages:/opt/ros/jazzy/lib/python3.12/site-packages /usr/bin/cmake --install /home/carlos/ros2_ws/build/control
[5.163s] Level 1:colcon.colcon_core.environment:create_environment_scripts_only(control)
[5.164s] Level 1:colcon.colcon_core.environment:checking '/home/carlos/ros2_ws/install/control' for CMake module files
[5.166s] DEBUG:colcon.colcon_core.event_handler.log_command:Invoked command in '/home/carlos/ros2_ws/build/control' returned '0': CMAKE_PREFIX_PATH=/home/carlos/ros2_ws/install/px4_msgs:/home/carlos/ros2_ws/install/px4_ros_com:/home/carlos/ros2_ws/install/control:/opt/ros/jazzy/opt/gz_math_vendor:/opt/ros/jazzy/opt/gz_utils_vendor:/opt/ros/jazzy/opt/gz_cmake_vendor:/opt/ros/jazzy DEBUGINFOD_URLS=https://debuginfod.ubuntu.com LD_LIBRARY_PATH=/home/carlos/ros2_ws/install/px4_msgs/lib:/home/carlos/ros2_ws/install/px4_ros_com/lib:/opt/ros/jazzy/opt/zenoh_cpp_vendor/lib:/opt/ros/jazzy/opt/rviz_ogre_vendor/lib:/opt/ros/jazzy/lib/x86_64-linux-gnu:/opt/ros/jazzy/opt/gz_math_vendor/lib:/opt/ros/jazzy/opt/gz_utils_vendor/lib:/opt/ros/jazzy/opt/gz_cmake_vendor/lib:/opt/ros/jazzy/lib PYTHONPATH=/home/carlos/ros2_ws/install/px4_msgs/lib/python3.12/site-packages:/home/carlos/ros2_ws/install/px4_ros_com/lib/python3.12/site-packages:/opt/ros/jazzy/lib/python3.12/site-packages /usr/bin/cmake --install /home/carlos/ros2_ws/build/control
[5.167s] Level 1:colcon.colcon_core.environment:checking '/home/carlos/ros2_ws/install/control' for CMake config files
[5.168s] Level 1:colcon.colcon_core.shell:create_environment_hook('control', 'cmake_prefix_path')
[5.168s] INFO:colcon.colcon_core.shell:Creating environment hook '/home/carlos/ros2_ws/install/control/share/control/hook/cmake_prefix_path.ps1'
[5.169s] INFO:colcon.colcon_core.shell:Creating environment descriptor '/home/carlos/ros2_ws/install/control/share/control/hook/cmake_prefix_path.dsv'
[5.170s] INFO:colcon.colcon_core.shell:Creating environment hook '/home/carlos/ros2_ws/install/control/share/control/hook/cmake_prefix_path.sh'
[5.172s] Level 1:colcon.colcon_core.environment:checking '/home/carlos/ros2_ws/install/control/lib'
[5.173s] Level 1:colcon.colcon_core.environment:checking '/home/carlos/ros2_ws/install/control/bin'
[5.173s] Level 1:colcon.colcon_core.environment:checking '/home/carlos/ros2_ws/install/control/lib/pkgconfig/control.pc'
[5.173s] Level 1:colcon.colcon_core.environment:checking '/home/carlos/ros2_ws/install/control/lib/python3.12/site-packages'
[5.174s] Level 1:colcon.colcon_core.environment:checking '/home/carlos/ros2_ws/install/control/bin'
[5.175s] INFO:colcon.colcon_core.shell:Creating package script '/home/carlos/ros2_ws/install/control/share/control/package.ps1'
[5.177s] INFO:colcon.colcon_core.shell:Creating package descriptor '/home/carlos/ros2_ws/install/control/share/control/package.dsv'
[5.179s] INFO:colcon.colcon_core.shell:Creating package script '/home/carlos/ros2_ws/install/control/share/control/package.sh'
[5.180s] INFO:colcon.colcon_core.shell:Creating package script '/home/carlos/ros2_ws/install/control/share/control/package.bash'
[5.181s] INFO:colcon.colcon_core.shell:Creating package script '/home/carlos/ros2_ws/install/control/share/control/package.zsh'
[5.182s] Level 1:colcon.colcon_core.environment:create_file_with_runtime_dependencies(/home/carlos/ros2_ws/install/control/share/colcon-core/packages/control)
[5.183s] Level 1:colcon.colcon_core.environment:create_environment_scripts_only(control)
[5.184s] Level 1:colcon.colcon_core.environment:checking '/home/carlos/ros2_ws/install/control' for CMake module files
[5.186s] Level 1:colcon.colcon_core.environment:checking '/home/carlos/ros2_ws/install/control' for CMake config files
[5.187s] Level 1:colcon.colcon_core.shell:create_environment_hook('control', 'cmake_prefix_path')
[5.187s] INFO:colcon.colcon_core.shell:Creating environment hook '/home/carlos/ros2_ws/install/control/share/control/hook/cmake_prefix_path.ps1'
[5.188s] INFO:colcon.colcon_core.shell:Creating environment descriptor '/home/carlos/ros2_ws/install/control/share/control/hook/cmake_prefix_path.dsv'
[5.189s] INFO:colcon.colcon_core.shell:Creating environment hook '/home/carlos/ros2_ws/install/control/share/control/hook/cmake_prefix_path.sh'
[5.190s] Level 1:colcon.colcon_core.environment:checking '/home/carlos/ros2_ws/install/control/lib'
[5.190s] Level 1:colcon.colcon_core.environment:checking '/home/carlos/ros2_ws/install/control/bin'
[5.190s] Level 1:colcon.colcon_core.environment:checking '/home/carlos/ros2_ws/install/control/lib/pkgconfig/control.pc'
[5.191s] Level 1:colcon.colcon_core.environment:checking '/home/carlos/ros2_ws/install/control/lib/python3.12/site-packages'
[5.191s] Level 1:colcon.colcon_core.environment:checking '/home/carlos/ros2_ws/install/control/bin'
[5.192s] INFO:colcon.colcon_core.shell:Creating package script '/home/carlos/ros2_ws/install/control/share/control/package.ps1'
[5.193s] INFO:colcon.colcon_core.shell:Creating package descriptor '/home/carlos/ros2_ws/install/control/share/control/package.dsv'
[5.194s] INFO:colcon.colcon_core.shell:Creating package script '/home/carlos/ros2_ws/install/control/share/control/package.sh'
[5.194s] INFO:colcon.colcon_core.shell:Creating package script '/home/carlos/ros2_ws/install/control/share/control/package.bash'
[5.195s] INFO:colcon.colcon_core.shell:Creating package script '/home/carlos/ros2_ws/install/control/share/control/package.zsh'
[5.198s] Level 1:colcon.colcon_core.environment:create_file_with_runtime_dependencies(/home/carlos/ros2_ws/install/control/share/colcon-core/packages/control)
[5.839s] DEBUG:colcon.colcon_core.event_handler.log_command:Invoked command in '/home/carlos/ros2_ws/build/px4_ros_com' returned '0': CMAKE_PREFIX_PATH=/home/carlos/ros2_ws/install/px4_msgs:/home/carlos/ros2_ws/install/px4_ros_com:/home/carlos/ros2_ws/install/control:/opt/ros/jazzy/opt/gz_math_vendor:/opt/ros/jazzy/opt/gz_utils_vendor:/opt/ros/jazzy/opt/gz_cmake_vendor:/opt/ros/jazzy DEBUGINFOD_URLS=https://debuginfod.ubuntu.com LD_LIBRARY_PATH=/home/carlos/ros2_ws/install/px4_msgs/lib:/home/carlos/ros2_ws/install/px4_ros_com/lib:/opt/ros/jazzy/opt/zenoh_cpp_vendor/lib:/opt/ros/jazzy/opt/rviz_ogre_vendor/lib:/opt/ros/jazzy/lib/x86_64-linux-gnu:/opt/ros/jazzy/opt/gz_math_vendor/lib:/opt/ros/jazzy/opt/gz_utils_vendor/lib:/opt/ros/jazzy/opt/gz_cmake_vendor/lib:/opt/ros/jazzy/lib PYTHONPATH=/home/carlos/ros2_ws/install/px4_msgs/lib/python3.12/site-packages:/home/carlos/ros2_ws/install/px4_ros_com/lib/python3.12/site-packages:/opt/ros/jazzy/lib/python3.12/site-packages /usr/bin/cmake --build /home/carlos/ros2_ws/build/px4_ros_com -- -j16 -l16
[5.840s] DEBUG:colcon.colcon_core.event_handler.log_command:Invoking command in '/home/carlos/ros2_ws/build/px4_ros_com': CMAKE_PREFIX_PATH=/home/carlos/ros2_ws/install/px4_msgs:/home/carlos/ros2_ws/install/px4_ros_com:/home/carlos/ros2_ws/install/control:/opt/ros/jazzy/opt/gz_math_vendor:/opt/ros/jazzy/opt/gz_utils_vendor:/opt/ros/jazzy/opt/gz_cmake_vendor:/opt/ros/jazzy DEBUGINFOD_URLS=https://debuginfod.ubuntu.com LD_LIBRARY_PATH=/home/carlos/ros2_ws/install/px4_msgs/lib:/home/carlos/ros2_ws/install/px4_ros_com/lib:/opt/ros/jazzy/opt/zenoh_cpp_vendor/lib:/opt/ros/jazzy/opt/rviz_ogre_vendor/lib:/opt/ros/jazzy/lib/x86_64-linux-gnu:/opt/ros/jazzy/opt/gz_math_vendor/lib:/opt/ros/jazzy/opt/gz_utils_vendor/lib:/opt/ros/jazzy/opt/gz_cmake_vendor/lib:/opt/ros/jazzy/lib PYTHONPATH=/home/carlos/ros2_ws/install/px4_msgs/lib/python3.12/site-packages:/home/carlos/ros2_ws/install/px4_ros_com/lib/python3.12/site-packages:/opt/ros/jazzy/lib/python3.12/site-packages /usr/bin/cmake --install /home/carlos/ros2_ws/build/px4_ros_com
[5.962s] Level 1:colcon.colcon_core.environment:create_environment_scripts_only(px4_ros_com)
[5.963s] DEBUG:colcon.colcon_core.event_handler.log_command:Invoked command in '/home/carlos/ros2_ws/build/px4_ros_com' returned '0': CMAKE_PREFIX_PATH=/home/carlos/ros2_ws/install/px4_msgs:/home/carlos/ros2_ws/install/px4_ros_com:/home/carlos/ros2_ws/install/control:/opt/ros/jazzy/opt/gz_math_vendor:/opt/ros/jazzy/opt/gz_utils_vendor:/opt/ros/jazzy/opt/gz_cmake_vendor:/opt/ros/jazzy DEBUGINFOD_URLS=https://debuginfod.ubuntu.com LD_LIBRARY_PATH=/home/carlos/ros2_ws/install/px4_msgs/lib:/home/carlos/ros2_ws/install/px4_ros_com/lib:/opt/ros/jazzy/opt/zenoh_cpp_vendor/lib:/opt/ros/jazzy/opt/rviz_ogre_vendor/lib:/opt/ros/jazzy/lib/x86_64-linux-gnu:/opt/ros/jazzy/opt/gz_math_vendor/lib:/opt/ros/jazzy/opt/gz_utils_vendor/lib:/opt/ros/jazzy/opt/gz_cmake_vendor/lib:/opt/ros/jazzy/lib PYTHONPATH=/home/carlos/ros2_ws/install/px4_msgs/lib/python3.12/site-packages:/home/carlos/ros2_ws/install/px4_ros_com/lib/python3.12/site-packages:/opt/ros/jazzy/lib/python3.12/site-packages /usr/bin/cmake --install /home/carlos/ros2_ws/build/px4_ros_com
[5.963s] Level 1:colcon.colcon_core.environment:checking '/home/carlos/ros2_ws/install/px4_ros_com' for CMake module files
[5.964s] Level 1:colcon.colcon_core.environment:checking '/home/carlos/ros2_ws/install/px4_ros_com' for CMake config files
[5.965s] Level 1:colcon.colcon_core.shell:create_environment_hook('px4_ros_com', 'cmake_prefix_path')
[5.965s] INFO:colcon.colcon_core.shell:Creating environment hook '/home/carlos/ros2_ws/install/px4_ros_com/share/px4_ros_com/hook/cmake_prefix_path.ps1'
[5.966s] INFO:colcon.colcon_core.shell:Creating environment descriptor '/home/carlos/ros2_ws/install/px4_ros_com/share/px4_ros_com/hook/cmake_prefix_path.dsv'
[5.970s] INFO:colcon.colcon_core.shell:Creating environment hook '/home/carlos/ros2_ws/install/px4_ros_com/share/px4_ros_com/hook/cmake_prefix_path.sh'
[5.971s] Level 1:colcon.colcon_core.environment:checking '/home/carlos/ros2_ws/install/px4_ros_com/lib'
[5.971s] Level 1:colcon.colcon_core.shell:create_environment_hook('px4_ros_com', 'ld_library_path_lib')
[5.971s] INFO:colcon.colcon_core.shell:Creating environment hook '/home/carlos/ros2_ws/install/px4_ros_com/share/px4_ros_com/hook/ld_library_path_lib.ps1'
[5.972s] INFO:colcon.colcon_core.shell:Creating environment descriptor '/home/carlos/ros2_ws/install/px4_ros_com/share/px4_ros_com/hook/ld_library_path_lib.dsv'
[5.972s] INFO:colcon.colcon_core.shell:Creating environment hook '/home/carlos/ros2_ws/install/px4_ros_com/share/px4_ros_com/hook/ld_library_path_lib.sh'
[5.973s] Level 1:colcon.colcon_core.environment:checking '/home/carlos/ros2_ws/install/px4_ros_com/bin'
[5.973s] Level 1:colcon.colcon_core.environment:checking '/home/carlos/ros2_ws/install/px4_ros_com/lib/pkgconfig/px4_ros_com.pc'
[5.973s] Level 1:colcon.colcon_core.environment:checking '/home/carlos/ros2_ws/install/px4_ros_com/lib/python3.12/site-packages'
[5.974s] Level 1:colcon.colcon_core.shell:create_environment_hook('px4_ros_com', 'pythonpath')
[5.974s] INFO:colcon.colcon_core.shell:Creating environment hook '/home/carlos/ros2_ws/install/px4_ros_com/share/px4_ros_com/hook/pythonpath.ps1'
[5.974s] INFO:colcon.colcon_core.shell:Creating environment descriptor '/home/carlos/ros2_ws/install/px4_ros_com/share/px4_ros_com/hook/pythonpath.dsv'
[5.975s] INFO:colcon.colcon_core.shell:Creating environment hook '/home/carlos/ros2_ws/install/px4_ros_com/share/px4_ros_com/hook/pythonpath.sh'
[5.976s] Level 1:colcon.colcon_core.environment:checking '/home/carlos/ros2_ws/install/px4_ros_com/bin'
[5.976s] INFO:colcon.colcon_core.shell:Creating package script '/home/carlos/ros2_ws/install/px4_ros_com/share/px4_ros_com/package.ps1'
[5.977s] INFO:colcon.colcon_core.shell:Creating package descriptor '/home/carlos/ros2_ws/install/px4_ros_com/share/px4_ros_com/package.dsv'
[5.978s] INFO:colcon.colcon_core.shell:Creating package script '/home/carlos/ros2_ws/install/px4_ros_com/share/px4_ros_com/package.sh'
[5.979s] INFO:colcon.colcon_core.shell:Creating package script '/home/carlos/ros2_ws/install/px4_ros_com/share/px4_ros_com/package.bash'
[5.980s] INFO:colcon.colcon_core.shell:Creating package script '/home/carlos/ros2_ws/install/px4_ros_com/share/px4_ros_com/package.zsh'
[5.980s] Level 1:colcon.colcon_core.environment:create_file_with_runtime_dependencies(/home/carlos/ros2_ws/install/px4_ros_com/share/colcon-core/packages/px4_ros_com)
[5.982s] Level 1:colcon.colcon_core.environment:create_environment_scripts_only(px4_ros_com)
[5.982s] Level 1:colcon.colcon_core.environment:checking '/home/carlos/ros2_ws/install/px4_ros_com' for CMake module files
[5.983s] Level 1:colcon.colcon_core.environment:checking '/home/carlos/ros2_ws/install/px4_ros_com' for CMake config files
[5.985s] Level 1:colcon.colcon_core.shell:create_environment_hook('px4_ros_com', 'cmake_prefix_path')
[5.985s] INFO:colcon.colcon_core.shell:Creating environment hook '/home/carlos/ros2_ws/install/px4_ros_com/share/px4_ros_com/hook/cmake_prefix_path.ps1'
[5.986s] INFO:colcon.colcon_core.shell:Creating environment descriptor '/home/carlos/ros2_ws/install/px4_ros_com/share/px4_ros_com/hook/cmake_prefix_path.dsv'
[5.986s] INFO:colcon.colcon_core.shell:Creating environment hook '/home/carlos/ros2_ws/install/px4_ros_com/share/px4_ros_com/hook/cmake_prefix_path.sh'
[5.987s] Level 1:colcon.colcon_core.environment:checking '/home/carlos/ros2_ws/install/px4_ros_com/lib'
[5.987s] Level 1:colcon.colcon_core.shell:create_environment_hook('px4_ros_com', 'ld_library_path_lib')
[5.988s] INFO:colcon.colcon_core.shell:Creating environment hook '/home/carlos/ros2_ws/install/px4_ros_com/share/px4_ros_com/hook/ld_library_path_lib.ps1'
[5.988s] INFO:colcon.colcon_core.shell:Creating environment descriptor '/home/carlos/ros2_ws/install/px4_ros_com/share/px4_ros_com/hook/ld_library_path_lib.dsv'
[5.989s] INFO:colcon.colcon_core.shell:Creating environment hook '/home/carlos/ros2_ws/install/px4_ros_com/share/px4_ros_com/hook/ld_library_path_lib.sh'
[5.990s] Level 1:colcon.colcon_core.environment:checking '/home/carlos/ros2_ws/install/px4_ros_com/bin'
[5.990s] Level 1:colcon.colcon_core.environment:checking '/home/carlos/ros2_ws/install/px4_ros_com/lib/pkgconfig/px4_ros_com.pc'
[5.991s] Level 1:colcon.colcon_core.environment:checking '/home/carlos/ros2_ws/install/px4_ros_com/lib/python3.12/site-packages'
[5.991s] Level 1:colcon.colcon_core.shell:create_environment_hook('px4_ros_com', 'pythonpath')
[5.991s] INFO:colcon.colcon_core.shell:Creating environment hook '/home/carlos/ros2_ws/install/px4_ros_com/share/px4_ros_com/hook/pythonpath.ps1'
[5.992s] INFO:colcon.colcon_core.shell:Creating environment descriptor '/home/carlos/ros2_ws/install/px4_ros_com/share/px4_ros_com/hook/pythonpath.dsv'
[5.993s] INFO:colcon.colcon_core.shell:Creating environment hook '/home/carlos/ros2_ws/install/px4_ros_com/share/px4_ros_com/hook/pythonpath.sh'
[5.994s] Level 1:colcon.colcon_core.environment:checking '/home/carlos/ros2_ws/install/px4_ros_com/bin'
[5.995s] INFO:colcon.colcon_core.shell:Creating package script '/home/carlos/ros2_ws/install/px4_ros_com/share/px4_ros_com/package.ps1'
[5.998s] INFO:colcon.colcon_core.shell:Creating package descriptor '/home/carlos/ros2_ws/install/px4_ros_com/share/px4_ros_com/package.dsv'
[5.998s] INFO:colcon.colcon_core.shell:Creating package script '/home/carlos/ros2_ws/install/px4_ros_com/share/px4_ros_com/package.sh'
[5.999s] INFO:colcon.colcon_core.shell:Creating package script '/home/carlos/ros2_ws/install/px4_ros_com/share/px4_ros_com/package.bash'
[6.000s] INFO:colcon.colcon_core.shell:Creating package script '/home/carlos/ros2_ws/install/px4_ros_com/share/px4_ros_com/package.zsh'
[6.000s] Level 1:colcon.colcon_core.environment:create_file_with_runtime_dependencies(/home/carlos/ros2_ws/install/px4_ros_com/share/colcon-core/packages/px4_ros_com)
[6.001s] DEBUG:colcon.colcon_parallel_executor.executor.parallel:closing loop
[6.002s] DEBUG:colcon.colcon_parallel_executor.executor.parallel:loop closed
[6.002s] DEBUG:colcon.colcon_parallel_executor.executor.parallel:run_until_complete finished with '0'
[6.002s] DEBUG:colcon.colcon_core.event_reactor:joining thread
[6.012s] INFO:colcon.colcon_core.plugin_system:Skipping extension 'colcon_notification.desktop_notification.terminal_notifier': Not used on non-Darwin systems
[6.012s] INFO:colcon.colcon_core.plugin_system:Skipping extension 'colcon_notification.desktop_notification.win32': Not used on non-Windows systems
[6.013s] INFO:colcon.colcon_notification.desktop_notification:Sending desktop notification using 'notify2'
[6.039s] DEBUG:colcon.colcon_core.event_reactor:joined thread
[6.039s] INFO:colcon.colcon_core.shell:Creating prefix script '/home/carlos/ros2_ws/install/local_setup.ps1'
[6.041s] INFO:colcon.colcon_core.shell:Creating prefix util module '/home/carlos/ros2_ws/install/_local_setup_util_ps1.py'
[6.043s] INFO:colcon.colcon_core.shell:Creating prefix chain script '/home/carlos/ros2_ws/install/setup.ps1'
[6.047s] INFO:colcon.colcon_core.shell:Creating prefix script '/home/carlos/ros2_ws/install/local_setup.sh'
[6.048s] INFO:colcon.colcon_core.shell:Creating prefix util module '/home/carlos/ros2_ws/install/_local_setup_util_sh.py'
[6.049s] INFO:colcon.colcon_core.shell:Creating prefix chain script '/home/carlos/ros2_ws/install/setup.sh'
[6.051s] INFO:colcon.colcon_core.shell:Creating prefix script '/home/carlos/ros2_ws/install/local_setup.bash'
[6.052s] INFO:colcon.colcon_core.shell:Creating prefix chain script '/home/carlos/ros2_ws/install/setup.bash'
[6.054s] INFO:colcon.colcon_core.shell:Creating prefix script '/home/carlos/ros2_ws/install/local_setup.zsh'
[6.054s] INFO:colcon.colcon_core.shell:Creating prefix chain script '/home/carlos/ros2_ws/install/setup.zsh'
