[0.229s] DEBUG:colcon:Command line arguments: ['/usr/bin/colcon', 'build']
[0.229s] DEBUG:colcon:Parsed command line arguments: Namespace(log_base=None, log_level=None, verb_name='build', build_base='build', install_base='install', merge_install=False, symlink_install=False, test_result_base=None, continue_on_error=False, executor='parallel', parallel_workers=16, event_handlers=None, ignore_user_meta=False, metas=['./colcon.meta'], base_paths=['.'], packages_ignore=None, packages_ignore_regex=None, paths=None, packages_up_to=None, packages_up_to_regex=None, packages_above=None, packages_above_and_dependencies=None, packages_above_depth=None, packages_select_by_dep=None, packages_skip_by_dep=None, packages_skip_up_to=None, packages_select_build_failed=False, packages_skip_build_finished=False, packages_select_test_failures=False, packages_skip_test_passed=False, packages_select=None, packages_skip=None, packages_select_regex=None, packages_skip_regex=None, packages_start=None, packages_end=None, allow_overriding=[], cmake_args=None, cmake_target=None, cmake_target_skip_unavailable=False, cmake_clean_cache=False, cmake_clean_first=False, cmake_force_configure=False, ament_cmake_args=None, catkin_cmake_args=None, catkin_skip_building_tests=False, mixin_files=None, mixin=None, verb_parser=<colcon_mixin.mixin.mixin_argument.MixinArgumentDecorator object at 0x78b9e349d490>, verb_extension=<colcon_core.verb.build.BuildVerb object at 0x78b9e349cda0>, main=<bound method BuildVerb.main of <colcon_core.verb.build.BuildVerb object at 0x78b9e349cda0>>, mixin_verb=('build',))
[0.336s] Level 1:colcon.colcon_core.package_discovery:discover_packages(colcon_meta) check parameters
[0.336s] Level 1:colcon.colcon_core.package_discovery:discover_packages(recursive) check parameters
[0.336s] Level 1:colcon.colcon_core.package_discovery:discover_packages(ignore) check parameters
[0.336s] Level 1:colcon.colcon_core.package_discovery:discover_packages(path) check parameters
[0.336s] Level 1:colcon.colcon_core.package_discovery:discover_packages(colcon_meta) discover
[0.336s] Level 1:colcon.colcon_core.package_discovery:discover_packages(recursive) discover
[0.336s] INFO:colcon.colcon_core.package_discovery:Crawling recursively for packages in '/home/carlos/ros2_ws'
[0.336s] Level 1:colcon.colcon_core.package_identification:_identify(.) by extensions ['ignore', 'ignore_ament_install']
[0.337s] Level 1:colcon.colcon_core.package_identification:_identify(.) by extension 'ignore'
[0.337s] Level 1:colcon.colcon_core.package_identification:_identify(.) by extension 'ignore_ament_install'
[0.337s] Level 1:colcon.colcon_core.package_identification:_identify(.) by extensions ['colcon_pkg']
[0.337s] Level 1:colcon.colcon_core.package_identification:_identify(.) by extension 'colcon_pkg'
[0.337s] Level 1:colcon.colcon_core.package_identification:_identify(.) by extensions ['colcon_meta']
[0.337s] Level 1:colcon.colcon_core.package_identification:_identify(.) by extension 'colcon_meta'
[0.337s] Level 1:colcon.colcon_core.package_identification:_identify(.) by extensions ['ros']
[0.337s] Level 1:colcon.colcon_core.package_identification:_identify(.) by extension 'ros'
[0.384s] Level 1:colcon.colcon_core.package_identification:_identify(.) by extensions ['cmake', 'python']
[0.384s] Level 1:colcon.colcon_core.package_identification:_identify(.) by extension 'cmake'
[0.384s] Level 1:colcon.colcon_core.package_identification:_identify(.) by extension 'python'
[0.384s] Level 1:colcon.colcon_core.package_identification:_identify(.) by extensions ['python_setup_py']
[0.384s] Level 1:colcon.colcon_core.package_identification:_identify(.) by extension 'python_setup_py'
[0.384s] Level 1:colcon.colcon_core.package_identification:_identify(build) by extensions ['ignore', 'ignore_ament_install']
[0.385s] Level 1:colcon.colcon_core.package_identification:_identify(build) by extension 'ignore'
[0.385s] Level 1:colcon.colcon_core.package_identification:_identify(build) ignored
[0.385s] Level 1:colcon.colcon_core.package_identification:_identify(install) by extensions ['ignore', 'ignore_ament_install']
[0.385s] Level 1:colcon.colcon_core.package_identification:_identify(install) by extension 'ignore'
[0.385s] Level 1:colcon.colcon_core.package_identification:_identify(install) ignored
[0.385s] Level 1:colcon.colcon_core.package_identification:_identify(log) by extensions ['ignore', 'ignore_ament_install']
[0.385s] Level 1:colcon.colcon_core.package_identification:_identify(log) by extension 'ignore'
[0.385s] Level 1:colcon.colcon_core.package_identification:_identify(log) ignored
[0.385s] Level 1:colcon.colcon_core.package_identification:_identify(src) by extensions ['ignore', 'ignore_ament_install']
[0.385s] Level 1:colcon.colcon_core.package_identification:_identify(src) by extension 'ignore'
[0.386s] Level 1:colcon.colcon_core.package_identification:_identify(src) by extension 'ignore_ament_install'
[0.386s] Level 1:colcon.colcon_core.package_identification:_identify(src) by extensions ['colcon_pkg']
[0.386s] Level 1:colcon.colcon_core.package_identification:_identify(src) by extension 'colcon_pkg'
[0.386s] Level 1:colcon.colcon_core.package_identification:_identify(src) by extensions ['colcon_meta']
[0.386s] Level 1:colcon.colcon_core.package_identification:_identify(src) by extension 'colcon_meta'
[0.386s] Level 1:colcon.colcon_core.package_identification:_identify(src) by extensions ['ros']
[0.386s] Level 1:colcon.colcon_core.package_identification:_identify(src) by extension 'ros'
[0.386s] Level 1:colcon.colcon_core.package_identification:_identify(src) by extensions ['cmake', 'python']
[0.386s] Level 1:colcon.colcon_core.package_identification:_identify(src) by extension 'cmake'
[0.386s] Level 1:colcon.colcon_core.package_identification:_identify(src) by extension 'python'
[0.386s] Level 1:colcon.colcon_core.package_identification:_identify(src) by extensions ['python_setup_py']
[0.386s] Level 1:colcon.colcon_core.package_identification:_identify(src) by extension 'python_setup_py'
[0.386s] Level 1:colcon.colcon_core.package_identification:_identify(src/control) by extensions ['ignore', 'ignore_ament_install']
[0.386s] Level 1:colcon.colcon_core.package_identification:_identify(src/control) by extension 'ignore'
[0.387s] Level 1:colcon.colcon_core.package_identification:_identify(src/control) by extension 'ignore_ament_install'
[0.387s] Level 1:colcon.colcon_core.package_identification:_identify(src/control) by extensions ['colcon_pkg']
[0.387s] Level 1:colcon.colcon_core.package_identification:_identify(src/control) by extension 'colcon_pkg'
[0.387s] Level 1:colcon.colcon_core.package_identification:_identify(src/control) by extensions ['colcon_meta']
[0.387s] Level 1:colcon.colcon_core.package_identification:_identify(src/control) by extension 'colcon_meta'
[0.387s] Level 1:colcon.colcon_core.package_identification:_identify(src/control) by extensions ['ros']
[0.387s] Level 1:colcon.colcon_core.package_identification:_identify(src/control) by extension 'ros'
[0.393s] DEBUG:colcon.colcon_core.package_identification:Package 'src/control' with type 'ros.ament_cmake' and name 'control'
[0.394s] Level 1:colcon.colcon_core.package_identification:_identify(src/px4_msgs) by extensions ['ignore', 'ignore_ament_install']
[0.394s] Level 1:colcon.colcon_core.package_identification:_identify(src/px4_msgs) by extension 'ignore'
[0.394s] Level 1:colcon.colcon_core.package_identification:_identify(src/px4_msgs) by extension 'ignore_ament_install'
[0.394s] Level 1:colcon.colcon_core.package_identification:_identify(src/px4_msgs) by extensions ['colcon_pkg']
[0.394s] Level 1:colcon.colcon_core.package_identification:_identify(src/px4_msgs) by extension 'colcon_pkg'
[0.394s] Level 1:colcon.colcon_core.package_identification:_identify(src/px4_msgs) by extensions ['colcon_meta']
[0.394s] Level 1:colcon.colcon_core.package_identification:_identify(src/px4_msgs) by extension 'colcon_meta'
[0.394s] Level 1:colcon.colcon_core.package_identification:_identify(src/px4_msgs) by extensions ['ros']
[0.394s] Level 1:colcon.colcon_core.package_identification:_identify(src/px4_msgs) by extension 'ros'
[0.397s] DEBUG:colcon.colcon_core.package_identification:Package 'src/px4_msgs' with type 'ros.ament_cmake' and name 'px4_msgs'
[0.398s] Level 1:colcon.colcon_core.package_identification:_identify(src/px4_ros_com) by extensions ['ignore', 'ignore_ament_install']
[0.398s] Level 1:colcon.colcon_core.package_identification:_identify(src/px4_ros_com) by extension 'ignore'
[0.398s] Level 1:colcon.colcon_core.package_identification:_identify(src/px4_ros_com) by extension 'ignore_ament_install'
[0.398s] Level 1:colcon.colcon_core.package_identification:_identify(src/px4_ros_com) by extensions ['colcon_pkg']
[0.398s] Level 1:colcon.colcon_core.package_identification:_identify(src/px4_ros_com) by extension 'colcon_pkg'
[0.398s] Level 1:colcon.colcon_core.package_identification:_identify(src/px4_ros_com) by extensions ['colcon_meta']
[0.398s] Level 1:colcon.colcon_core.package_identification:_identify(src/px4_ros_com) by extension 'colcon_meta'
[0.398s] Level 1:colcon.colcon_core.package_identification:_identify(src/px4_ros_com) by extensions ['ros']
[0.398s] Level 1:colcon.colcon_core.package_identification:_identify(src/px4_ros_com) by extension 'ros'
[0.401s] DEBUG:colcon.colcon_core.package_identification:Package 'src/px4_ros_com' with type 'ros.ament_cmake' and name 'px4_ros_com'
[0.401s] Level 1:colcon.colcon_core.package_discovery:discover_packages(recursive) using defaults
[0.401s] Level 1:colcon.colcon_core.package_discovery:discover_packages(ignore) discover
[0.401s] Level 1:colcon.colcon_core.package_discovery:discover_packages(ignore) using defaults
[0.401s] Level 1:colcon.colcon_core.package_discovery:discover_packages(path) discover
[0.401s] Level 1:colcon.colcon_core.package_discovery:discover_packages(path) using defaults
[0.442s] Level 1:colcon.colcon_core.package_discovery:discover_packages(prefix_path) check parameters
[0.442s] Level 1:colcon.colcon_core.package_discovery:discover_packages(prefix_path) discover
[0.450s] DEBUG:colcon.colcon_installed_package_information.package_discovery:Found 3 installed packages in /home/carlos/ros2_ws/install
[0.452s] DEBUG:colcon.colcon_installed_package_information.package_discovery:Found 287 installed packages in /opt/ros/jazzy
[0.455s] Level 1:colcon.colcon_core.package_discovery:discover_packages(prefix_path) using defaults
[0.528s] Level 5:colcon.colcon_core.verb:set package 'px4_msgs' build argument 'cmake_args' from command line to 'None'
[0.528s] Level 5:colcon.colcon_core.verb:set package 'px4_msgs' build argument 'cmake_target' from command line to 'None'
[0.528s] Level 5:colcon.colcon_core.verb:set package 'px4_msgs' build argument 'cmake_target_skip_unavailable' from command line to 'False'
[0.528s] Level 5:colcon.colcon_core.verb:set package 'px4_msgs' build argument 'cmake_clean_cache' from command line to 'False'
[0.528s] Level 5:colcon.colcon_core.verb:set package 'px4_msgs' build argument 'cmake_clean_first' from command line to 'False'
[0.528s] Level 5:colcon.colcon_core.verb:set package 'px4_msgs' build argument 'cmake_force_configure' from command line to 'False'
[0.528s] Level 5:colcon.colcon_core.verb:set package 'px4_msgs' build argument 'ament_cmake_args' from command line to 'None'
[0.528s] Level 5:colcon.colcon_core.verb:set package 'px4_msgs' build argument 'catkin_cmake_args' from command line to 'None'
[0.528s] Level 5:colcon.colcon_core.verb:set package 'px4_msgs' build argument 'catkin_skip_building_tests' from command line to 'False'
[0.528s] DEBUG:colcon.colcon_core.verb:Building package 'px4_msgs' with the following arguments: {'ament_cmake_args': None, 'build_base': '/home/carlos/ros2_ws/build/px4_msgs', 'catkin_cmake_args': None, 'catkin_skip_building_tests': False, 'cmake_args': None, 'cmake_clean_cache': False, 'cmake_clean_first': False, 'cmake_force_configure': False, 'cmake_target': None, 'cmake_target_skip_unavailable': False, 'install_base': '/home/carlos/ros2_ws/install/px4_msgs', 'merge_install': False, 'path': '/home/carlos/ros2_ws/src/px4_msgs', 'symlink_install': False, 'test_result_base': None}
[0.529s] Level 5:colcon.colcon_core.verb:set package 'control' build argument 'cmake_args' from command line to 'None'
[0.529s] Level 5:colcon.colcon_core.verb:set package 'control' build argument 'cmake_target' from command line to 'None'
[0.529s] Level 5:colcon.colcon_core.verb:set package 'control' build argument 'cmake_target_skip_unavailable' from command line to 'False'
[0.529s] Level 5:colcon.colcon_core.verb:set package 'control' build argument 'cmake_clean_cache' from command line to 'False'
[0.529s] Level 5:colcon.colcon_core.verb:set package 'control' build argument 'cmake_clean_first' from command line to 'False'
[0.529s] Level 5:colcon.colcon_core.verb:set package 'control' build argument 'cmake_force_configure' from command line to 'False'
[0.529s] Level 5:colcon.colcon_core.verb:set package 'control' build argument 'ament_cmake_args' from command line to 'None'
[0.529s] Level 5:colcon.colcon_core.verb:set package 'control' build argument 'catkin_cmake_args' from command line to 'None'
[0.529s] Level 5:colcon.colcon_core.verb:set package 'control' build argument 'catkin_skip_building_tests' from command line to 'False'
[0.529s] DEBUG:colcon.colcon_core.verb:Building package 'control' with the following arguments: {'ament_cmake_args': None, 'build_base': '/home/carlos/ros2_ws/build/control', 'catkin_cmake_args': None, 'catkin_skip_building_tests': False, 'cmake_args': None, 'cmake_clean_cache': False, 'cmake_clean_first': False, 'cmake_force_configure': False, 'cmake_target': None, 'cmake_target_skip_unavailable': False, 'install_base': '/home/carlos/ros2_ws/install/control', 'merge_install': False, 'path': '/home/carlos/ros2_ws/src/control', 'symlink_install': False, 'test_result_base': None}
[0.529s] Level 5:colcon.colcon_core.verb:set package 'px4_ros_com' build argument 'cmake_args' from command line to 'None'
[0.529s] Level 5:colcon.colcon_core.verb:set package 'px4_ros_com' build argument 'cmake_target' from command line to 'None'
[0.529s] Level 5:colcon.colcon_core.verb:set package 'px4_ros_com' build argument 'cmake_target_skip_unavailable' from command line to 'False'
[0.529s] Level 5:colcon.colcon_core.verb:set package 'px4_ros_com' build argument 'cmake_clean_cache' from command line to 'False'
[0.529s] Level 5:colcon.colcon_core.verb:set package 'px4_ros_com' build argument 'cmake_clean_first' from command line to 'False'
[0.529s] Level 5:colcon.colcon_core.verb:set package 'px4_ros_com' build argument 'cmake_force_configure' from command line to 'False'
[0.530s] Level 5:colcon.colcon_core.verb:set package 'px4_ros_com' build argument 'ament_cmake_args' from command line to 'None'
[0.530s] Level 5:colcon.colcon_core.verb:set package 'px4_ros_com' build argument 'catkin_cmake_args' from command line to 'None'
[0.530s] Level 5:colcon.colcon_core.verb:set package 'px4_ros_com' build argument 'catkin_skip_building_tests' from command line to 'False'
[0.530s] DEBUG:colcon.colcon_core.verb:Building package 'px4_ros_com' with the following arguments: {'ament_cmake_args': None, 'build_base': '/home/carlos/ros2_ws/build/px4_ros_com', 'catkin_cmake_args': None, 'catkin_skip_building_tests': False, 'cmake_args': None, 'cmake_clean_cache': False, 'cmake_clean_first': False, 'cmake_force_configure': False, 'cmake_target': None, 'cmake_target_skip_unavailable': False, 'install_base': '/home/carlos/ros2_ws/install/px4_ros_com', 'merge_install': False, 'path': '/home/carlos/ros2_ws/src/px4_ros_com', 'symlink_install': False, 'test_result_base': None}
[0.530s] INFO:colcon.colcon_core.executor:Executing jobs using 'parallel' executor
[0.531s] DEBUG:colcon.colcon_parallel_executor.executor.parallel:run_until_complete
[0.532s] INFO:colcon.colcon_ros.task.ament_cmake.build:Building ROS package in '/home/carlos/ros2_ws/src/px4_msgs' with build type 'ament_cmake'
[0.532s] INFO:colcon.colcon_cmake.task.cmake.build:Building CMake package in '/home/carlos/ros2_ws/src/px4_msgs'
[0.539s] INFO:colcon.colcon_core.plugin_system:Skipping extension 'colcon_core.shell.bat': Not used on non-Windows systems
[0.540s] INFO:colcon.colcon_core.shell:Skip shell extension 'powershell' for command environment: Not usable outside of PowerShell
[0.540s] DEBUG:colcon.colcon_core.shell:Skip shell extension 'dsv' for command environment
[0.557s] DEBUG:colcon.colcon_core.event_handler.log_command:Invoking command in '/home/carlos/ros2_ws/build/px4_msgs': CMAKE_PREFIX_PATH=${CMAKE_PREFIX_PATH}:/opt/ros/jazzy DEBUGINFOD_URLS=https://debuginfod.ubuntu.com /usr/bin/cmake --build /home/carlos/ros2_ws/build/px4_msgs -- -j16 -l16
[3.315s] DEBUG:colcon.colcon_core.event_handler.log_command:Invoked command in '/home/carlos/ros2_ws/build/px4_msgs' returned '0': CMAKE_PREFIX_PATH=${CMAKE_PREFIX_PATH}:/opt/ros/jazzy DEBUGINFOD_URLS=https://debuginfod.ubuntu.com /usr/bin/cmake --build /home/carlos/ros2_ws/build/px4_msgs -- -j16 -l16
[3.329s] DEBUG:colcon.colcon_core.event_handler.log_command:Invoking command in '/home/carlos/ros2_ws/build/px4_msgs': CMAKE_PREFIX_PATH=${CMAKE_PREFIX_PATH}:/opt/ros/jazzy DEBUGINFOD_URLS=https://debuginfod.ubuntu.com /usr/bin/cmake --install /home/carlos/ros2_ws/build/px4_msgs
[5.324s] Level 1:colcon.colcon_core.environment:create_environment_scripts_only(px4_msgs)
[5.324s] DEBUG:colcon.colcon_core.event_handler.log_command:Invoked command in '/home/carlos/ros2_ws/build/px4_msgs' returned '0': CMAKE_PREFIX_PATH=${CMAKE_PREFIX_PATH}:/opt/ros/jazzy DEBUGINFOD_URLS=https://debuginfod.ubuntu.com /usr/bin/cmake --install /home/carlos/ros2_ws/build/px4_msgs
[5.358s] Level 1:colcon.colcon_core.environment:checking '/home/carlos/ros2_ws/install/px4_msgs' for CMake module files
[5.359s] Level 1:colcon.colcon_core.environment:checking '/home/carlos/ros2_ws/install/px4_msgs' for CMake config files
[5.381s] Level 1:colcon.colcon_core.shell:create_environment_hook('px4_msgs', 'cmake_prefix_path')
[5.381s] INFO:colcon.colcon_core.shell:Creating environment hook '/home/carlos/ros2_ws/install/px4_msgs/share/px4_msgs/hook/cmake_prefix_path.ps1'
[5.383s] INFO:colcon.colcon_core.shell:Creating environment descriptor '/home/carlos/ros2_ws/install/px4_msgs/share/px4_msgs/hook/cmake_prefix_path.dsv'
[5.384s] INFO:colcon.colcon_core.shell:Creating environment hook '/home/carlos/ros2_ws/install/px4_msgs/share/px4_msgs/hook/cmake_prefix_path.sh'
[5.387s] Level 1:colcon.colcon_core.environment:checking '/home/carlos/ros2_ws/install/px4_msgs/lib'
[5.387s] Level 1:colcon.colcon_core.shell:create_environment_hook('px4_msgs', 'ld_library_path_lib')
[5.387s] INFO:colcon.colcon_core.shell:Creating environment hook '/home/carlos/ros2_ws/install/px4_msgs/share/px4_msgs/hook/ld_library_path_lib.ps1'
[5.387s] INFO:colcon.colcon_core.shell:Creating environment descriptor '/home/carlos/ros2_ws/install/px4_msgs/share/px4_msgs/hook/ld_library_path_lib.dsv'
[5.389s] INFO:colcon.colcon_core.shell:Creating environment hook '/home/carlos/ros2_ws/install/px4_msgs/share/px4_msgs/hook/ld_library_path_lib.sh'
[5.389s] Level 1:colcon.colcon_core.environment:checking '/home/carlos/ros2_ws/install/px4_msgs/bin'
[5.390s] Level 1:colcon.colcon_core.environment:checking '/home/carlos/ros2_ws/install/px4_msgs/lib/pkgconfig/px4_msgs.pc'
[5.390s] Level 1:colcon.colcon_core.environment:checking '/home/carlos/ros2_ws/install/px4_msgs/lib/python3.12/site-packages'
[5.390s] Level 1:colcon.colcon_core.shell:create_environment_hook('px4_msgs', 'pythonpath')
[5.390s] INFO:colcon.colcon_core.shell:Creating environment hook '/home/carlos/ros2_ws/install/px4_msgs/share/px4_msgs/hook/pythonpath.ps1'
[5.390s] INFO:colcon.colcon_core.shell:Creating environment descriptor '/home/carlos/ros2_ws/install/px4_msgs/share/px4_msgs/hook/pythonpath.dsv'
[5.391s] INFO:colcon.colcon_core.shell:Creating environment hook '/home/carlos/ros2_ws/install/px4_msgs/share/px4_msgs/hook/pythonpath.sh'
[5.392s] Level 1:colcon.colcon_core.environment:checking '/home/carlos/ros2_ws/install/px4_msgs/bin'
[5.392s] INFO:colcon.colcon_core.shell:Creating package script '/home/carlos/ros2_ws/install/px4_msgs/share/px4_msgs/package.ps1'
[5.393s] INFO:colcon.colcon_core.shell:Creating package descriptor '/home/carlos/ros2_ws/install/px4_msgs/share/px4_msgs/package.dsv'
[5.395s] INFO:colcon.colcon_core.shell:Creating package script '/home/carlos/ros2_ws/install/px4_msgs/share/px4_msgs/package.sh'
[5.396s] INFO:colcon.colcon_core.shell:Creating package script '/home/carlos/ros2_ws/install/px4_msgs/share/px4_msgs/package.bash'
[5.399s] INFO:colcon.colcon_core.shell:Creating package script '/home/carlos/ros2_ws/install/px4_msgs/share/px4_msgs/package.zsh'
[5.401s] Level 1:colcon.colcon_core.environment:create_file_with_runtime_dependencies(/home/carlos/ros2_ws/install/px4_msgs/share/colcon-core/packages/px4_msgs)
[5.402s] Level 1:colcon.colcon_core.environment:create_environment_scripts_only(px4_msgs)
[5.402s] Level 1:colcon.colcon_core.environment:checking '/home/carlos/ros2_ws/install/px4_msgs' for CMake module files
[5.402s] Level 1:colcon.colcon_core.environment:checking '/home/carlos/ros2_ws/install/px4_msgs' for CMake config files
[5.427s] Level 1:colcon.colcon_core.shell:create_environment_hook('px4_msgs', 'cmake_prefix_path')
[5.427s] INFO:colcon.colcon_core.shell:Creating environment hook '/home/carlos/ros2_ws/install/px4_msgs/share/px4_msgs/hook/cmake_prefix_path.ps1'
[5.427s] INFO:colcon.colcon_core.shell:Creating environment descriptor '/home/carlos/ros2_ws/install/px4_msgs/share/px4_msgs/hook/cmake_prefix_path.dsv'
[5.433s] INFO:colcon.colcon_core.shell:Creating environment hook '/home/carlos/ros2_ws/install/px4_msgs/share/px4_msgs/hook/cmake_prefix_path.sh'
[5.435s] Level 1:colcon.colcon_core.environment:checking '/home/carlos/ros2_ws/install/px4_msgs/lib'
[5.435s] Level 1:colcon.colcon_core.shell:create_environment_hook('px4_msgs', 'ld_library_path_lib')
[5.435s] INFO:colcon.colcon_core.shell:Creating environment hook '/home/carlos/ros2_ws/install/px4_msgs/share/px4_msgs/hook/ld_library_path_lib.ps1'
[5.435s] INFO:colcon.colcon_core.shell:Creating environment descriptor '/home/carlos/ros2_ws/install/px4_msgs/share/px4_msgs/hook/ld_library_path_lib.dsv'
[5.436s] INFO:colcon.colcon_core.shell:Creating environment hook '/home/carlos/ros2_ws/install/px4_msgs/share/px4_msgs/hook/ld_library_path_lib.sh'
[5.437s] Level 1:colcon.colcon_core.environment:checking '/home/carlos/ros2_ws/install/px4_msgs/bin'
[5.437s] Level 1:colcon.colcon_core.environment:checking '/home/carlos/ros2_ws/install/px4_msgs/lib/pkgconfig/px4_msgs.pc'
[5.437s] Level 1:colcon.colcon_core.environment:checking '/home/carlos/ros2_ws/install/px4_msgs/lib/python3.12/site-packages'
[5.437s] Level 1:colcon.colcon_core.shell:create_environment_hook('px4_msgs', 'pythonpath')
[5.437s] INFO:colcon.colcon_core.shell:Creating environment hook '/home/carlos/ros2_ws/install/px4_msgs/share/px4_msgs/hook/pythonpath.ps1'
[5.438s] INFO:colcon.colcon_core.shell:Creating environment descriptor '/home/carlos/ros2_ws/install/px4_msgs/share/px4_msgs/hook/pythonpath.dsv'
[5.439s] INFO:colcon.colcon_core.shell:Creating environment hook '/home/carlos/ros2_ws/install/px4_msgs/share/px4_msgs/hook/pythonpath.sh'
[5.440s] Level 1:colcon.colcon_core.environment:checking '/home/carlos/ros2_ws/install/px4_msgs/bin'
[5.440s] INFO:colcon.colcon_core.shell:Creating package script '/home/carlos/ros2_ws/install/px4_msgs/share/px4_msgs/package.ps1'
[5.440s] INFO:colcon.colcon_core.shell:Creating package descriptor '/home/carlos/ros2_ws/install/px4_msgs/share/px4_msgs/package.dsv'
[5.441s] INFO:colcon.colcon_core.shell:Creating package script '/home/carlos/ros2_ws/install/px4_msgs/share/px4_msgs/package.sh'
[5.442s] INFO:colcon.colcon_core.shell:Creating package script '/home/carlos/ros2_ws/install/px4_msgs/share/px4_msgs/package.bash'
[5.442s] INFO:colcon.colcon_core.shell:Creating package script '/home/carlos/ros2_ws/install/px4_msgs/share/px4_msgs/package.zsh'
[5.443s] Level 1:colcon.colcon_core.environment:create_file_with_runtime_dependencies(/home/carlos/ros2_ws/install/px4_msgs/share/colcon-core/packages/px4_msgs)
[5.444s] INFO:colcon.colcon_ros.task.ament_cmake.build:Building ROS package in '/home/carlos/ros2_ws/src/control' with build type 'ament_cmake'
[5.444s] INFO:colcon.colcon_cmake.task.cmake.build:Building CMake package in '/home/carlos/ros2_ws/src/control'
[5.444s] INFO:colcon.colcon_core.shell:Skip shell extension 'powershell' for command environment: Not usable outside of PowerShell
[5.444s] DEBUG:colcon.colcon_core.shell:Skip shell extension 'dsv' for command environment
[5.449s] INFO:colcon.colcon_ros.task.ament_cmake.build:Building ROS package in '/home/carlos/ros2_ws/src/px4_ros_com' with build type 'ament_cmake'
[5.449s] INFO:colcon.colcon_cmake.task.cmake.build:Building CMake package in '/home/carlos/ros2_ws/src/px4_ros_com'
[5.449s] INFO:colcon.colcon_core.shell:Skip shell extension 'powershell' for command environment: Not usable outside of PowerShell
[5.449s] DEBUG:colcon.colcon_core.shell:Skip shell extension 'dsv' for command environment
[5.465s] DEBUG:colcon.colcon_core.event_handler.log_command:Invoking command in '/home/carlos/ros2_ws/build/control': CMAKE_PREFIX_PATH=/home/carlos/ros2_ws/install/px4_msgs:/home/carlos/ros2_ws/install/px4_ros_com:/home/carlos/ros2_ws/install/control:/opt/ros/jazzy/opt/gz_math_vendor:/opt/ros/jazzy/opt/gz_utils_vendor:/opt/ros/jazzy/opt/gz_cmake_vendor:/opt/ros/jazzy DEBUGINFOD_URLS=https://debuginfod.ubuntu.com LD_LIBRARY_PATH=/home/carlos/ros2_ws/install/px4_msgs/lib:/home/carlos/ros2_ws/install/px4_ros_com/lib:/opt/ros/jazzy/opt/zenoh_cpp_vendor/lib:/opt/ros/jazzy/opt/rviz_ogre_vendor/lib:/opt/ros/jazzy/lib/x86_64-linux-gnu:/opt/ros/jazzy/opt/gz_math_vendor/lib:/opt/ros/jazzy/opt/gz_utils_vendor/lib:/opt/ros/jazzy/opt/gz_cmake_vendor/lib:/opt/ros/jazzy/lib PYTHONPATH=/home/carlos/ros2_ws/install/px4_msgs/lib/python3.12/site-packages:/home/carlos/ros2_ws/install/px4_ros_com/lib/python3.12/site-packages:/opt/ros/jazzy/lib/python3.12/site-packages /usr/bin/cmake --build /home/carlos/ros2_ws/build/control -- -j16 -l16
[5.470s] DEBUG:colcon.colcon_core.event_handler.log_command:Invoking command in '/home/carlos/ros2_ws/build/px4_ros_com': CMAKE_PREFIX_PATH=/home/carlos/ros2_ws/install/px4_msgs:/home/carlos/ros2_ws/install/px4_ros_com:/home/carlos/ros2_ws/install/control:/opt/ros/jazzy/opt/gz_math_vendor:/opt/ros/jazzy/opt/gz_utils_vendor:/opt/ros/jazzy/opt/gz_cmake_vendor:/opt/ros/jazzy DEBUGINFOD_URLS=https://debuginfod.ubuntu.com LD_LIBRARY_PATH=/home/carlos/ros2_ws/install/px4_msgs/lib:/home/carlos/ros2_ws/install/px4_ros_com/lib:/opt/ros/jazzy/opt/zenoh_cpp_vendor/lib:/opt/ros/jazzy/opt/rviz_ogre_vendor/lib:/opt/ros/jazzy/lib/x86_64-linux-gnu:/opt/ros/jazzy/opt/gz_math_vendor/lib:/opt/ros/jazzy/opt/gz_utils_vendor/lib:/opt/ros/jazzy/opt/gz_cmake_vendor/lib:/opt/ros/jazzy/lib PYTHONPATH=/home/carlos/ros2_ws/install/px4_msgs/lib/python3.12/site-packages:/home/carlos/ros2_ws/install/px4_ros_com/lib/python3.12/site-packages:/opt/ros/jazzy/lib/python3.12/site-packages /usr/bin/cmake --build /home/carlos/ros2_ws/build/px4_ros_com -- -j16 -l16
[5.565s] DEBUG:colcon.colcon_core.event_handler.log_command:Invoked command in '/home/carlos/ros2_ws/build/control' returned '0': CMAKE_PREFIX_PATH=/home/carlos/ros2_ws/install/px4_msgs:/home/carlos/ros2_ws/install/px4_ros_com:/home/carlos/ros2_ws/install/control:/opt/ros/jazzy/opt/gz_math_vendor:/opt/ros/jazzy/opt/gz_utils_vendor:/opt/ros/jazzy/opt/gz_cmake_vendor:/opt/ros/jazzy DEBUGINFOD_URLS=https://debuginfod.ubuntu.com LD_LIBRARY_PATH=/home/carlos/ros2_ws/install/px4_msgs/lib:/home/carlos/ros2_ws/install/px4_ros_com/lib:/opt/ros/jazzy/opt/zenoh_cpp_vendor/lib:/opt/ros/jazzy/opt/rviz_ogre_vendor/lib:/opt/ros/jazzy/lib/x86_64-linux-gnu:/opt/ros/jazzy/opt/gz_math_vendor/lib:/opt/ros/jazzy/opt/gz_utils_vendor/lib:/opt/ros/jazzy/opt/gz_cmake_vendor/lib:/opt/ros/jazzy/lib PYTHONPATH=/home/carlos/ros2_ws/install/px4_msgs/lib/python3.12/site-packages:/home/carlos/ros2_ws/install/px4_ros_com/lib/python3.12/site-packages:/opt/ros/jazzy/lib/python3.12/site-packages /usr/bin/cmake --build /home/carlos/ros2_ws/build/control -- -j16 -l16
[5.570s] DEBUG:colcon.colcon_core.event_handler.log_command:Invoking command in '/home/carlos/ros2_ws/build/control': CMAKE_PREFIX_PATH=/home/carlos/ros2_ws/install/px4_msgs:/home/carlos/ros2_ws/install/px4_ros_com:/home/carlos/ros2_ws/install/control:/opt/ros/jazzy/opt/gz_math_vendor:/opt/ros/jazzy/opt/gz_utils_vendor:/opt/ros/jazzy/opt/gz_cmake_vendor:/opt/ros/jazzy DEBUGINFOD_URLS=https://debuginfod.ubuntu.com LD_LIBRARY_PATH=/home/carlos/ros2_ws/install/px4_msgs/lib:/home/carlos/ros2_ws/install/px4_ros_com/lib:/opt/ros/jazzy/opt/zenoh_cpp_vendor/lib:/opt/ros/jazzy/opt/rviz_ogre_vendor/lib:/opt/ros/jazzy/lib/x86_64-linux-gnu:/opt/ros/jazzy/opt/gz_math_vendor/lib:/opt/ros/jazzy/opt/gz_utils_vendor/lib:/opt/ros/jazzy/opt/gz_cmake_vendor/lib:/opt/ros/jazzy/lib PYTHONPATH=/home/carlos/ros2_ws/install/px4_msgs/lib/python3.12/site-packages:/home/carlos/ros2_ws/install/px4_ros_com/lib/python3.12/site-packages:/opt/ros/jazzy/lib/python3.12/site-packages /usr/bin/cmake --install /home/carlos/ros2_ws/build/control
[5.597s] Level 1:colcon.colcon_core.environment:create_environment_scripts_only(control)
[5.597s] DEBUG:colcon.colcon_core.event_handler.log_command:Invoked command in '/home/carlos/ros2_ws/build/control' returned '0': CMAKE_PREFIX_PATH=/home/carlos/ros2_ws/install/px4_msgs:/home/carlos/ros2_ws/install/px4_ros_com:/home/carlos/ros2_ws/install/control:/opt/ros/jazzy/opt/gz_math_vendor:/opt/ros/jazzy/opt/gz_utils_vendor:/opt/ros/jazzy/opt/gz_cmake_vendor:/opt/ros/jazzy DEBUGINFOD_URLS=https://debuginfod.ubuntu.com LD_LIBRARY_PATH=/home/carlos/ros2_ws/install/px4_msgs/lib:/home/carlos/ros2_ws/install/px4_ros_com/lib:/opt/ros/jazzy/opt/zenoh_cpp_vendor/lib:/opt/ros/jazzy/opt/rviz_ogre_vendor/lib:/opt/ros/jazzy/lib/x86_64-linux-gnu:/opt/ros/jazzy/opt/gz_math_vendor/lib:/opt/ros/jazzy/opt/gz_utils_vendor/lib:/opt/ros/jazzy/opt/gz_cmake_vendor/lib:/opt/ros/jazzy/lib PYTHONPATH=/home/carlos/ros2_ws/install/px4_msgs/lib/python3.12/site-packages:/home/carlos/ros2_ws/install/px4_ros_com/lib/python3.12/site-packages:/opt/ros/jazzy/lib/python3.12/site-packages /usr/bin/cmake --install /home/carlos/ros2_ws/build/control
[5.598s] Level 1:colcon.colcon_core.environment:checking '/home/carlos/ros2_ws/install/control' for CMake module files
[5.599s] Level 1:colcon.colcon_core.environment:checking '/home/carlos/ros2_ws/install/control' for CMake config files
[5.600s] Level 1:colcon.colcon_core.shell:create_environment_hook('control', 'cmake_prefix_path')
[5.600s] INFO:colcon.colcon_core.shell:Creating environment hook '/home/carlos/ros2_ws/install/control/share/control/hook/cmake_prefix_path.ps1'
[5.600s] INFO:colcon.colcon_core.shell:Creating environment descriptor '/home/carlos/ros2_ws/install/control/share/control/hook/cmake_prefix_path.dsv'
[5.602s] INFO:colcon.colcon_core.shell:Creating environment hook '/home/carlos/ros2_ws/install/control/share/control/hook/cmake_prefix_path.sh'
[5.603s] Level 1:colcon.colcon_core.environment:checking '/home/carlos/ros2_ws/install/control/lib'
[5.603s] Level 1:colcon.colcon_core.environment:checking '/home/carlos/ros2_ws/install/control/bin'
[5.604s] Level 1:colcon.colcon_core.environment:checking '/home/carlos/ros2_ws/install/control/lib/pkgconfig/control.pc'
[5.604s] Level 1:colcon.colcon_core.environment:checking '/home/carlos/ros2_ws/install/control/lib/python3.12/site-packages'
[5.604s] Level 1:colcon.colcon_core.environment:checking '/home/carlos/ros2_ws/install/control/bin'
[5.605s] INFO:colcon.colcon_core.shell:Creating package script '/home/carlos/ros2_ws/install/control/share/control/package.ps1'
[5.605s] INFO:colcon.colcon_core.shell:Creating package descriptor '/home/carlos/ros2_ws/install/control/share/control/package.dsv'
[5.607s] INFO:colcon.colcon_core.shell:Creating package script '/home/carlos/ros2_ws/install/control/share/control/package.sh'
[5.608s] INFO:colcon.colcon_core.shell:Creating package script '/home/carlos/ros2_ws/install/control/share/control/package.bash'
[5.609s] INFO:colcon.colcon_core.shell:Creating package script '/home/carlos/ros2_ws/install/control/share/control/package.zsh'
[5.610s] Level 1:colcon.colcon_core.environment:create_file_with_runtime_dependencies(/home/carlos/ros2_ws/install/control/share/colcon-core/packages/control)
[5.615s] Level 1:colcon.colcon_core.environment:create_environment_scripts_only(control)
[5.616s] Level 1:colcon.colcon_core.environment:checking '/home/carlos/ros2_ws/install/control' for CMake module files
[5.617s] Level 1:colcon.colcon_core.environment:checking '/home/carlos/ros2_ws/install/control' for CMake config files
[5.617s] Level 1:colcon.colcon_core.shell:create_environment_hook('control', 'cmake_prefix_path')
[5.618s] INFO:colcon.colcon_core.shell:Creating environment hook '/home/carlos/ros2_ws/install/control/share/control/hook/cmake_prefix_path.ps1'
[5.618s] INFO:colcon.colcon_core.shell:Creating environment descriptor '/home/carlos/ros2_ws/install/control/share/control/hook/cmake_prefix_path.dsv'
[5.619s] INFO:colcon.colcon_core.shell:Creating environment hook '/home/carlos/ros2_ws/install/control/share/control/hook/cmake_prefix_path.sh'
[5.620s] Level 1:colcon.colcon_core.environment:checking '/home/carlos/ros2_ws/install/control/lib'
[5.620s] Level 1:colcon.colcon_core.environment:checking '/home/carlos/ros2_ws/install/control/bin'
[5.620s] Level 1:colcon.colcon_core.environment:checking '/home/carlos/ros2_ws/install/control/lib/pkgconfig/control.pc'
[5.620s] Level 1:colcon.colcon_core.environment:checking '/home/carlos/ros2_ws/install/control/lib/python3.12/site-packages'
[5.621s] Level 1:colcon.colcon_core.environment:checking '/home/carlos/ros2_ws/install/control/bin'
[5.621s] INFO:colcon.colcon_core.shell:Creating package script '/home/carlos/ros2_ws/install/control/share/control/package.ps1'
[5.622s] INFO:colcon.colcon_core.shell:Creating package descriptor '/home/carlos/ros2_ws/install/control/share/control/package.dsv'
[5.622s] INFO:colcon.colcon_core.shell:Creating package script '/home/carlos/ros2_ws/install/control/share/control/package.sh'
[5.623s] INFO:colcon.colcon_core.shell:Creating package script '/home/carlos/ros2_ws/install/control/share/control/package.bash'
[5.624s] INFO:colcon.colcon_core.shell:Creating package script '/home/carlos/ros2_ws/install/control/share/control/package.zsh'
[5.625s] Level 1:colcon.colcon_core.environment:create_file_with_runtime_dependencies(/home/carlos/ros2_ws/install/control/share/colcon-core/packages/control)
[6.022s] DEBUG:colcon.colcon_core.event_handler.log_command:Invoked command in '/home/carlos/ros2_ws/build/px4_ros_com' returned '0': CMAKE_PREFIX_PATH=/home/carlos/ros2_ws/install/px4_msgs:/home/carlos/ros2_ws/install/px4_ros_com:/home/carlos/ros2_ws/install/control:/opt/ros/jazzy/opt/gz_math_vendor:/opt/ros/jazzy/opt/gz_utils_vendor:/opt/ros/jazzy/opt/gz_cmake_vendor:/opt/ros/jazzy DEBUGINFOD_URLS=https://debuginfod.ubuntu.com LD_LIBRARY_PATH=/home/carlos/ros2_ws/install/px4_msgs/lib:/home/carlos/ros2_ws/install/px4_ros_com/lib:/opt/ros/jazzy/opt/zenoh_cpp_vendor/lib:/opt/ros/jazzy/opt/rviz_ogre_vendor/lib:/opt/ros/jazzy/lib/x86_64-linux-gnu:/opt/ros/jazzy/opt/gz_math_vendor/lib:/opt/ros/jazzy/opt/gz_utils_vendor/lib:/opt/ros/jazzy/opt/gz_cmake_vendor/lib:/opt/ros/jazzy/lib PYTHONPATH=/home/carlos/ros2_ws/install/px4_msgs/lib/python3.12/site-packages:/home/carlos/ros2_ws/install/px4_ros_com/lib/python3.12/site-packages:/opt/ros/jazzy/lib/python3.12/site-packages /usr/bin/cmake --build /home/carlos/ros2_ws/build/px4_ros_com -- -j16 -l16
[6.036s] DEBUG:colcon.colcon_core.event_handler.log_command:Invoking command in '/home/carlos/ros2_ws/build/px4_ros_com': CMAKE_PREFIX_PATH=/home/carlos/ros2_ws/install/px4_msgs:/home/carlos/ros2_ws/install/px4_ros_com:/home/carlos/ros2_ws/install/control:/opt/ros/jazzy/opt/gz_math_vendor:/opt/ros/jazzy/opt/gz_utils_vendor:/opt/ros/jazzy/opt/gz_cmake_vendor:/opt/ros/jazzy DEBUGINFOD_URLS=https://debuginfod.ubuntu.com LD_LIBRARY_PATH=/home/carlos/ros2_ws/install/px4_msgs/lib:/home/carlos/ros2_ws/install/px4_ros_com/lib:/opt/ros/jazzy/opt/zenoh_cpp_vendor/lib:/opt/ros/jazzy/opt/rviz_ogre_vendor/lib:/opt/ros/jazzy/lib/x86_64-linux-gnu:/opt/ros/jazzy/opt/gz_math_vendor/lib:/opt/ros/jazzy/opt/gz_utils_vendor/lib:/opt/ros/jazzy/opt/gz_cmake_vendor/lib:/opt/ros/jazzy/lib PYTHONPATH=/home/carlos/ros2_ws/install/px4_msgs/lib/python3.12/site-packages:/home/carlos/ros2_ws/install/px4_ros_com/lib/python3.12/site-packages:/opt/ros/jazzy/lib/python3.12/site-packages /usr/bin/cmake --install /home/carlos/ros2_ws/build/px4_ros_com
[6.120s] Level 1:colcon.colcon_core.environment:create_environment_scripts_only(px4_ros_com)
[6.120s] Level 1:colcon.colcon_core.environment:checking '/home/carlos/ros2_ws/install/px4_ros_com' for CMake module files
[6.120s] DEBUG:colcon.colcon_core.event_handler.log_command:Invoked command in '/home/carlos/ros2_ws/build/px4_ros_com' returned '0': CMAKE_PREFIX_PATH=/home/carlos/ros2_ws/install/px4_msgs:/home/carlos/ros2_ws/install/px4_ros_com:/home/carlos/ros2_ws/install/control:/opt/ros/jazzy/opt/gz_math_vendor:/opt/ros/jazzy/opt/gz_utils_vendor:/opt/ros/jazzy/opt/gz_cmake_vendor:/opt/ros/jazzy DEBUGINFOD_URLS=https://debuginfod.ubuntu.com LD_LIBRARY_PATH=/home/carlos/ros2_ws/install/px4_msgs/lib:/home/carlos/ros2_ws/install/px4_ros_com/lib:/opt/ros/jazzy/opt/zenoh_cpp_vendor/lib:/opt/ros/jazzy/opt/rviz_ogre_vendor/lib:/opt/ros/jazzy/lib/x86_64-linux-gnu:/opt/ros/jazzy/opt/gz_math_vendor/lib:/opt/ros/jazzy/opt/gz_utils_vendor/lib:/opt/ros/jazzy/opt/gz_cmake_vendor/lib:/opt/ros/jazzy/lib PYTHONPATH=/home/carlos/ros2_ws/install/px4_msgs/lib/python3.12/site-packages:/home/carlos/ros2_ws/install/px4_ros_com/lib/python3.12/site-packages:/opt/ros/jazzy/lib/python3.12/site-packages /usr/bin/cmake --install /home/carlos/ros2_ws/build/px4_ros_com
[6.121s] Level 1:colcon.colcon_core.environment:checking '/home/carlos/ros2_ws/install/px4_ros_com' for CMake config files
[6.121s] Level 1:colcon.colcon_core.shell:create_environment_hook('px4_ros_com', 'cmake_prefix_path')
[6.122s] INFO:colcon.colcon_core.shell:Creating environment hook '/home/carlos/ros2_ws/install/px4_ros_com/share/px4_ros_com/hook/cmake_prefix_path.ps1'
[6.122s] INFO:colcon.colcon_core.shell:Creating environment descriptor '/home/carlos/ros2_ws/install/px4_ros_com/share/px4_ros_com/hook/cmake_prefix_path.dsv'
[6.126s] INFO:colcon.colcon_core.shell:Creating environment hook '/home/carlos/ros2_ws/install/px4_ros_com/share/px4_ros_com/hook/cmake_prefix_path.sh'
[6.127s] Level 1:colcon.colcon_core.environment:checking '/home/carlos/ros2_ws/install/px4_ros_com/lib'
[6.127s] Level 1:colcon.colcon_core.shell:create_environment_hook('px4_ros_com', 'ld_library_path_lib')
[6.128s] INFO:colcon.colcon_core.shell:Creating environment hook '/home/carlos/ros2_ws/install/px4_ros_com/share/px4_ros_com/hook/ld_library_path_lib.ps1'
[6.128s] INFO:colcon.colcon_core.shell:Creating environment descriptor '/home/carlos/ros2_ws/install/px4_ros_com/share/px4_ros_com/hook/ld_library_path_lib.dsv'
[6.129s] INFO:colcon.colcon_core.shell:Creating environment hook '/home/carlos/ros2_ws/install/px4_ros_com/share/px4_ros_com/hook/ld_library_path_lib.sh'
[6.129s] Level 1:colcon.colcon_core.environment:checking '/home/carlos/ros2_ws/install/px4_ros_com/bin'
[6.129s] Level 1:colcon.colcon_core.environment:checking '/home/carlos/ros2_ws/install/px4_ros_com/lib/pkgconfig/px4_ros_com.pc'
[6.129s] Level 1:colcon.colcon_core.environment:checking '/home/carlos/ros2_ws/install/px4_ros_com/lib/python3.12/site-packages'
[6.130s] Level 1:colcon.colcon_core.shell:create_environment_hook('px4_ros_com', 'pythonpath')
[6.130s] INFO:colcon.colcon_core.shell:Creating environment hook '/home/carlos/ros2_ws/install/px4_ros_com/share/px4_ros_com/hook/pythonpath.ps1'
[6.130s] INFO:colcon.colcon_core.shell:Creating environment descriptor '/home/carlos/ros2_ws/install/px4_ros_com/share/px4_ros_com/hook/pythonpath.dsv'
[6.131s] INFO:colcon.colcon_core.shell:Creating environment hook '/home/carlos/ros2_ws/install/px4_ros_com/share/px4_ros_com/hook/pythonpath.sh'
[6.132s] Level 1:colcon.colcon_core.environment:checking '/home/carlos/ros2_ws/install/px4_ros_com/bin'
[6.132s] INFO:colcon.colcon_core.shell:Creating package script '/home/carlos/ros2_ws/install/px4_ros_com/share/px4_ros_com/package.ps1'
[6.132s] INFO:colcon.colcon_core.shell:Creating package descriptor '/home/carlos/ros2_ws/install/px4_ros_com/share/px4_ros_com/package.dsv'
[6.132s] INFO:colcon.colcon_core.shell:Creating package script '/home/carlos/ros2_ws/install/px4_ros_com/share/px4_ros_com/package.sh'
[6.133s] INFO:colcon.colcon_core.shell:Creating package script '/home/carlos/ros2_ws/install/px4_ros_com/share/px4_ros_com/package.bash'
[6.134s] INFO:colcon.colcon_core.shell:Creating package script '/home/carlos/ros2_ws/install/px4_ros_com/share/px4_ros_com/package.zsh'
[6.134s] Level 1:colcon.colcon_core.environment:create_file_with_runtime_dependencies(/home/carlos/ros2_ws/install/px4_ros_com/share/colcon-core/packages/px4_ros_com)
[6.135s] Level 1:colcon.colcon_core.environment:create_environment_scripts_only(px4_ros_com)
[6.135s] Level 1:colcon.colcon_core.environment:checking '/home/carlos/ros2_ws/install/px4_ros_com' for CMake module files
[6.136s] Level 1:colcon.colcon_core.environment:checking '/home/carlos/ros2_ws/install/px4_ros_com' for CMake config files
[6.136s] Level 1:colcon.colcon_core.shell:create_environment_hook('px4_ros_com', 'cmake_prefix_path')
[6.136s] INFO:colcon.colcon_core.shell:Creating environment hook '/home/carlos/ros2_ws/install/px4_ros_com/share/px4_ros_com/hook/cmake_prefix_path.ps1'
[6.136s] INFO:colcon.colcon_core.shell:Creating environment descriptor '/home/carlos/ros2_ws/install/px4_ros_com/share/px4_ros_com/hook/cmake_prefix_path.dsv'
[6.137s] INFO:colcon.colcon_core.shell:Creating environment hook '/home/carlos/ros2_ws/install/px4_ros_com/share/px4_ros_com/hook/cmake_prefix_path.sh'
[6.138s] Level 1:colcon.colcon_core.environment:checking '/home/carlos/ros2_ws/install/px4_ros_com/lib'
[6.138s] Level 1:colcon.colcon_core.shell:create_environment_hook('px4_ros_com', 'ld_library_path_lib')
[6.138s] INFO:colcon.colcon_core.shell:Creating environment hook '/home/carlos/ros2_ws/install/px4_ros_com/share/px4_ros_com/hook/ld_library_path_lib.ps1'
[6.138s] INFO:colcon.colcon_core.shell:Creating environment descriptor '/home/carlos/ros2_ws/install/px4_ros_com/share/px4_ros_com/hook/ld_library_path_lib.dsv'
[6.142s] INFO:colcon.colcon_core.shell:Creating environment hook '/home/carlos/ros2_ws/install/px4_ros_com/share/px4_ros_com/hook/ld_library_path_lib.sh'
[6.143s] Level 1:colcon.colcon_core.environment:checking '/home/carlos/ros2_ws/install/px4_ros_com/bin'
[6.143s] Level 1:colcon.colcon_core.environment:checking '/home/carlos/ros2_ws/install/px4_ros_com/lib/pkgconfig/px4_ros_com.pc'
[6.143s] Level 1:colcon.colcon_core.environment:checking '/home/carlos/ros2_ws/install/px4_ros_com/lib/python3.12/site-packages'
[6.143s] Level 1:colcon.colcon_core.shell:create_environment_hook('px4_ros_com', 'pythonpath')
[6.143s] INFO:colcon.colcon_core.shell:Creating environment hook '/home/carlos/ros2_ws/install/px4_ros_com/share/px4_ros_com/hook/pythonpath.ps1'
[6.143s] INFO:colcon.colcon_core.shell:Creating environment descriptor '/home/carlos/ros2_ws/install/px4_ros_com/share/px4_ros_com/hook/pythonpath.dsv'
[6.144s] INFO:colcon.colcon_core.shell:Creating environment hook '/home/carlos/ros2_ws/install/px4_ros_com/share/px4_ros_com/hook/pythonpath.sh'
[6.145s] Level 1:colcon.colcon_core.environment:checking '/home/carlos/ros2_ws/install/px4_ros_com/bin'
[6.145s] INFO:colcon.colcon_core.shell:Creating package script '/home/carlos/ros2_ws/install/px4_ros_com/share/px4_ros_com/package.ps1'
[6.146s] INFO:colcon.colcon_core.shell:Creating package descriptor '/home/carlos/ros2_ws/install/px4_ros_com/share/px4_ros_com/package.dsv'
[6.146s] INFO:colcon.colcon_core.shell:Creating package script '/home/carlos/ros2_ws/install/px4_ros_com/share/px4_ros_com/package.sh'
[6.147s] INFO:colcon.colcon_core.shell:Creating package script '/home/carlos/ros2_ws/install/px4_ros_com/share/px4_ros_com/package.bash'
[6.148s] INFO:colcon.colcon_core.shell:Creating package script '/home/carlos/ros2_ws/install/px4_ros_com/share/px4_ros_com/package.zsh'
[6.148s] Level 1:colcon.colcon_core.environment:create_file_with_runtime_dependencies(/home/carlos/ros2_ws/install/px4_ros_com/share/colcon-core/packages/px4_ros_com)
[6.149s] DEBUG:colcon.colcon_parallel_executor.executor.parallel:closing loop
[6.149s] DEBUG:colcon.colcon_parallel_executor.executor.parallel:loop closed
[6.149s] DEBUG:colcon.colcon_parallel_executor.executor.parallel:run_until_complete finished with '0'
[6.149s] DEBUG:colcon.colcon_core.event_reactor:joining thread
[6.156s] INFO:colcon.colcon_core.plugin_system:Skipping extension 'colcon_notification.desktop_notification.terminal_notifier': Not used on non-Darwin systems
[6.156s] INFO:colcon.colcon_core.plugin_system:Skipping extension 'colcon_notification.desktop_notification.win32': Not used on non-Windows systems
[6.156s] INFO:colcon.colcon_notification.desktop_notification:Sending desktop notification using 'notify2'
[6.175s] DEBUG:colcon.colcon_core.event_reactor:joined thread
[6.176s] INFO:colcon.colcon_core.shell:Creating prefix script '/home/carlos/ros2_ws/install/local_setup.ps1'
[6.180s] INFO:colcon.colcon_core.shell:Creating prefix util module '/home/carlos/ros2_ws/install/_local_setup_util_ps1.py'
[6.182s] INFO:colcon.colcon_core.shell:Creating prefix chain script '/home/carlos/ros2_ws/install/setup.ps1'
[6.183s] INFO:colcon.colcon_core.shell:Creating prefix script '/home/carlos/ros2_ws/install/local_setup.sh'
[6.185s] INFO:colcon.colcon_core.shell:Creating prefix util module '/home/carlos/ros2_ws/install/_local_setup_util_sh.py'
[6.185s] INFO:colcon.colcon_core.shell:Creating prefix chain script '/home/carlos/ros2_ws/install/setup.sh'
[6.187s] INFO:colcon.colcon_core.shell:Creating prefix script '/home/carlos/ros2_ws/install/local_setup.bash'
[6.189s] INFO:colcon.colcon_core.shell:Creating prefix chain script '/home/carlos/ros2_ws/install/setup.bash'
[6.190s] INFO:colcon.colcon_core.shell:Creating prefix script '/home/carlos/ros2_ws/install/local_setup.zsh'
[6.191s] INFO:colcon.colcon_core.shell:Creating prefix chain script '/home/carlos/ros2_ws/install/setup.zsh'
